ASxxxx Linker V03.00 + NoICE + sdld,  page 1.
Hexadecimal  [32-Bits]

Area                                    Addr        Size        Decimal Bytes (Attributes)
--------------------------------        ----        ----        ------- ----- ------------
CABS                                00000000    00000000 =           0. bytes (ABS,CON,CODE)

      Value  Global                              Global Defined In Module
      -----  --------------------------------   ------------------------
C:   00000000  l_BIT_BANK                      
C:   00000000  l_CABS                          
C:   00000000  l_GSINIT1                       
C:   00000000  l_GSINIT5                       
C:   00000000  l_IABS                          
C:   00000000  l_PSEG                          
C:   00000000  l_REG_BANK_1                    
C:   00000000  l_REG_BANK_2                    
C:   00000000  l_REG_BANK_3                    
C:   00000000  l_RSEG                          
C:   00000000  l_RSEG0                         
C:   00000000  l_RSEG1                         
C:   00000000  l_XABS                          
C:   00000000  l_XINIT                         
C:   00000000  l_XISEG                         
C:   00000000  l__CODE                         
C:   00000000  s_BSEG                          
C:   00000000  s_CABS                          
C:   00000000  s_DSEG                          
C:   00000000  s_HOME                          
C:   00000000  s_IABS                          
C:   00000000  s_REG_BANK_0                    
C:   00000000  s_RSEG                          
C:   00000000  s_RSEG0                         
C:   00000000  s_RSEG1                         
C:   00000000  s_XABS                          
C:   00000001  s_PSEG                          
C:   00000001  s_XSEG                          
C:   00000002  l_BSEG_BYTES                    
C:   00000003  l_GSFINAL                       
C:   00000003  l_GSINIT0                       
C:   00000006  l_ISEG                          
C:   00000006  l_OSEG                          
C:   00000008  l_REG_BANK_0                    
C:   00000008  s_REG_BANK_1                    
C:   0000000A  l_BSEG                          
C:   0000000A  l_GSINIT2                       
C:   00000010  l_GSINIT                        
C:   00000010  s_REG_BANK_2                    
C:   00000011  s_OSEG                          
C:   00000017  s_ISEG                          
C:   00000018  s_BIT_BANK                      
C:   00000018  s_REG_BANK_3                    
C:   00000020  s_BSEG_BYTES                    
C:   00000020  s__CODE                         
C:   00000022  l_GSINIT3                       
C:   0000002A  l_GSINIT4                       
C:   00000050  l_XSEG                          
C:   00000051  l_HOME                          
C:   00000051  s_GSINIT0                       
ASxxxx Linker V03.00 + NoICE + sdld,  page 2.
Hexadecimal  [32-Bits]

Area                                    Addr        Size        Decimal Bytes (Attributes)
--------------------------------        ----        ----        ------- ----- ------------
CABS                                00000000    00000000 =           0. bytes (ABS,CON,CODE)

      Value  Global                              Global Defined In Module
      -----  --------------------------------   ------------------------
C:   00000051  s_XISEG                         
C:   00000054  s_GSINIT1                       
C:   00000054  s_GSINIT2                       
C:   0000005E  s_GSINIT3                       
C:   00000072  s_SSEG                          
C:   0000007D  l_DSEG                          
C:   00000080  s_GSINIT4                       
C:   0000008E  l_SSEG                          
C:   000000AA  s_GSINIT                        
C:   000000AA  s_GSINIT5                       
C:   000000BA  s_GSFINAL                       
C:   000000BD  s_CSEG                          
C:   00000100  l_IRAM                          
C:   00000127  l_CONST                         
C:   00001273  l_CSEG                          
C:   00001330  s_CONST                         
C:   00001457  s_XINIT                         

ASxxxx Linker V03.00 + NoICE + sdld,  page 3.
Hexadecimal  [32-Bits]

Area                                    Addr        Size        Decimal Bytes (Attributes)
--------------------------------        ----        ----        ------- ----- ------------
.  .ABS.                            00000000    00000000 =           0. bytes (ABS,CON)

      Value  Global                              Global Defined In Module
      -----  --------------------------------   ------------------------
     00000000  .__.ABS.                           _startup
     00000080  G$P0$0$0                           Lab5
     00000080  G$P0_0$0$0                         Lab5
     00000080  _P0                                Lab5
     00000080  _P0_0                              Lab5
     00000081  G$P0_1$0$0                         Lab5
     00000081  G$SP$0$0                           Lab5
     00000081  _P0_1                              Lab5
     00000081  _SP                                Lab5
     00000082  G$DPL$0$0                          Lab5
     00000082  G$P0_2$0$0                         Lab5
     00000082  _DPL                               Lab5
     00000082  _P0_2                              Lab5
     00000083  G$BUS_SCL$0$0                      Lab5
     00000083  G$DPH$0$0                          Lab5
     00000083  G$P0_3$0$0                         Lab5
     00000083  _BUS_SCL                           Lab5
     00000083  _DPH                               Lab5
     00000083  _P0_3                              Lab5
     00000084  G$P0_4$0$0                         Lab5
     00000084  G$P4$0$0                           Lab5
     00000084  _P0_4                              Lab5
     00000084  _P4                                Lab5
     00000085  G$P0_5$0$0                         Lab5
     00000085  G$P5$0$0                           Lab5
     00000085  _P0_5                              Lab5
     00000085  _P5                                Lab5
     00000086  G$P0_6$0$0                         Lab5
     00000086  G$P6$0$0                           Lab5
     00000086  _P0_6                              Lab5
     00000086  _P6                                Lab5
     00000087  G$P0_7$0$0                         Lab5
     00000087  G$PCON$0$0                         Lab5
     00000087  _P0_7                              Lab5
     00000087  _PCON                              Lab5
     00000088  G$IT0$0$0                          Lab5
     00000088  G$TCON$0$0                         Lab5
     00000088  _IT0                               Lab5
     00000088  _TCON                              Lab5
     00000089  G$IE0$0$0                          Lab5
     00000089  G$TMOD$0$0                         Lab5
     00000089  _IE0                               Lab5
     00000089  _TMOD                              Lab5
     0000008A  G$IT1$0$0                          Lab5
     0000008A  G$TL0$0$0                          Lab5
     0000008A  _IT1                               Lab5
     0000008A  _TL0                               Lab5
     0000008B  G$IE1$0$0                          Lab5
     0000008B  G$TL1$0$0                          Lab5
     0000008B  _IE1                               Lab5
ASxxxx Linker V03.00 + NoICE + sdld,  page 4.
Hexadecimal  [32-Bits]

Area                                    Addr        Size        Decimal Bytes (Attributes)
--------------------------------        ----        ----        ------- ----- ------------
.  .ABS.                            00000000    00000000 =           0. bytes (ABS,CON)

      Value  Global                              Global Defined In Module
      -----  --------------------------------   ------------------------
     0000008B  _TL1                               Lab5
     0000008C  G$TH0$0$0                          Lab5
     0000008C  G$TR0$0$0                          Lab5
     0000008C  _TH0                               Lab5
     0000008C  _TR0                               Lab5
     0000008D  G$TF0$0$0                          Lab5
     0000008D  G$TH1$0$0                          Lab5
     0000008D  _TF0                               Lab5
     0000008D  _TH1                               Lab5
     0000008E  G$CKCON$0$0                        Lab5
     0000008E  G$TR1$0$0                          Lab5
     0000008E  _CKCON                             Lab5
     0000008E  _TR1                               Lab5
     0000008F  G$PSCTL$0$0                        Lab5
     0000008F  G$TF1$0$0                          Lab5
     0000008F  _PSCTL                             Lab5
     0000008F  _TF1                               Lab5
     00000090  G$P1$0$0                           Lab5
     00000090  G$P1_0$0$0                         Lab5
     00000090  _P1                                Lab5
     00000090  _P1_0                              Lab5
     00000091  G$P1_1$0$0                         Lab5
     00000091  G$TMR3CN$0$0                       Lab5
     00000091  _P1_1                              Lab5
     00000091  _TMR3CN                            Lab5
     00000092  G$P1_2$0$0                         Lab5
     00000092  G$TMR3RLL$0$0                      Lab5
     00000092  _P1_2                              Lab5
     00000092  _TMR3RLL                           Lab5
     00000093  G$P1_3$0$0                         Lab5
     00000093  G$TMR3RLH$0$0                      Lab5
     00000093  _P1_3                              Lab5
     00000093  _TMR3RLH                           Lab5
     00000094  G$P1_4$0$0                         Lab5
     00000094  G$TMR3L$0$0                        Lab5
     00000094  _P1_4                              Lab5
     00000094  _TMR3L                             Lab5
     00000095  G$P1_5$0$0                         Lab5
     00000095  G$TMR3H$0$0                        Lab5
     00000095  _P1_5                              Lab5
     00000095  _TMR3H                             Lab5
     00000096  G$P1_6$0$0                         Lab5
     00000096  G$P7$0$0                           Lab5
     00000096  _P1_6                              Lab5
     00000096  _P7                                Lab5
     00000097  G$P1_7$0$0                         Lab5
     00000097  _P1_7                              Lab5
     00000098  G$RI$0$0                           Lab5
     00000098  G$RI0$0$0                          Lab5
     00000098  G$SCON$0$0                         Lab5
     00000098  G$SCON0$0$0                        Lab5
ASxxxx Linker V03.00 + NoICE + sdld,  page 5.
Hexadecimal  [32-Bits]

Area                                    Addr        Size        Decimal Bytes (Attributes)
--------------------------------        ----        ----        ------- ----- ------------
.  .ABS.                            00000000    00000000 =           0. bytes (ABS,CON)

      Value  Global                              Global Defined In Module
      -----  --------------------------------   ------------------------
     00000098  _RI                                Lab5
     00000098  _RI0                               Lab5
     00000098  _SCON                              Lab5
     00000098  _SCON0                             Lab5
     00000099  G$SBUF$0$0                         Lab5
     00000099  G$SBUF0$0$0                        Lab5
     00000099  G$TI$0$0                           Lab5
     00000099  G$TI0$0$0                          Lab5
     00000099  _SBUF                              Lab5
     00000099  _SBUF0                             Lab5
     00000099  _TI                                Lab5
     00000099  _TI0                               Lab5
     0000009A  G$RB8$0$0                          Lab5
     0000009A  G$RB80$0$0                         Lab5
     0000009A  G$SPI0CFG$0$0                      Lab5
     0000009A  _RB8                               Lab5
     0000009A  _RB80                              Lab5
     0000009A  _SPI0CFG                           Lab5
     0000009B  G$SPI0DAT$0$0                      Lab5
     0000009B  G$TB8$0$0                          Lab5
     0000009B  G$TB80$0$0                         Lab5
     0000009B  _SPI0DAT                           Lab5
     0000009B  _TB8                               Lab5
     0000009B  _TB80                              Lab5
     0000009C  G$ADC1$0$0                         Lab5
     0000009C  G$REN$0$0                          Lab5
     0000009C  G$REN0$0$0                         Lab5
     0000009C  _ADC1                              Lab5
     0000009C  _REN                               Lab5
     0000009C  _REN0                              Lab5
     0000009D  G$MCE0$0$0                         Lab5
     0000009D  G$SM2$0$0                          Lab5
     0000009D  G$SM20$0$0                         Lab5
     0000009D  G$SPI0CKR$0$0                      Lab5
     0000009D  _MCE0                              Lab5
     0000009D  _SM2                               Lab5
     0000009D  _SM20                              Lab5
     0000009D  _SPI0CKR                           Lab5
     0000009E  G$CPT0CN$0$0                       Lab5
     0000009E  G$SM1$0$0                          Lab5
     0000009E  G$SM10$0$0                         Lab5
     0000009E  _CPT0CN                            Lab5
     0000009E  _SM1                               Lab5
     0000009E  _SM10                              Lab5
     0000009F  G$CPT1CN$0$0                       Lab5
     0000009F  G$S0MODE$0$0                       Lab5
     0000009F  G$SM0$0$0                          Lab5
     0000009F  G$SM00$0$0                         Lab5
     0000009F  _CPT1CN                            Lab5
     0000009F  _S0MODE                            Lab5
     0000009F  _SM0                               Lab5
ASxxxx Linker V03.00 + NoICE + sdld,  page 6.
Hexadecimal  [32-Bits]

Area                                    Addr        Size        Decimal Bytes (Attributes)
--------------------------------        ----        ----        ------- ----- ------------
.  .ABS.                            00000000    00000000 =           0. bytes (ABS,CON)

      Value  Global                              Global Defined In Module
      -----  --------------------------------   ------------------------
     0000009F  _SM00                              Lab5
     000000A0  G$P2$0$0                           Lab5
     000000A0  G$P2_0$0$0                         Lab5
     000000A0  _P2                                Lab5
     000000A0  _P2_0                              Lab5
     000000A1  G$EMI0TC$0$0                       Lab5
     000000A1  G$P2_1$0$0                         Lab5
     000000A1  _EMI0TC                            Lab5
     000000A1  _P2_1                              Lab5
     000000A2  G$P2_2$0$0                         Lab5
     000000A2  _P2_2                              Lab5
     000000A3  G$EMI0CF$0$0                       Lab5
     000000A3  G$P2_3$0$0                         Lab5
     000000A3  G$run$0$0                          Lab5
     000000A3  _EMI0CF                            Lab5
     000000A3  _P2_3                              Lab5
     000000A3  _run                               Lab5
     000000A4  G$P0MDOUT$0$0                      Lab5
     000000A4  G$P2_4$0$0                         Lab5
     000000A4  G$PRT0CF$0$0                       Lab5
     000000A4  _P0MDOUT                           Lab5
     000000A4  _P2_4                              Lab5
     000000A4  _PRT0CF                            Lab5
     000000A5  G$P1MDOUT$0$0                      Lab5
     000000A5  G$P2_5$0$0                         Lab5
     000000A5  G$PRT1CF$0$0                       Lab5
     000000A5  _P1MDOUT                           Lab5
     000000A5  _P2_5                              Lab5
     000000A5  _PRT1CF                            Lab5
     000000A6  G$P2MDOUT$0$0                      Lab5
     000000A6  G$P2_6$0$0                         Lab5
     000000A6  G$PRT2CF$0$0                       Lab5
     000000A6  _P2MDOUT                           Lab5
     000000A6  _P2_6                              Lab5
     000000A6  _PRT2CF                            Lab5
     000000A7  G$P2_7$0$0                         Lab5
     000000A7  G$P3MDOUT$0$0                      Lab5
     000000A7  G$PRT3CF$0$0                       Lab5
     000000A7  _P2_7                              Lab5
     000000A7  _P3MDOUT                           Lab5
     000000A7  _PRT3CF                            Lab5
     000000A8  G$EX0$0$0                          Lab5
     000000A8  G$IE$0$0                           Lab5
     000000A8  _EX0                               Lab5
     000000A8  _IE                                Lab5
     000000A9  G$ET0$0$0                          Lab5
     000000A9  G$SADDR0$0$0                       Lab5
     000000A9  _ET0                               Lab5
     000000A9  _SADDR0                            Lab5
     000000AA  G$ADC1CN$0$0                       Lab5
     000000AA  G$EX1$0$0                          Lab5
ASxxxx Linker V03.00 + NoICE + sdld,  page 7.
Hexadecimal  [32-Bits]

Area                                    Addr        Size        Decimal Bytes (Attributes)
--------------------------------        ----        ----        ------- ----- ------------
.  .ABS.                            00000000    00000000 =           0. bytes (ABS,CON)

      Value  Global                              Global Defined In Module
      -----  --------------------------------   ------------------------
     000000AA  _ADC1CN                            Lab5
     000000AA  _EX1                               Lab5
     000000AB  G$ADC1CF$0$0                       Lab5
     000000AB  G$ET1$0$0                          Lab5
     000000AB  _ADC1CF                            Lab5
     000000AB  _ET1                               Lab5
     000000AC  G$AMX1SL$0$0                       Lab5
     000000AC  G$ES$0$0                           Lab5
     000000AC  G$ES0$0$0                          Lab5
     000000AC  _AMX1SL                            Lab5
     000000AC  _ES                                Lab5
     000000AC  _ES0                               Lab5
     000000AD  G$ET2$0$0                          Lab5
     000000AD  G$P3IF$0$0                         Lab5
     000000AD  _ET2                               Lab5
     000000AD  _P3IF                              Lab5
     000000AE  G$SADEN1$0$0                       Lab5
     000000AE  _SADEN1                            Lab5
     000000AF  G$EA$0$0                           Lab5
     000000AF  G$EMI0CN$0$0                       Lab5
     000000AF  G$_XPAGE$0$0                       Lab5
     000000AF  _EA                                Lab5
     000000AF  _EMI0CN                            Lab5
     000000AF  __XPAGE                            Lab5
     000000B0  G$P3$0$0                           Lab5
     000000B0  G$P3_0$0$0                         Lab5
     000000B0  _P3                                Lab5
     000000B0  _P3_0                              Lab5
     000000B1  G$OSCXCN$0$0                       Lab5
     000000B1  G$P3_1$0$0                         Lab5
     000000B1  _OSCXCN                            Lab5
     000000B1  _P3_1                              Lab5
     000000B2  G$OSCICN$0$0                       Lab5
     000000B2  G$P3_2$0$0                         Lab5
     000000B2  _OSCICN                            Lab5
     000000B2  _P3_2                              Lab5
     000000B3  G$P3_3$0$0                         Lab5
     000000B3  _P3_3                              Lab5
     000000B4  G$P3_4$0$0                         Lab5
     000000B4  _P3_4                              Lab5
     000000B5  G$P3_5$0$0                         Lab5
     000000B5  G$P74OUT$0$0                       Lab5
     000000B5  _P3_5                              Lab5
     000000B5  _P74OUT                            Lab5
     000000B6  G$FLSCL$0$0                        Lab5
     000000B6  G$P3_6$0$0                         Lab5
     000000B6  _FLSCL                             Lab5
     000000B6  _P3_6                              Lab5
     000000B7  G$FLACL$0$0                        Lab5
     000000B7  G$P3_7$0$0                         Lab5
     000000B7  _FLACL                             Lab5
ASxxxx Linker V03.00 + NoICE + sdld,  page 8.
Hexadecimal  [32-Bits]

Area                                    Addr        Size        Decimal Bytes (Attributes)
--------------------------------        ----        ----        ------- ----- ------------
.  .ABS.                            00000000    00000000 =           0. bytes (ABS,CON)

      Value  Global                              Global Defined In Module
      -----  --------------------------------   ------------------------
     000000B7  _P3_7                              Lab5
     000000B8  G$IP$0$0                           Lab5
     000000B8  G$PX0$0$0                          Lab5
     000000B8  _IP                                Lab5
     000000B8  _PX0                               Lab5
     000000B9  G$PT0$0$0                          Lab5
     000000B9  G$SADEN0$0$0                       Lab5
     000000B9  _PT0                               Lab5
     000000B9  _SADEN0                            Lab5
     000000BA  G$AMX0CF$0$0                       Lab5
     000000BA  G$PX1$0$0                          Lab5
     000000BA  _AMX0CF                            Lab5
     000000BA  _PX1                               Lab5
     000000BB  G$AMX0SL$0$0                       Lab5
     000000BB  G$PT1$0$0                          Lab5
     000000BB  _AMX0SL                            Lab5
     000000BB  _PT1                               Lab5
     000000BC  G$ADC0CF$0$0                       Lab5
     000000BC  G$PS$0$0                           Lab5
     000000BC  G$PS0$0$0                          Lab5
     000000BC  _ADC0CF                            Lab5
     000000BC  _PS                                Lab5
     000000BC  _PS0                               Lab5
     000000BD  G$P1MDIN$0$0                       Lab5
     000000BD  G$PT2$0$0                          Lab5
     000000BD  _P1MDIN                            Lab5
     000000BD  _PT2                               Lab5
     000000BE  G$ADC0L$0$0                        Lab5
     000000BE  _ADC0L                             Lab5
     000000BF  G$ADC0H$0$0                        Lab5
     000000BF  _ADC0H                             Lab5
     000000C0  G$BUS_TOE$0$0                      Lab5
     000000C0  G$SMB0CN$0$0                       Lab5
     000000C0  G$SMBTOE$0$0                       Lab5
     000000C0  _BUS_TOE                           Lab5
     000000C0  _SMB0CN                            Lab5
     000000C0  _SMBTOE                            Lab5
     000000C1  G$BUS_FTE$0$0                      Lab5
     000000C1  G$SMB0STA$0$0                      Lab5
     000000C1  G$SMBFTE$0$0                       Lab5
     000000C1  _BUS_FTE                           Lab5
     000000C1  _SMB0STA                           Lab5
     000000C1  _SMBFTE                            Lab5
     000000C2  G$AA$0$0                           Lab5
     000000C2  G$BUS_AA$0$0                       Lab5
     000000C2  G$SMB0DAT$0$0                      Lab5
     000000C2  _AA                                Lab5
     000000C2  _BUS_AA                            Lab5
     000000C2  _SMB0DAT                           Lab5
     000000C3  G$BUS_INT$0$0                      Lab5
     000000C3  G$SI$0$0                           Lab5
ASxxxx Linker V03.00 + NoICE + sdld,  page 9.
Hexadecimal  [32-Bits]

Area                                    Addr        Size        Decimal Bytes (Attributes)
--------------------------------        ----        ----        ------- ----- ------------
.  .ABS.                            00000000    00000000 =           0. bytes (ABS,CON)

      Value  Global                              Global Defined In Module
      -----  --------------------------------   ------------------------
     000000C3  G$SMB0ADR$0$0                      Lab5
     000000C3  _BUS_INT                           Lab5
     000000C3  _SI                                Lab5
     000000C3  _SMB0ADR                           Lab5
     000000C4  G$ADC0GTL$0$0                      Lab5
     000000C4  G$BUS_STOP$0$0                     Lab5
     000000C4  G$STO$0$0                          Lab5
     000000C4  _ADC0GTL                           Lab5
     000000C4  _BUS_STOP                          Lab5
     000000C4  _STO                               Lab5
     000000C5  G$ADC0GTH$0$0                      Lab5
     000000C5  G$BUS_START$0$0                    Lab5
     000000C5  G$STA$0$0                          Lab5
     000000C5  _ADC0GTH                           Lab5
     000000C5  _BUS_START                         Lab5
     000000C5  _STA                               Lab5
     000000C6  G$ADC0LTL$0$0                      Lab5
     000000C6  G$BUS_EN$0$0                       Lab5
     000000C6  G$ENSMB$0$0                        Lab5
     000000C6  _ADC0LTL                           Lab5
     000000C6  _BUS_EN                            Lab5
     000000C6  _ENSMB                             Lab5
     000000C7  G$ADC0LTH$0$0                      Lab5
     000000C7  G$BUSY$0$0                         Lab5
     000000C7  G$BUS_BUSY$0$0                     Lab5
     000000C7  _ADC0LTH                           Lab5
     000000C7  _BUSY                              Lab5
     000000C7  _BUS_BUSY                          Lab5
     000000C8  G$CPRL2$0$0                        Lab5
     000000C8  G$T2CON$0$0                        Lab5
     000000C8  _CPRL2                             Lab5
     000000C8  _T2CON                             Lab5
     000000C9  G$CT2$0$0                          Lab5
     000000C9  G$T4CON$0$0                        Lab5
     000000C9  _CT2                               Lab5
     000000C9  _T4CON                             Lab5
     000000CA  G$RCAP2L$0$0                       Lab5
     000000CA  G$TR2$0$0                          Lab5
     000000CA  _RCAP2L                            Lab5
     000000CA  _TR2                               Lab5
     000000CB  G$EXEN2$0$0                        Lab5
     000000CB  G$RCAP2H$0$0                       Lab5
     000000CB  _EXEN2                             Lab5
     000000CB  _RCAP2H                            Lab5
     000000CC  G$TCLK$0$0                         Lab5
     000000CC  G$TL2$0$0                          Lab5
     000000CC  _TCLK                              Lab5
     000000CC  _TL2                               Lab5
     000000CD  G$RCLK$0$0                         Lab5
     000000CD  G$TH2$0$0                          Lab5
     000000CD  _RCLK                              Lab5
ASxxxx Linker V03.00 + NoICE + sdld,  page 10.
Hexadecimal  [32-Bits]

Area                                    Addr        Size        Decimal Bytes (Attributes)
--------------------------------        ----        ----        ------- ----- ------------
.  .ABS.                            00000000    00000000 =           0. bytes (ABS,CON)

      Value  Global                              Global Defined In Module
      -----  --------------------------------   ------------------------
     000000CD  _TH2                               Lab5
     000000CE  G$EXF2$0$0                         Lab5
     000000CE  _EXF2                              Lab5
     000000CF  G$SMB0CR$0$0                       Lab5
     000000CF  G$TF2$0$0                          Lab5
     000000CF  _SMB0CR                            Lab5
     000000CF  _TF2                               Lab5
     000000D0  G$P$0$0                            Lab5
     000000D0  G$PSW$0$0                          Lab5
     000000D0  _P                                 Lab5
     000000D0  _PSW                               Lab5
     000000D1  G$F1$0$0                           Lab5
     000000D1  G$REF0CN$0$0                       Lab5
     000000D1  _F1                                Lab5
     000000D1  _REF0CN                            Lab5
     000000D2  G$DAC0L$0$0                        Lab5
     000000D2  G$OV$0$0                           Lab5
     000000D2  _DAC0L                             Lab5
     000000D2  _OV                                Lab5
     000000D3  G$DAC0H$0$0                        Lab5
     000000D3  G$RS0$0$0                          Lab5
     000000D3  _DAC0H                             Lab5
     000000D3  _RS0                               Lab5
     000000D4  G$DAC0CN$0$0                       Lab5
     000000D4  G$RS1$0$0                          Lab5
     000000D4  _DAC0CN                            Lab5
     000000D4  _RS1                               Lab5
     000000D5  G$DAC1L$0$0                        Lab5
     000000D5  G$F0$0$0                           Lab5
     000000D5  _DAC1L                             Lab5
     000000D5  _F0                                Lab5
     000000D6  G$AC$0$0                           Lab5
     000000D6  G$DAC1H$0$0                        Lab5
     000000D6  _AC                                Lab5
     000000D6  _DAC1H                             Lab5
     000000D7  G$CY$0$0                           Lab5
     000000D7  G$DAC1CN$0$0                       Lab5
     000000D7  _CY                                Lab5
     000000D7  _DAC1CN                            Lab5
     000000D8  G$CCF0$0$0                         Lab5
     000000D8  G$PCA0CN$0$0                       Lab5
     000000D8  _CCF0                              Lab5
     000000D8  _PCA0CN                            Lab5
     000000D9  G$CCF1$0$0                         Lab5
     000000D9  G$PCA0MD$0$0                       Lab5
     000000D9  _CCF1                              Lab5
     000000D9  _PCA0MD                            Lab5
     000000DA  G$CCF2$0$0                         Lab5
     000000DA  G$PCA0CPM0$0$0                     Lab5
     000000DA  _CCF2                              Lab5
     000000DA  _PCA0CPM0                          Lab5
ASxxxx Linker V03.00 + NoICE + sdld,  page 11.
Hexadecimal  [32-Bits]

Area                                    Addr        Size        Decimal Bytes (Attributes)
--------------------------------        ----        ----        ------- ----- ------------
.  .ABS.                            00000000    00000000 =           0. bytes (ABS,CON)

      Value  Global                              Global Defined In Module
      -----  --------------------------------   ------------------------
     000000DB  G$CCF3$0$0                         Lab5
     000000DB  G$PCA0CPM1$0$0                     Lab5
     000000DB  _CCF3                              Lab5
     000000DB  _PCA0CPM1                          Lab5
     000000DC  G$CCF4$0$0                         Lab5
     000000DC  G$PCA0CPM2$0$0                     Lab5
     000000DC  _CCF4                              Lab5
     000000DC  _PCA0CPM2                          Lab5
     000000DD  G$PCA0CPM3$0$0                     Lab5
     000000DD  _PCA0CPM3                          Lab5
     000000DE  G$CR$0$0                           Lab5
     000000DE  G$PCA0CPM4$0$0                     Lab5
     000000DE  _CR                                Lab5
     000000DE  _PCA0CPM4                          Lab5
     000000DF  G$CF$0$0                           Lab5
     000000DF  _CF                                Lab5
     000000E0  G$ACC$0$0                          Lab5
     000000E0  _ACC                               Lab5
     000000E1  G$XBR0$0$0                         Lab5
     000000E1  _XBR0                              Lab5
     000000E2  G$XBR1$0$0                         Lab5
     000000E2  _XBR1                              Lab5
     000000E3  G$XBR2$0$0                         Lab5
     000000E3  _XBR2                              Lab5
     000000E4  G$RCAP4L$0$0                       Lab5
     000000E4  _RCAP4L                            Lab5
     000000E5  G$RCAP4H$0$0                       Lab5
     000000E5  _RCAP4H                            Lab5
     000000E6  G$EIE1$0$0                         Lab5
     000000E6  _EIE1                              Lab5
     000000E7  G$EIE2$0$0                         Lab5
     000000E7  _EIE2                              Lab5
     000000E8  G$AD0LJST$0$0                      Lab5
     000000E8  G$ADC0CN$0$0                       Lab5
     000000E8  G$ADLJST$0$0                       Lab5
     000000E8  _AD0LJST                           Lab5
     000000E8  _ADC0CN                            Lab5
     000000E8  _ADLJST                            Lab5
     000000E9  G$AD0WINT$0$0                      Lab5
     000000E9  G$ADWINT$0$0                       Lab5
     000000E9  G$PCA0L$0$0                        Lab5
     000000E9  _AD0WINT                           Lab5
     000000E9  _ADWINT                            Lab5
     000000E9  _PCA0L                             Lab5
     000000EA  G$AD0CM0$0$0                       Lab5
     000000EA  G$ADSTM0$0$0                       Lab5
     000000EA  G$PCA0CPL0$0$0                     Lab5
     000000EA  _AD0CM0                            Lab5
     000000EA  _ADSTM0                            Lab5
     000000EA  _PCA0CPL0                          Lab5
     000000EB  G$AD0CM1$0$0                       Lab5
ASxxxx Linker V03.00 + NoICE + sdld,  page 12.
Hexadecimal  [32-Bits]

Area                                    Addr        Size        Decimal Bytes (Attributes)
--------------------------------        ----        ----        ------- ----- ------------
.  .ABS.                            00000000    00000000 =           0. bytes (ABS,CON)

      Value  Global                              Global Defined In Module
      -----  --------------------------------   ------------------------
     000000EB  G$ADSTM1$0$0                       Lab5
     000000EB  G$PCA0CPL1$0$0                     Lab5
     000000EB  _AD0CM1                            Lab5
     000000EB  _ADSTM1                            Lab5
     000000EB  _PCA0CPL1                          Lab5
     000000EC  G$AD0BUSY$0$0                      Lab5
     000000EC  G$ADBUSY$0$0                       Lab5
     000000EC  G$PCA0CPL2$0$0                     Lab5
     000000EC  _AD0BUSY                           Lab5
     000000EC  _ADBUSY                            Lab5
     000000EC  _PCA0CPL2                          Lab5
     000000ED  G$AD0INT$0$0                       Lab5
     000000ED  G$ADCINT$0$0                       Lab5
     000000ED  G$PCA0CPL3$0$0                     Lab5
     000000ED  _AD0INT                            Lab5
     000000ED  _ADCINT                            Lab5
     000000ED  _PCA0CPL3                          Lab5
     000000EE  G$AD0TM$0$0                        Lab5
     000000EE  G$ADCTM$0$0                        Lab5
     000000EE  G$PCA0CPL4$0$0                     Lab5
     000000EE  _AD0TM                             Lab5
     000000EE  _ADCTM                             Lab5
     000000EE  _PCA0CPL4                          Lab5
     000000EF  G$AD0EN$0$0                        Lab5
     000000EF  G$ADCEN$0$0                        Lab5
     000000EF  G$RSTSRC$0$0                       Lab5
     000000EF  _AD0EN                             Lab5
     000000EF  _ADCEN                             Lab5
     000000EF  _RSTSRC                            Lab5
     000000F0  G$B$0$0                            Lab5
     000000F0  _B                                 Lab5
     000000F1  G$SCON1$0$0                        Lab5
     000000F1  _SCON1                             Lab5
     000000F2  G$SBUF1$0$0                        Lab5
     000000F2  _SBUF1                             Lab5
     000000F3  G$SADDR1$0$0                       Lab5
     000000F3  _SADDR1                            Lab5
     000000F4  G$TL4$0$0                          Lab5
     000000F4  _TL4                               Lab5
     000000F5  G$TH4$0$0                          Lab5
     000000F5  _B_5                               _gptrget
     000000F5  _TH4                               Lab5
     000000F6  G$EIP1$0$0                         Lab5
     000000F6  _B_6                               _gptrget
     000000F6  _EIP1                              Lab5
     000000F7  G$EIP2$0$0                         Lab5
     000000F7  _B_7                               _gptrget
     000000F7  _EIP2                              Lab5
     000000F8  G$SPI0CN$0$0                       Lab5
     000000F8  G$SPIEN$0$0                        Lab5
     000000F8  _SPI0CN                            Lab5
ASxxxx Linker V03.00 + NoICE + sdld,  page 13.
Hexadecimal  [32-Bits]

Area                                    Addr        Size        Decimal Bytes (Attributes)
--------------------------------        ----        ----        ------- ----- ------------
.  .ABS.                            00000000    00000000 =           0. bytes (ABS,CON)

      Value  Global                              Global Defined In Module
      -----  --------------------------------   ------------------------
     000000F8  _SPIEN                             Lab5
     000000F9  G$MSTEN$0$0                        Lab5
     000000F9  G$PCA0H$0$0                        Lab5
     000000F9  _MSTEN                             Lab5
     000000F9  _PCA0H                             Lab5
     000000FA  G$PCA0CPH0$0$0                     Lab5
     000000FA  G$SLVSEL$0$0                       Lab5
     000000FA  _PCA0CPH0                          Lab5
     000000FA  _SLVSEL                            Lab5
     000000FB  G$PCA0CPH1$0$0                     Lab5
     000000FB  G$TXBSY$0$0                        Lab5
     000000FB  _PCA0CPH1                          Lab5
     000000FB  _TXBSY                             Lab5
     000000FC  G$PCA0CPH2$0$0                     Lab5
     000000FC  G$RXOVRN$0$0                       Lab5
     000000FC  _PCA0CPH2                          Lab5
     000000FC  _RXOVRN                            Lab5
     000000FD  G$MODF$0$0                         Lab5
     000000FD  G$PCA0CPH3$0$0                     Lab5
     000000FD  _MODF                              Lab5
     000000FD  _PCA0CPH3                          Lab5
     000000FE  G$PCA0CPH4$0$0                     Lab5
     000000FE  G$WCOL$0$0                         Lab5
     000000FE  _PCA0CPH4                          Lab5
     000000FE  _WCOL                              Lab5
     000000FF  G$SPIF$0$0                         Lab5
     000000FF  G$WDTCN$0$0                        Lab5
     000000FF  _SPIF                              Lab5
     000000FF  _WDTCN                             Lab5
     00008C8A  G$TMR0$0$0                         Lab5
     00008C8A  _TMR0                              Lab5
     00008D8B  G$TMR1$0$0                         Lab5
     00008D8B  _TMR1                              Lab5
     00009392  G$TMR3RL$0$0                       Lab5
     00009392  _TMR3RL                            Lab5
     00009594  G$TMR3$0$0                         Lab5
     00009594  _TMR3                              Lab5
     0000BFBE  G$ADC0$0$0                         Lab5
     0000BFBE  _ADC0                              Lab5
     0000C5C4  G$ADC0GT$0$0                       Lab5
     0000C5C4  _ADC0GT                            Lab5
     0000C7C6  G$ADC0LT$0$0                       Lab5
     0000C7C6  _ADC0LT                            Lab5
     0000CBCA  G$RCAP2$0$0                        Lab5
     0000CBCA  _RCAP2                             Lab5
     0000CDCC  G$TMR2$0$0                         Lab5
     0000CDCC  _TMR2                              Lab5
     0000D3D2  G$DAC0$0$0                         Lab5
     0000D3D2  _DAC0                              Lab5
     0000D6D5  G$DAC1$0$0                         Lab5
     0000D6D5  _DAC1                              Lab5
ASxxxx Linker V03.00 + NoICE + sdld,  page 14.
Hexadecimal  [32-Bits]

Area                                    Addr        Size        Decimal Bytes (Attributes)
--------------------------------        ----        ----        ------- ----- ------------
.  .ABS.                            00000000    00000000 =           0. bytes (ABS,CON)

      Value  Global                              Global Defined In Module
      -----  --------------------------------   ------------------------
     0000E5E4  G$RCAP4$0$0                        Lab5
     0000E5E4  _RCAP4                             Lab5
     0000F5F4  G$TMR4$0$0                         Lab5
     0000F5F4  _TMR4                              Lab5
     0000F9E9  G$PCA0$0$0                         Lab5
     0000F9E9  _PCA0                              Lab5
     0000FAEA  G$PCA0CP0$0$0                      Lab5
     0000FAEA  _PCA0CP0                           Lab5
     0000FBEB  G$PCA0CP1$0$0                      Lab5
     0000FBEB  _PCA0CP1                           Lab5
     0000FCEC  G$PCA0CP2$0$0                      Lab5
     0000FCEC  _PCA0CP2                           Lab5
     0000FDED  G$PCA0CP3$0$0                      Lab5
     0000FDED  _PCA0CP3                           Lab5
     0000FEEE  G$PCA0CP4$0$0                      Lab5
     0000FEEE  _PCA0CP4                           Lab5
ASxxxx Linker V03.00 + NoICE + sdld,  page 15.
Hexadecimal  [32-Bits]

Area                                    Addr        Size        Decimal Bytes (Attributes)
--------------------------------        ----        ----        ------- ----- ------------
BSEG_BYTES                          00000020    00000002 =           2. bytes (REL,CON)

      Value  Global                              Global Defined In Module
      -----  --------------------------------   ------------------------
ASxxxx Linker V03.00 + NoICE + sdld,  page 16.
Hexadecimal  [32-Bits]

Area                                    Addr        Size        Decimal Bytes (Attributes)
--------------------------------        ----        ----        ------- ----- ------------
REG_BANK_0                          00000000    00000008 =           8. bytes (REL,OVR)

      Value  Global                              Global Defined In Module
      -----  --------------------------------   ------------------------
ASxxxx Linker V03.00 + NoICE + sdld,  page 17.
Hexadecimal  [32-Bits]

Area                                    Addr        Size        Decimal Bytes (Attributes)
--------------------------------        ----        ----        ------- ----- ------------
DSEG                                00000000    0000007D =         125. bytes (REL,CON)

      Value  Global                              Global Defined In Module
      -----  --------------------------------   ------------------------
     00000008  _vsprintf_PARM_2                   sprintf
     0000000B  _vsprintf_PARM_3                   sprintf
     0000000F  _bp                                _bp
     00000010  _vprintf_PARM_2                    vprintf
     00000022  LLab5.lcd_clear$NumBytes$1$77      Lab5
     00000023  LLab5.lcd_clear$Cmd$1$77           Lab5
     00000025  LLab5.read_keypad$Data$1$78        Lab5
     00000027  LLab5.i2c_write_data$start_reg$1   Lab5
     00000027  _i2c_write_data_PARM_2             Lab5
     00000028  LLab5.i2c_write_data$buffer$1$97   Lab5
     00000028  _i2c_write_data_PARM_3             Lab5
     0000002B  LLab5.i2c_write_data$num_bytes$1   Lab5
     0000002B  _i2c_write_data_PARM_4             Lab5
     0000002C  LLab5.i2c_read_data$start_reg$1$   Lab5
     0000002C  _i2c_read_data_PARM_2              Lab5
     0000002D  LLab5.i2c_read_data$buffer$1$99    Lab5
     0000002D  _i2c_read_data_PARM_3              Lab5
     00000030  LLab5.i2c_read_data$num_bytes$1$   Lab5
     00000030  _i2c_read_data_PARM_4              Lab5
     00000031  LLab5.Accel_Init$Data2$1$103       Lab5
     00000032  G$TURN_PW$0$0                      Lab5
     00000032  _TURN_PW                           Lab5
     00000034  G$MOTOR_PW$0$0                     Lab5
     00000034  _MOTOR_PW                          Lab5
     00000036  G$voltage$0$0                      Lab5
     00000036  _voltage                           Lab5
     00000038  G$heading$0$0                      Lab5
     00000038  _heading                           Lab5
     0000003A  G$D_heading$0$0                    Lab5
     0000003A  _D_heading                         Lab5
     0000003C  G$new_accel$0$0                    Lab5
     0000003C  _new_accel                         Lab5
     0000003D  G$new_lcd$0$0                      Lab5
     0000003D  _new_lcd                           Lab5
     0000003E  G$Counts$0$0                       Lab5
     0000003E  _Counts                            Lab5
     0000003F  G$a_count$0$0                      Lab5
     0000003F  _a_count                           Lab5
     00000040  G$lcd_count$0$0                    Lab5
     00000040  _lcd_count                         Lab5
     00000041  G$nCounts$0$0                      Lab5
     00000041  _nCounts                           Lab5
     00000042  G$Data$0$0                         Lab5
     00000042  _Data                              Lab5
     00000046  G$addr$0$0                         Lab5
     00000046  _addr                              Lab5
     00000047  G$avg_gx$0$0                       Lab5
     00000047  _avg_gx                            Lab5
     00000049  G$avg_gy$0$0                       Lab5
     00000049  _avg_gy                            Lab5
ASxxxx Linker V03.00 + NoICE + sdld,  page 18.
Hexadecimal  [32-Bits]

Area                                    Addr        Size        Decimal Bytes (Attributes)
--------------------------------        ----        ----        ------- ----- ------------
DSEG                                00000000    0000007D =         125. bytes (REL,CON)

      Value  Global                              Global Defined In Module
      -----  --------------------------------   ------------------------
     0000004B  G$gx$0$0                           Lab5
     0000004B  _gx                                Lab5
     0000004D  G$gy$0$0                           Lab5
     0000004D  _gy                                Lab5
     0000004F  G$ks$0$0                           Lab5
     0000004F  _ks                                Lab5
     00000050  G$kdx$0$0                          Lab5
     00000050  _kdx                               Lab5
     00000051  G$kdy$0$0                          Lab5
     00000051  _kdy                               Lab5
     00000052  G$gx_offset$0$0                    Lab5
     00000052  _gx_offset                         Lab5
     00000054  G$gy_offset$0$0                    Lab5
     00000054  _gy_offset                         Lab5
     00000056  LLab5.calculate_offset$calibrate   Lab5
     00000064  __print_format_PARM_2              printf_large
     00000067  __print_format_PARM_3              printf_large
     0000006A  __print_format_PARM_4              printf_large

ASxxxx Linker V03.00 + NoICE + sdld,  page 19.
Hexadecimal  [32-Bits]

Area                                    Addr        Size        Decimal Bytes (Attributes)
--------------------------------        ----        ----        ------- ----- ------------
OSEG                                00000011    00000006 =           6. bytes (REL,OVR)

      Value  Global                              Global Defined In Module
      -----  --------------------------------   ------------------------
     00000011  __gptrput_PARM_2                   _gptrput
     00000011  __mulint_PARM_2                    _mulint

ASxxxx Linker V03.00 + NoICE + sdld,  page 20.
Hexadecimal  [32-Bits]

Area                                    Addr        Size        Decimal Bytes (Attributes)
--------------------------------        ----        ----        ------- ----- ------------
ISEG                                00000017    00000006 =           6. bytes (REL,CON)

      Value  Global                              Global Defined In Module
      -----  --------------------------------   ------------------------
ASxxxx Linker V03.00 + NoICE + sdld,  page 21.
Hexadecimal  [32-Bits]

Area                                    Addr        Size        Decimal Bytes (Attributes)
--------------------------------        ----        ----        ------- ----- ------------
SSEG                                00000072    0000008E =         142. bytes (REL,OVR)

      Value  Global                              Global Defined In Module
      -----  --------------------------------   ------------------------
     00000072  __start__stack                     Lab5

ASxxxx Linker V03.00 + NoICE + sdld,  page 22.
Hexadecimal  [32-Bits]

Area                                    Addr        Size        Decimal Bytes (Attributes)
--------------------------------        ----        ----        ------- ----- ------------
XSEG                                00000001    00000050 =          80. bytes (REL,CON,XDATA)

      Value  Global                              Global Defined In Module
      -----  --------------------------------   ------------------------
D:   00000001  LLab5.lcd_print$text$1$73          Lab5

ASxxxx Linker V03.00 + NoICE + sdld,  page 23.
Hexadecimal  [32-Bits]

Area                                    Addr        Size        Decimal Bytes (Attributes)
--------------------------------        ----        ----        ------- ----- ------------
HOME                                00000000    00000051 =          81. bytes (REL,CON,CODE)

      Value  Global                              Global Defined In Module
      -----  --------------------------------   ------------------------
C:   00000000  A$Lab5$1117                        Lab5
C:   00000003  A$Lab5$1118                        Lab5
C:   0000000B  A$Lab5$1120                        Lab5
C:   00000013  A$Lab5$1122                        Lab5
C:   0000001B  A$Lab5$1124                        Lab5
C:   00000023  A$Lab5$1126                        Lab5
C:   0000002B  A$Lab5$1128                        Lab5
C:   00000033  A$Lab5$1130                        Lab5
C:   0000003B  A$Lab5$1132                        Lab5
C:   00000043  A$Lab5$1134                        Lab5
C:   0000004B  A$Lab5$1136                        Lab5
C:   0000004E  A$Lab5$1178                        Lab5
C:   0000004E  __sdcc_program_startup             Lab5

ASxxxx Linker V03.00 + NoICE + sdld,  page 24.
Hexadecimal  [32-Bits]

Area                                    Addr        Size        Decimal Bytes (Attributes)
--------------------------------        ----        ----        ------- ----- ------------
GSINIT0                             00000051    00000003 =           3. bytes (REL,CON,CODE)

      Value  Global                              Global Defined In Module
      -----  --------------------------------   ------------------------
C:   00000051  __sdcc_gsinit_startup              

ASxxxx Linker V03.00 + NoICE + sdld,  page 25.
Hexadecimal  [32-Bits]

Area                                    Addr        Size        Decimal Bytes (Attributes)
--------------------------------        ----        ----        ------- ----- ------------
GSINIT2                             00000054    0000000A =          10. bytes (REL,CON,CODE)

      Value  Global                              Global Defined In Module
      -----  --------------------------------   ------------------------
ASxxxx Linker V03.00 + NoICE + sdld,  page 26.
Hexadecimal  [32-Bits]

Area                                    Addr        Size        Decimal Bytes (Attributes)
--------------------------------        ----        ----        ------- ----- ------------
GSINIT3                             0000005E    00000022 =          34. bytes (REL,CON,CODE)

      Value  Global                              Global Defined In Module
      -----  --------------------------------   ------------------------
C:   0000005E  __mcs51_genXINIT                   

ASxxxx Linker V03.00 + NoICE + sdld,  page 27.
Hexadecimal  [32-Bits]

Area                                    Addr        Size        Decimal Bytes (Attributes)
--------------------------------        ----        ----        ------- ----- ------------
GSINIT4                             00000080    0000002A =          42. bytes (REL,CON,CODE)

      Value  Global                              Global Defined In Module
      -----  --------------------------------   ------------------------
C:   00000080  __mcs51_genRAMCLEAR                
C:   00000086  __mcs51_genXRAMCLEAR               

ASxxxx Linker V03.00 + NoICE + sdld,  page 28.
Hexadecimal  [32-Bits]

Area                                    Addr        Size        Decimal Bytes (Attributes)
--------------------------------        ----        ----        ------- ----- ------------
GSINIT                              000000AA    00000010 =          16. bytes (REL,CON,CODE)

      Value  Global                              Global Defined In Module
      -----  --------------------------------   ------------------------
C:   000000AA  A$Lab5$1152                        Lab5
C:   000000AA  C$Lab5.c$53$1$166                  Lab5
C:   000000AB  A$Lab5$1153                        Lab5
C:   000000AD  A$Lab5$1154                        Lab5
C:   000000AF  A$Lab5$1157                        Lab5
C:   000000AF  C$Lab5.c$54$1$166                  Lab5
C:   000000B1  A$Lab5$1158                        Lab5
C:   000000B3  A$Lab5$1162                        Lab5
C:   000000B3  C$Lab5.c$62$1$166                  Lab5
C:   000000B5  A$Lab5$1166                        Lab5
C:   000000B5  C$Lab5.c$63$1$166                  Lab5
C:   000000B7  A$Lab5$1169                        Lab5
C:   000000B7  C$Lab5.c$71$1$166                  Lab5

ASxxxx Linker V03.00 + NoICE + sdld,  page 29.
Hexadecimal  [32-Bits]

Area                                    Addr        Size        Decimal Bytes (Attributes)
--------------------------------        ----        ----        ------- ----- ------------
GSFINAL                             000000BA    00000003 =           3. bytes (REL,CON,CODE)

      Value  Global                              Global Defined In Module
      -----  --------------------------------   ------------------------
C:   000000BA  A$Lab5$1171                        Lab5

ASxxxx Linker V03.00 + NoICE + sdld,  page 30.
Hexadecimal  [32-Bits]

Area                                    Addr        Size        Decimal Bytes (Attributes)
--------------------------------        ----        ----        ------- ----- ------------
CSEG                                000000BD    00001273 =        4723. bytes (REL,CON,CODE)

      Value  Global                              Global Defined In Module
      -----  --------------------------------   ------------------------
C:   000000BD  A$Lab5$1206                        Lab5
C:   000000BD  C$c8051_SDCC.h$42$0$0              Lab5
C:   000000BD  C$c8051_SDCC.h$46$1$2              Lab5
C:   000000BD  G$SYSCLK_Init$0$0                  Lab5
C:   000000BD  _SYSCLK_Init                       Lab5
C:   000000C0  A$Lab5$1209                        Lab5
C:   000000C0  C$c8051_SDCC.h$49$1$2              Lab5
C:   000000C2  A$Lab5$1210                        Lab5
C:   000000C4  A$Lab5$1212                        Lab5
C:   000000C5  A$Lab5$1213                        Lab5
C:   000000C8  A$Lab5$1214                        Lab5
C:   000000C9  A$Lab5$1216                        Lab5
C:   000000CA  A$Lab5$1217                        Lab5
C:   000000CB  A$Lab5$1218                        Lab5
C:   000000CD  A$Lab5$1222                        Lab5
C:   000000CD  C$c8051_SDCC.h$51$1$2              Lab5
C:   000000CF  A$Lab5$1223                        Lab5
C:   000000D2  A$Lab5$1226                        Lab5
C:   000000D2  C$c8051_SDCC.h$53$1$2              Lab5
C:   000000D5  A$Lab5$1229                        Lab5
C:   000000D5  C$c8051_SDCC.h$56$1$2              Lab5
C:   000000D5  XG$SYSCLK_Init$0$0                 Lab5
C:   000000D6  A$Lab5$1242                        Lab5
C:   000000D6  C$c8051_SDCC.h$64$1$2              Lab5
C:   000000D6  C$c8051_SDCC.h$66$1$4              Lab5
C:   000000D6  G$UART0_Init$0$0                   Lab5
C:   000000D6  _UART0_Init                        Lab5
C:   000000D9  A$Lab5$1245                        Lab5
C:   000000D9  C$c8051_SDCC.h$67$1$4              Lab5
C:   000000DC  A$Lab5$1248                        Lab5
C:   000000DC  C$c8051_SDCC.h$68$1$4              Lab5
C:   000000DF  A$Lab5$1251                        Lab5
C:   000000DF  C$c8051_SDCC.h$69$1$4              Lab5
C:   000000E1  A$Lab5$1254                        Lab5
C:   000000E1  C$c8051_SDCC.h$70$1$4              Lab5
C:   000000E4  A$Lab5$1257                        Lab5
C:   000000E4  C$c8051_SDCC.h$71$1$4              Lab5
C:   000000E7  A$Lab5$1260                        Lab5
C:   000000E7  C$c8051_SDCC.h$73$1$4              Lab5
C:   000000E9  A$Lab5$1263                        Lab5
C:   000000E9  C$c8051_SDCC.h$74$1$4              Lab5
C:   000000EC  A$Lab5$1266                        Lab5
C:   000000EC  C$c8051_SDCC.h$75$1$4              Lab5
C:   000000EC  XG$UART0_Init$0$0                  Lab5
C:   000000ED  A$Lab5$1279                        Lab5
C:   000000ED  C$c8051_SDCC.h$83$1$4              Lab5
C:   000000ED  C$c8051_SDCC.h$85$1$6              Lab5
C:   000000ED  G$Sys_Init$0$0                     Lab5
C:   000000ED  _Sys_Init                          Lab5
C:   000000F0  A$Lab5$1282                        Lab5
ASxxxx Linker V03.00 + NoICE + sdld,  page 31.
Hexadecimal  [32-Bits]

Area                                    Addr        Size        Decimal Bytes (Attributes)
--------------------------------        ----        ----        ------- ----- ------------
CSEG                                000000BD    00001273 =        4723. bytes (REL,CON,CODE)

      Value  Global                              Global Defined In Module
      -----  --------------------------------   ------------------------
C:   000000F0  C$c8051_SDCC.h$86$1$6              Lab5
C:   000000F3  A$Lab5$1285                        Lab5
C:   000000F3  C$c8051_SDCC.h$88$1$6              Lab5
C:   000000F6  A$Lab5$1288                        Lab5
C:   000000F6  C$c8051_SDCC.h$89$1$6              Lab5
C:   000000F9  A$Lab5$1291                        Lab5
C:   000000F9  C$c8051_SDCC.h$91$1$6              Lab5
C:   000000FC  A$Lab5$1294                        Lab5
C:   000000FC  C$c8051_SDCC.h$92$1$6              Lab5
C:   000000FF  A$Lab5$1297                        Lab5
C:   000000FF  C$c8051_SDCC.h$93$1$6              Lab5
C:   000000FF  XG$Sys_Init$0$0                    Lab5
C:   00000100  A$Lab5$1310                        Lab5
C:   00000100  C$c8051_SDCC.h$98$1$6              Lab5
C:   00000100  G$putchar$0$0                      Lab5
C:   00000100  _putchar                           Lab5
C:   00000102  A$Lab5$1316                        Lab5
C:   00000102  C$c8051_SDCC.h$100$1$8             Lab5
C:   00000102  C$c8051_SDCC.h$101$1$8             Lab5
C:   00000105  A$Lab5$1317                        Lab5
C:   00000107  A$Lab5$1321                        Lab5
C:   00000107  C$c8051_SDCC.h$102$1$8             Lab5
C:   00000109  A$Lab5$1324                        Lab5
C:   00000109  C$c8051_SDCC.h$103$1$8             Lab5
C:   00000109  XG$putchar$0$0                     Lab5
C:   0000010A  A$Lab5$1342                        Lab5
C:   0000010A  C$c8051_SDCC.h$108$1$8             Lab5
C:   0000010A  C$c8051_SDCC.h$111$1$10            Lab5
C:   0000010A  C$c8051_SDCC.h$112$1$10            Lab5
C:   0000010A  G$getchar$0$0                      Lab5
C:   0000010D  A$Lab5$1343                        Lab5
C:   0000010F  A$Lab5$1347                        Lab5
C:   0000010F  C$c8051_SDCC.h$113$1$10            Lab5
C:   00000112  A$Lab5$1350                        Lab5
C:   00000112  C$c8051_SDCC.h$114$1$10            Lab5
C:   00000115  A$Lab5$1353                        Lab5
C:   00000115  C$c8051_SDCC.h$115$1$10            Lab5
C:   00000118  A$Lab5$1356                        Lab5
C:   00000118  C$c8051_SDCC.h$116$1$10            Lab5
C:   00000118  XG$getchar$0$0                     Lab5
C:   00000119  A$Lab5$1373                        Lab5
C:   00000119  C$i2c.h$81$1$10                    Lab5
C:   00000119  G$lcd_print$0$0                    Lab5
C:   00000119  _lcd_print                         Lab5
C:   0000011B  A$Lab5$1374                        Lab5
C:   0000011E  A$Lab5$1377                        Lab5
C:   0000011E  C$i2c.h$87$1$73                    Lab5
C:   00000120  A$Lab5$1378                        Lab5
C:   00000122  A$Lab5$1379                        Lab5
C:   00000123  A$Lab5$1380                        Lab5
C:   00000125  A$Lab5$1381                        Lab5
ASxxxx Linker V03.00 + NoICE + sdld,  page 32.
Hexadecimal  [32-Bits]

Area                                    Addr        Size        Decimal Bytes (Attributes)
--------------------------------        ----        ----        ------- ----- ------------
CSEG                                000000BD    00001273 =        4723. bytes (REL,CON,CODE)

      Value  Global                              Global Defined In Module
      -----  --------------------------------   ------------------------
C:   00000126  A$Lab5$1382                        Lab5
C:   00000128  A$Lab5$1383                        Lab5
C:   00000129  A$Lab5$1384                        Lab5
C:   0000012B  A$Lab5$1385                        Lab5
C:   0000012E  A$Lab5$1386                        Lab5
C:   00000130  A$Lab5$1387                        Lab5
C:   00000133  A$Lab5$1388                        Lab5
C:   00000135  A$Lab5$1389                        Lab5
C:   00000137  A$Lab5$1390                        Lab5
C:   00000139  A$Lab5$1394                        Lab5
C:   00000139  C$i2c.h$89$2$74                    Lab5
C:   0000013B  A$Lab5$1395                        Lab5
C:   0000013D  A$Lab5$1396                        Lab5
C:   0000013E  A$Lab5$1397                        Lab5
C:   00000140  A$Lab5$1400                        Lab5
C:   00000140  C$i2c.h$90$1$73                    Lab5
C:   00000142  A$Lab5$1401                        Lab5
C:   00000144  A$Lab5$1402                        Lab5
C:   00000145  A$Lab5$1403                        Lab5
C:   00000147  A$Lab5$1404                        Lab5
C:   00000148  A$Lab5$1405                        Lab5
C:   0000014A  A$Lab5$1406                        Lab5
C:   0000014B  A$Lab5$1407                        Lab5
C:   0000014D  A$Lab5$1408                        Lab5
C:   00000150  A$Lab5$1409                        Lab5
C:   00000153  A$Lab5$1410                        Lab5
C:   00000156  A$Lab5$1413                        Lab5
C:   00000156  C$i2c.h$93$1$73                    Lab5
C:   00000159  A$Lab5$1414                        Lab5
C:   0000015C  A$Lab5$1415                        Lab5
C:   0000015F  A$Lab5$1416                        Lab5
C:   00000161  A$Lab5$1419                        Lab5
C:   00000163  A$Lab5$1421                        Lab5
C:   00000164  A$Lab5$1422                        Lab5
C:   00000165  A$Lab5$1423                        Lab5
C:   00000166  A$Lab5$1424                        Lab5
C:   00000168  A$Lab5$1427                        Lab5
C:   00000168  C$i2c.h$96$2$76                    Lab5
C:   00000169  A$Lab5$1428                        Lab5
C:   0000016B  A$Lab5$1429                        Lab5
C:   0000016D  A$Lab5$1430                        Lab5
C:   0000016E  A$Lab5$1431                        Lab5
C:   00000170  A$Lab5$1432                        Lab5
C:   00000172  A$Lab5$1433                        Lab5
C:   00000173  A$Lab5$1434                        Lab5
C:   00000174  A$Lab5$1435                        Lab5
C:   00000177  A$Lab5$1436                        Lab5
C:   00000178  A$Lab5$1437                        Lab5
C:   0000017A  A$Lab5$1438                        Lab5
C:   0000017C  A$Lab5$1439                        Lab5
C:   0000017D  A$Lab5$1440                        Lab5
ASxxxx Linker V03.00 + NoICE + sdld,  page 33.
Hexadecimal  [32-Bits]

Area                                    Addr        Size        Decimal Bytes (Attributes)
--------------------------------        ----        ----        ------- ----- ------------
CSEG                                000000BD    00001273 =        4723. bytes (REL,CON,CODE)

      Value  Global                              Global Defined In Module
      -----  --------------------------------   ------------------------
C:   0000017F  A$Lab5$1441                        Lab5
C:   00000181  A$Lab5$1442                        Lab5
C:   00000183  A$Lab5$1443                        Lab5
C:   00000184  A$Lab5$1447                        Lab5
C:   00000184  C$i2c.h$94$1$73                    Lab5
C:   00000185  A$Lab5$1448                        Lab5
C:   00000187  A$Lab5$1452                        Lab5
C:   00000187  C$i2c.h$99$1$73                    Lab5
C:   0000018A  A$Lab5$1453                        Lab5
C:   0000018D  A$Lab5$1454                        Lab5
C:   00000190  A$Lab5$1455                        Lab5
C:   00000193  A$Lab5$1456                        Lab5
C:   00000195  A$Lab5$1457                        Lab5
C:   00000198  A$Lab5$1458                        Lab5
C:   0000019B  A$Lab5$1460                        Lab5
C:   0000019D  A$Lab5$1463                        Lab5
C:   0000019D  C$i2c.h$100$1$73                   Lab5
C:   0000019D  XG$lcd_print$0$0                   Lab5
C:   0000019E  A$Lab5$1479                        Lab5
C:   0000019E  C$i2c.h$103$1$73                   Lab5
C:   0000019E  C$i2c.h$105$1$73                   Lab5
C:   0000019E  G$lcd_clear$0$0                    Lab5
C:   0000019E  _lcd_clear                         Lab5
C:   000001A1  A$Lab5$1483                        Lab5
C:   000001A1  C$i2c.h$107$1$77                   Lab5
C:   000001A3  A$Lab5$1484                        Lab5
C:   000001A5  A$Lab5$1485                        Lab5
C:   000001A7  A$Lab5$1486                        Lab5
C:   000001AA  A$Lab5$1487                        Lab5
C:   000001AD  A$Lab5$1488                        Lab5
C:   000001B0  A$Lab5$1489                        Lab5
C:   000001B3  A$Lab5$1490                        Lab5
C:   000001B6  A$Lab5$1491                        Lab5
C:   000001B9  A$Lab5$1492                        Lab5
C:   000001BC  A$Lab5$1493                        Lab5
C:   000001BE  A$Lab5$1497                        Lab5
C:   000001BE  C$i2c.h$109$1$77                   Lab5
C:   000001C1  A$Lab5$1500                        Lab5
C:   000001C1  C$i2c.h$110$1$77                   Lab5
C:   000001C4  A$Lab5$1501                        Lab5
C:   000001C7  A$Lab5$1502                        Lab5
C:   000001CA  A$Lab5$1503                        Lab5
C:   000001CD  A$Lab5$1504                        Lab5
C:   000001D0  A$Lab5$1505                        Lab5
C:   000001D3  A$Lab5$1506                        Lab5
C:   000001D6  A$Lab5$1509                        Lab5
C:   000001D6  C$i2c.h$111$1$77                   Lab5
C:   000001D6  XG$lcd_clear$0$0                   Lab5
C:   000001D7  A$Lab5$1525                        Lab5
C:   000001D7  C$i2c.h$114$1$77                   Lab5
C:   000001D7  C$i2c.h$118$1$78                   Lab5
ASxxxx Linker V03.00 + NoICE + sdld,  page 34.
Hexadecimal  [32-Bits]

Area                                    Addr        Size        Decimal Bytes (Attributes)
--------------------------------        ----        ----        ------- ----- ------------
CSEG                                000000BD    00001273 =        4723. bytes (REL,CON,CODE)

      Value  Global                              Global Defined In Module
      -----  --------------------------------   ------------------------
C:   000001D7  G$read_keypad$0$0                  Lab5
C:   000001D7  _read_keypad                       Lab5
C:   000001DA  A$Lab5$1526                        Lab5
C:   000001DD  A$Lab5$1527                        Lab5
C:   000001E0  A$Lab5$1528                        Lab5
C:   000001E3  A$Lab5$1529                        Lab5
C:   000001E6  A$Lab5$1530                        Lab5
C:   000001E9  A$Lab5$1531                        Lab5
C:   000001EC  A$Lab5$1534                        Lab5
C:   000001EC  C$i2c.h$119$1$78                   Lab5
C:   000001EE  A$Lab5$1535                        Lab5
C:   000001F1  A$Lab5$1536                        Lab5
C:   000001F4  A$Lab5$1537                        Lab5
C:   000001F6  A$Lab5$1541                        Lab5
C:   000001F8  A$Lab5$1542                        Lab5
C:   000001FA  A$Lab5$1546                        Lab5
C:   000001FA  C$i2c.h$123$2$79                   Lab5
C:   000001FC  A$Lab5$1547                        Lab5
C:   000001FE  A$Lab5$1548                        Lab5
C:   00000200  A$Lab5$1549                        Lab5
C:   00000202  A$Lab5$1550                        Lab5
C:   00000204  A$Lab5$1552                        Lab5
C:   00000205  A$Lab5$1553                        Lab5
C:   00000206  A$Lab5$1554                        Lab5
C:   00000207  A$Lab5$1555                        Lab5
C:   00000208  A$Lab5$1556                        Lab5
C:   00000209  A$Lab5$1557                        Lab5
C:   0000020A  A$Lab5$1559                        Lab5
C:   0000020D  A$Lab5$1560                        Lab5
C:   0000020F  A$Lab5$1561                        Lab5
C:   00000211  A$Lab5$1562                        Lab5
C:   00000212  A$Lab5$1563                        Lab5
C:   00000214  A$Lab5$1564                        Lab5
C:   00000215  A$Lab5$1565                        Lab5
C:   00000217  A$Lab5$1566                        Lab5
C:   00000218  A$Lab5$1567                        Lab5
C:   00000219  A$Lab5$1568                        Lab5
C:   0000021B  A$Lab5$1571                        Lab5
C:   0000021B  C$i2c.h$124$2$79                   Lab5
C:   0000021D  A$Lab5$1572                        Lab5
C:   0000021E  A$Lab5$1573                        Lab5
C:   00000220  A$Lab5$1574                        Lab5
C:   00000222  A$Lab5$1578                        Lab5
C:   00000222  C$i2c.h$121$1$78                   Lab5
C:   00000223  A$Lab5$1579                        Lab5
C:   00000225  A$Lab5$1580                        Lab5
C:   00000228  A$Lab5$1582                        Lab5
C:   0000022A  A$Lab5$1585                        Lab5
C:   0000022A  C$i2c.h$127$1$78                   Lab5
C:   0000022C  A$Lab5$1586                        Lab5
C:   0000022F  A$Lab5$1587                        Lab5
ASxxxx Linker V03.00 + NoICE + sdld,  page 35.
Hexadecimal  [32-Bits]

Area                                    Addr        Size        Decimal Bytes (Attributes)
--------------------------------        ----        ----        ------- ----- ------------
CSEG                                000000BD    00001273 =        4723. bytes (REL,CON,CODE)

      Value  Global                              Global Defined In Module
      -----  --------------------------------   ------------------------
C:   00000232  A$Lab5$1588                        Lab5
C:   00000234  A$Lab5$1592                        Lab5
C:   00000234  C$i2c.h$129$1$78                   Lab5
C:   00000236  A$Lab5$1593                        Lab5
C:   00000239  A$Lab5$1594                        Lab5
C:   0000023C  A$Lab5$1595                        Lab5
C:   0000023E  A$Lab5$1599                        Lab5
C:   0000023E  C$i2c.h$131$1$78                   Lab5
C:   00000240  A$Lab5$1600                        Lab5
C:   00000243  A$Lab5$1601                        Lab5
C:   00000246  A$Lab5$1602                        Lab5
C:   00000248  A$Lab5$1606                        Lab5
C:   00000248  C$i2c.h$133$1$78                   Lab5
C:   0000024A  A$Lab5$1607                        Lab5
C:   0000024D  A$Lab5$1608                        Lab5
C:   00000250  A$Lab5$1609                        Lab5
C:   00000252  A$Lab5$1613                        Lab5
C:   00000252  C$i2c.h$135$1$78                   Lab5
C:   00000255  A$Lab5$1617                        Lab5
C:   00000255  C$i2c.h$136$1$78                   Lab5
C:   00000255  XG$read_keypad$0$0                 Lab5
C:   00000256  A$Lab5$1633                        Lab5
C:   00000256  C$i2c.h$148$1$78                   Lab5
C:   00000256  G$kpd_input$0$0                    Lab5
C:   00000256  _kpd_input                         Lab5
C:   00000258  A$Lab5$1638                        Lab5
C:   00000258  C$i2c.h$153$1$81                   Lab5
C:   00000258  C$i2c.h$156$1$81                   Lab5
C:   00000259  A$Lab5$1639                        Lab5
C:   0000025A  A$Lab5$1640                        Lab5
C:   0000025B  A$Lab5$1641                        Lab5
C:   0000025C  A$Lab5$1642                        Lab5
C:   0000025E  A$Lab5$1643                        Lab5
C:   00000260  A$Lab5$1644                        Lab5
C:   00000262  A$Lab5$1645                        Lab5
C:   00000264  A$Lab5$1646                        Lab5
C:   00000266  A$Lab5$1647                        Lab5
C:   00000268  A$Lab5$1648                        Lab5
C:   0000026A  A$Lab5$1649                        Lab5
C:   0000026C  A$Lab5$1650                        Lab5
C:   0000026E  A$Lab5$1651                        Lab5
C:   00000271  A$Lab5$1652                        Lab5
C:   00000273  A$Lab5$1653                        Lab5
C:   00000275  A$Lab5$1654                        Lab5
C:   00000277  A$Lab5$1655                        Lab5
C:   00000279  A$Lab5$1656                        Lab5
C:   0000027B  A$Lab5$1660                        Lab5
C:   0000027B  C$i2c.h$158$1$81                   Lab5
C:   0000027D  A$Lab5$1661                        Lab5
C:   0000027F  A$Lab5$1662                        Lab5
C:   00000281  A$Lab5$1663                        Lab5
ASxxxx Linker V03.00 + NoICE + sdld,  page 36.
Hexadecimal  [32-Bits]

Area                                    Addr        Size        Decimal Bytes (Attributes)
--------------------------------        ----        ----        ------- ----- ------------
CSEG                                000000BD    00001273 =        4723. bytes (REL,CON,CODE)

      Value  Global                              Global Defined In Module
      -----  --------------------------------   ------------------------
C:   00000283  A$Lab5$1664                        Lab5
C:   00000284  A$Lab5$1665                        Lab5
C:   00000286  A$Lab5$1666                        Lab5
C:   00000288  A$Lab5$1667                        Lab5
C:   0000028A  A$Lab5$1668                        Lab5
C:   0000028B  A$Lab5$1669                        Lab5
C:   0000028D  A$Lab5$1670                        Lab5
C:   0000028F  A$Lab5$1671                        Lab5
C:   00000291  A$Lab5$1672                        Lab5
C:   00000292  A$Lab5$1673                        Lab5
C:   00000294  A$Lab5$1674                        Lab5
C:   00000296  A$Lab5$1675                        Lab5
C:   00000298  A$Lab5$1676                        Lab5
C:   00000299  A$Lab5$1677                        Lab5
C:   0000029B  A$Lab5$1678                        Lab5
C:   0000029D  A$Lab5$1679                        Lab5
C:   0000029F  A$Lab5$1680                        Lab5
C:   000002A0  A$Lab5$1681                        Lab5
C:   000002A2  A$Lab5$1682                        Lab5
C:   000002A4  A$Lab5$1683                        Lab5
C:   000002A6  A$Lab5$1684                        Lab5
C:   000002A8  A$Lab5$1685                        Lab5
C:   000002AA  A$Lab5$1686                        Lab5
C:   000002AC  A$Lab5$1687                        Lab5
C:   000002AE  A$Lab5$1688                        Lab5
C:   000002B1  A$Lab5$1689                        Lab5
C:   000002B3  A$Lab5$1690                        Lab5
C:   000002B5  A$Lab5$1691                        Lab5
C:   000002B7  A$Lab5$1694                        Lab5
C:   000002B7  C$i2c.h$160$1$81                   Lab5
C:   000002BA  A$Lab5$1695                        Lab5
C:   000002BD  A$Lab5$1696                        Lab5
C:   000002BE  A$Lab5$1697                        Lab5
C:   000002C1  A$Lab5$1698                        Lab5
C:   000002C3  A$Lab5$1699                        Lab5
C:   000002C5  A$Lab5$1702                        Lab5
C:   000002C7  A$Lab5$1706                        Lab5
C:   000002C7  C$i2c.h$166$3$84                   Lab5
C:   000002C9  A$Lab5$1707                        Lab5
C:   000002CB  A$Lab5$1708                        Lab5
C:   000002CD  A$Lab5$1709                        Lab5
C:   000002D0  A$Lab5$1710                        Lab5
C:   000002D2  A$Lab5$1711                        Lab5
C:   000002D4  A$Lab5$1712                        Lab5
C:   000002D6  A$Lab5$1713                        Lab5
C:   000002D8  A$Lab5$1714                        Lab5
C:   000002DA  A$Lab5$1715                        Lab5
C:   000002DD  A$Lab5$1716                        Lab5
C:   000002DF  A$Lab5$1718                        Lab5
C:   000002E2  A$Lab5$1720                        Lab5
C:   000002E5  A$Lab5$1721                        Lab5
ASxxxx Linker V03.00 + NoICE + sdld,  page 37.
Hexadecimal  [32-Bits]

Area                                    Addr        Size        Decimal Bytes (Attributes)
--------------------------------        ----        ----        ------- ----- ------------
CSEG                                000000BD    00001273 =        4723. bytes (REL,CON,CODE)

      Value  Global                              Global Defined In Module
      -----  --------------------------------   ------------------------
C:   000002E6  A$Lab5$1722                        Lab5
C:   000002E8  A$Lab5$1723                        Lab5
C:   000002EA  A$Lab5$1724                        Lab5
C:   000002EC  A$Lab5$1725                        Lab5
C:   000002EE  A$Lab5$1726                        Lab5
C:   000002F1  A$Lab5$1727                        Lab5
C:   000002F3  A$Lab5$1728                        Lab5
C:   000002F5  A$Lab5$1729                        Lab5
C:   000002F7  A$Lab5$1730                        Lab5
C:   000002F9  A$Lab5$1734                        Lab5
C:   000002F9  C$i2c.h$167$2$82                   Lab5
C:   000002FC  A$Lab5$1738                        Lab5
C:   000002FC  C$i2c.h$169$3$83                   Lab5
C:   000002FE  A$Lab5$1739                        Lab5
C:   00000300  A$Lab5$1740                        Lab5
C:   00000303  A$Lab5$1741                        Lab5
C:   00000305  A$Lab5$1742                        Lab5
C:   00000307  A$Lab5$1743                        Lab5
C:   00000309  A$Lab5$1744                        Lab5
C:   0000030C  A$Lab5$1745                        Lab5
C:   0000030F  A$Lab5$1746                        Lab5
C:   00000310  A$Lab5$1747                        Lab5
C:   00000312  A$Lab5$1748                        Lab5
C:   00000314  A$Lab5$1749                        Lab5
C:   00000316  A$Lab5$1750                        Lab5
C:   00000319  A$Lab5$1751                        Lab5
C:   0000031B  A$Lab5$1752                        Lab5
C:   0000031D  A$Lab5$1753                        Lab5
C:   0000031F  A$Lab5$1757                        Lab5
[...]
C:   00000A0E  C$Lab5.c$383$2$162                 Lab5
C:   00000A10  A$Lab5$3396                        Lab5
C:   00000A11  A$Lab5$3397                        Lab5
C:   00000A13  A$Lab5$3398                        Lab5
C:   00000A15  A$Lab5$3399                        Lab5
C:   00000A17  A$Lab5$3403                        Lab5
C:   00000A17  C$Lab5.c$387$1$161                 Lab5
C:   00000A19  A$Lab5$3404                        Lab5
C:   00000A1B  A$Lab5$3407                        Lab5
C:   00000A1B  C$Lab5.c$389$1$161                 Lab5
ASxxxx Linker V03.00 + NoICE + sdld,  page 61.
Hexadecimal  [32-Bits]

Area                                    Addr        Size        Decimal Bytes (Attributes)
--------------------------------        ----        ----        ------- ----- ------------
CSEG                                000000BD    00001273 =        4723. bytes (REL,CON,CODE)

      Value  Global                              Global Defined In Module
      -----  --------------------------------   ------------------------
C:   00000A1E  A$Lab5$3411                        Lab5
C:   00000A1E  C$Lab5.c$390$1$161                 Lab5
C:   00000A20  A$Lab5$3412                        Lab5
C:   00000A22  A$Lab5$3413                        Lab5
C:   00000A24  A$Lab5$3416                        Lab5
C:   00000A24  C$Lab5.c$392$1$161                 Lab5
C:   00000A26  A$Lab5$3417                        Lab5
C:   00000A28  A$Lab5$3418                        Lab5
C:   00000A2B  A$Lab5$3421                        Lab5
C:   00000A2B  C$Lab5.c$393$1$161                 Lab5
C:   00000A2D  A$Lab5$3422                        Lab5
C:   00000A2F  A$Lab5$3423                        Lab5
C:   00000A31  A$Lab5$3424                        Lab5
C:   00000A33  A$Lab5$3425                        Lab5
C:   00000A35  A$Lab5$3426                        Lab5
C:   00000A37  A$Lab5$3427                        Lab5
C:   00000A3A  A$Lab5$3428                        Lab5
C:   00000A3C  A$Lab5$3429                        Lab5
C:   00000A3E  A$Lab5$3430                        Lab5
C:   00000A40  A$Lab5$3433                        Lab5
C:   00000A40  C$Lab5.c$394$1$161                 Lab5
C:   00000A42  A$Lab5$3434                        Lab5
C:   00000A44  A$Lab5$3435                        Lab5
C:   00000A46  A$Lab5$3436                        Lab5
C:   00000A48  A$Lab5$3437                        Lab5
C:   00000A4A  A$Lab5$3438                        Lab5
C:   00000A4C  A$Lab5$3439                        Lab5
C:   00000A4F  A$Lab5$3440                        Lab5
C:   00000A51  A$Lab5$3441                        Lab5
C:   00000A53  A$Lab5$3442                        Lab5
C:   00000A55  A$Lab5$3445                        Lab5
C:   00000A55  C$Lab5.c$395$1$161                 Lab5
C:   00000A57  A$Lab5$3446                        Lab5
C:   00000A59  A$Lab5$3447                        Lab5
C:   00000A5B  A$Lab5$3448                        Lab5
C:   00000A5D  A$Lab5$3449                        Lab5
C:   00000A5F  A$Lab5$3450                        Lab5
C:   00000A61  A$Lab5$3451                        Lab5
C:   00000A64  A$Lab5$3452                        Lab5
C:   00000A66  A$Lab5$3453                        Lab5
C:   00000A68  A$Lab5$3454                        Lab5
C:   00000A6A  A$Lab5$3457                        Lab5
C:   00000A6A  C$Lab5.c$396$1$161                 Lab5
C:   00000A6C  A$Lab5$3458                        Lab5
C:   00000A6E  A$Lab5$3459                        Lab5
C:   00000A70  A$Lab5$3460                        Lab5
C:   00000A72  A$Lab5$3461                        Lab5
C:   00000A74  A$Lab5$3462                        Lab5
C:   00000A76  A$Lab5$3463                        Lab5
C:   00000A79  A$Lab5$3464                        Lab5
C:   00000A7B  A$Lab5$3465                        Lab5
ASxxxx Linker V03.00 + NoICE + sdld,  page 62.
Hexadecimal  [32-Bits]

Area                                    Addr        Size        Decimal Bytes (Attributes)
--------------------------------        ----        ----        ------- ----- ------------
CSEG                                000000BD    00001273 =        4723. bytes (REL,CON,CODE)

      Value  Global                              Global Defined In Module
      -----  --------------------------------   ------------------------
C:   00000A7D  A$Lab5$3466                        Lab5
C:   00000A7F  A$Lab5$3467                        Lab5
C:   00000A81  A$Lab5$3468                        Lab5
C:   00000A83  A$Lab5$3472                        Lab5
C:   00000A83  C$Lab5.c$398$1$161                 Lab5
C:   00000A86  A$Lab5$3473                        Lab5
C:   00000A89  A$Lab5$3476                        Lab5
C:   00000A89  C$Lab5.c$400$2$163                 Lab5
C:   00000A8C  A$Lab5$3480                        Lab5
C:   00000A8C  C$Lab5.c$401$2$163                 Lab5
C:   00000A8E  A$Lab5$3481                        Lab5
C:   00000A90  A$Lab5$3482                        Lab5
C:   00000A92  A$Lab5$3485                        Lab5
C:   00000A92  C$Lab5.c$402$2$163                 Lab5
C:   00000A95  A$Lab5$3486                        Lab5
C:   00000A97  A$Lab5$3487                        Lab5
C:   00000A98  A$Lab5$3488                        Lab5
C:   00000A99  A$Lab5$3489                        Lab5
C:   00000A9B  A$Lab5$3490                        Lab5
C:   00000A9C  A$Lab5$3493                        Lab5
C:   00000A9C  C$Lab5.c$403$2$163                 Lab5
C:   00000A9E  A$Lab5$3494                        Lab5
C:   00000A9F  A$Lab5$3495                        Lab5
C:   00000AA1  A$Lab5$3496                        Lab5
C:   00000AA3  A$Lab5$3497                        Lab5
C:   00000AA5  A$Lab5$3501                        Lab5
C:   00000AA5  C$Lab5.c$407$1$161                 Lab5
C:   00000AA7  A$Lab5$3502                        Lab5
C:   00000AA9  A$Lab5$3505                        Lab5
C:   00000AA9  C$Lab5.c$409$1$161                 Lab5
C:   00000AAC  A$Lab5$3509                        Lab5
C:   00000AAC  C$Lab5.c$410$1$161                 Lab5
C:   00000AAE  A$Lab5$3510                        Lab5
C:   00000AB0  A$Lab5$3511                        Lab5
C:   00000AB2  A$Lab5$3514                        Lab5
C:   00000AB2  C$Lab5.c$412$1$161                 Lab5
C:   00000AB4  A$Lab5$3515                        Lab5
C:   00000AB6  A$Lab5$3516                        Lab5
C:   00000AB9  A$Lab5$3519                        Lab5
C:   00000AB9  C$Lab5.c$413$1$161                 Lab5
C:   00000ABB  A$Lab5$3520                        Lab5
C:   00000ABD  A$Lab5$3521                        Lab5
C:   00000ABF  A$Lab5$3522                        Lab5
C:   00000AC1  A$Lab5$3523                        Lab5
C:   00000AC3  A$Lab5$3524                        Lab5
C:   00000AC5  A$Lab5$3525                        Lab5
C:   00000AC8  A$Lab5$3526                        Lab5
C:   00000ACA  A$Lab5$3527                        Lab5
C:   00000ACC  A$Lab5$3528                        Lab5
C:   00000ACE  A$Lab5$3531                        Lab5
C:   00000ACE  C$Lab5.c$414$1$161                 Lab5
ASxxxx Linker V03.00 + NoICE + sdld,  page 63.
Hexadecimal  [32-Bits]

Area                                    Addr        Size        Decimal Bytes (Attributes)
--------------------------------        ----        ----        ------- ----- ------------
CSEG                                000000BD    00001273 =        4723. bytes (REL,CON,CODE)

      Value  Global                              Global Defined In Module
      -----  --------------------------------   ------------------------
C:   00000AD0  A$Lab5$3532                        Lab5
C:   00000AD2  A$Lab5$3533                        Lab5
C:   00000AD4  A$Lab5$3534                        Lab5
C:   00000AD6  A$Lab5$3535                        Lab5
C:   00000AD8  A$Lab5$3536                        Lab5
C:   00000ADA  A$Lab5$3537                        Lab5
C:   00000ADD  A$Lab5$3538                        Lab5
C:   00000ADF  A$Lab5$3539                        Lab5
C:   00000AE1  A$Lab5$3540                        Lab5
C:   00000AE3  A$Lab5$3543                        Lab5
C:   00000AE3  C$Lab5.c$415$1$161                 Lab5
C:   00000AE5  A$Lab5$3544                        Lab5
C:   00000AE7  A$Lab5$3545                        Lab5
C:   00000AE9  A$Lab5$3546                        Lab5
C:   00000AEB  A$Lab5$3547                        Lab5
C:   00000AED  A$Lab5$3548                        Lab5
C:   00000AEF  A$Lab5$3549                        Lab5
C:   00000AF2  A$Lab5$3550                        Lab5
C:   00000AF4  A$Lab5$3551                        Lab5
C:   00000AF6  A$Lab5$3552                        Lab5
C:   00000AF8  A$Lab5$3555                        Lab5
C:   00000AF8  C$Lab5.c$416$1$161                 Lab5
C:   00000AFA  A$Lab5$3556                        Lab5
C:   00000AFC  A$Lab5$3557                        Lab5
C:   00000AFE  A$Lab5$3558                        Lab5
C:   00000B00  A$Lab5$3559                        Lab5
C:   00000B02  A$Lab5$3560                        Lab5
C:   00000B04  A$Lab5$3561                        Lab5
C:   00000B07  A$Lab5$3562                        Lab5
C:   00000B09  A$Lab5$3563                        Lab5
C:   00000B0B  A$Lab5$3564                        Lab5
C:   00000B0D  A$Lab5$3565                        Lab5
C:   00000B0F  A$Lab5$3566                        Lab5
C:   00000B11  A$Lab5$3570                        Lab5
C:   00000B11  C$Lab5.c$418$1$161                 Lab5
C:   00000B14  A$Lab5$3571                        Lab5
C:   00000B17  A$Lab5$3574                        Lab5
C:   00000B17  C$Lab5.c$420$2$164                 Lab5
C:   00000B1A  A$Lab5$3578                        Lab5
C:   00000B1A  C$Lab5.c$421$2$164                 Lab5
C:   00000B1C  A$Lab5$3579                        Lab5
C:   00000B1E  A$Lab5$3580                        Lab5
C:   00000B20  A$Lab5$3583                        Lab5
C:   00000B20  C$Lab5.c$422$2$164                 Lab5
C:   00000B23  A$Lab5$3584                        Lab5
C:   00000B25  A$Lab5$3585                        Lab5
C:   00000B26  A$Lab5$3586                        Lab5
C:   00000B27  A$Lab5$3587                        Lab5
C:   00000B29  A$Lab5$3588                        Lab5
C:   00000B2A  A$Lab5$3591                        Lab5
C:   00000B2A  C$Lab5.c$423$2$164                 Lab5
ASxxxx Linker V03.00 + NoICE + sdld,  page 64.
Hexadecimal  [32-Bits]

Area                                    Addr        Size        Decimal Bytes (Attributes)
--------------------------------        ----        ----        ------- ----- ------------
CSEG                                000000BD    00001273 =        4723. bytes (REL,CON,CODE)

      Value  Global                              Global Defined In Module
      -----  --------------------------------   ------------------------
C:   00000B2C  A$Lab5$3592                        Lab5
C:   00000B2D  A$Lab5$3593                        Lab5
C:   00000B2F  A$Lab5$3594                        Lab5
C:   00000B31  A$Lab5$3595                        Lab5
C:   00000B33  A$Lab5$3599                        Lab5
C:   00000B33  C$Lab5.c$426$1$161                 Lab5
C:   00000B36  A$Lab5$3603                        Lab5
C:   00000B36  C$Lab5.c$427$1$161                 Lab5
C:   00000B38  A$Lab5$3604                        Lab5
C:   00000B3A  A$Lab5$3605                        Lab5
C:   00000B3C  A$Lab5$3608                        Lab5
C:   00000B3C  C$Lab5.c$428$1$161                 Lab5
C:   00000B3F  A$Lab5$3611                        Lab5
C:   00000B3F  C$Lab5.c$429$1$161                 Lab5
C:   00000B3F  XG$set_gains$0$0                   Lab5
C:   00000B40  A$Lab5$3624                        Lab5
C:   00000B40  C$Lab5.c$431$1$161                 Lab5
C:   00000B40  C$Lab5.c$433$1$166                 Lab5
C:   00000B40  G$updateLCD$0$0                    Lab5
C:   00000B40  _updateLCD                         Lab5
C:   00000B43  A$Lab5$3627                        Lab5
C:   00000B43  C$Lab5.c$434$1$166                 Lab5
C:   00000B45  A$Lab5$3628                        Lab5
C:   00000B47  A$Lab5$3629                        Lab5
C:   00000B49  A$Lab5$3630                        Lab5
C:   00000B4B  A$Lab5$3631                        Lab5
C:   00000B4D  A$Lab5$3632                        Lab5
C:   00000B4F  A$Lab5$3633                        Lab5
C:   00000B51  A$Lab5$3634                        Lab5
C:   00000B53  A$Lab5$3635                        Lab5
C:   00000B55  A$Lab5$3636                        Lab5
C:   00000B57  A$Lab5$3637                        Lab5
C:   00000B5A  A$Lab5$3638                        Lab5
C:   00000B5C  A$Lab5$3639                        Lab5
C:   00000B5E  A$Lab5$3640                        Lab5
C:   00000B60  A$Lab5$3643                        Lab5
C:   00000B60  C$Lab5.c$435$1$166                 Lab5
C:   00000B62  A$Lab5$3644                        Lab5
C:   00000B64  A$Lab5$3645                        Lab5
C:   00000B66  A$Lab5$3646                        Lab5
C:   00000B68  A$Lab5$3647                        Lab5
C:   00000B6A  A$Lab5$3648                        Lab5
C:   00000B6C  A$Lab5$3649                        Lab5
C:   00000B6E  A$Lab5$3650                        Lab5
C:   00000B70  A$Lab5$3651                        Lab5
C:   00000B72  A$Lab5$3652                        Lab5
C:   00000B74  A$Lab5$3653                        Lab5
C:   00000B76  A$Lab5$3654                        Lab5
C:   00000B78  A$Lab5$3655                        Lab5
C:   00000B7A  A$Lab5$3656                        Lab5
C:   00000B7C  A$Lab5$3657                        Lab5
ASxxxx Linker V03.00 + NoICE + sdld,  page 65.
Hexadecimal  [32-Bits]

Area                                    Addr        Size        Decimal Bytes (Attributes)
--------------------------------        ----        ----        ------- ----- ------------
CSEG                                000000BD    00001273 =        4723. bytes (REL,CON,CODE)

      Value  Global                              Global Defined In Module
      -----  --------------------------------   ------------------------
C:   00000B7F  A$Lab5$3658                        Lab5
C:   00000B81  A$Lab5$3659                        Lab5
C:   00000B83  A$Lab5$3660                        Lab5
C:   00000B85  A$Lab5$3663                        Lab5
C:   00000B85  C$Lab5.c$436$1$166                 Lab5
C:   00000B87  A$Lab5$3664                        Lab5
C:   00000B89  A$Lab5$3665                        Lab5
C:   00000B8B  A$Lab5$3666                        Lab5
C:   00000B8D  A$Lab5$3667                        Lab5
C:   00000B8F  A$Lab5$3668                        Lab5
C:   00000B91  A$Lab5$3669                        Lab5
C:   00000B93  A$Lab5$3670                        Lab5
C:   00000B95  A$Lab5$3671                        Lab5
C:   00000B98  A$Lab5$3672                        Lab5
C:   00000B9A  A$Lab5$3673                        Lab5
C:   00000B9C  A$Lab5$3674                        Lab5
C:   00000B9E  A$Lab5$3677                        Lab5
C:   00000B9E  C$Lab5.c$437$1$166                 Lab5
C:   00000BA0  A$Lab5$3678                        Lab5
C:   00000BA2  A$Lab5$3679                        Lab5
C:   00000BA4  A$Lab5$3680                        Lab5
C:   00000BA6  A$Lab5$3681                        Lab5
C:   00000BA8  A$Lab5$3682                        Lab5
C:   00000BAA  A$Lab5$3683                        Lab5
C:   00000BAC  A$Lab5$3684                        Lab5
C:   00000BAE  A$Lab5$3685                        Lab5
C:   00000BB1  A$Lab5$3686                        Lab5
C:   00000BB3  A$Lab5$3687                        Lab5
C:   00000BB5  A$Lab5$3688                        Lab5
C:   00000BB7  A$Lab5$3691                        Lab5
C:   00000BB7  C$Lab5.c$438$1$166                 Lab5
C:   00000BB7  XG$updateLCD$0$0                   Lab5
C:   00000BB8  __gptrput                          _gptrput
C:   00000BD3  _abs                               abs
C:   00000BE0  __mulint                           _mulint
C:   00000BE0  __mulint_dummy                     _mulint
C:   00000C6D  _vsprintf                          sprintf
C:   00000CAA  _sprintf                           sprintf
C:   00000D03  _vprintf                           vprintf
C:   00000D1C  _printf                            vprintf
C:   00000DEE  __print_format                     printf_large
C:   000012F8  _strlen                            _strlen
C:   00001310  __gptrget                          _gptrget
C:   0000132C  __sdcc_external_startup            _startup

ASxxxx Linker V03.00 + NoICE + sdld,  page 66.
Hexadecimal  [32-Bits]

Area                                    Addr        Size        Decimal Bytes (Attributes)
--------------------------------        ----        ----        ------- ----- ------------
CONST                               00001330    00000127 =         295. bytes (REL,CON,CODE)

      Value  Global                              Global Defined In Module
      -----  --------------------------------   ------------------------
C:   00001330  FLab5$__str_0$0$0                  Lab5
C:   00001346  FLab5$__str_1$0$0                  Lab5
C:   00001356  FLab5$__str_2$0$0                  Lab5
C:   00001359  FLab5$__str_3$0$0                  Lab5
C:   0000138A  FLab5$__str_4$0$0                  Lab5
C:   000013A5  FLab5$__str_5$0$0                  Lab5
C:   000013B6  FLab5$__str_6$0$0                  Lab5
C:   000013C3  FLab5$__str_7$0$0                  Lab5
C:   000013D0  FLab5$__str_8$0$0                  Lab5
C:   000013DD  FLab5$__str_9$0$0                  Lab5
C:   000013F0  FLab5$__str_10$0$0                 Lab5
C:   00001403  FLab5$__str_11$0$0                 Lab5
C:   00001416  FLab5$__str_12$0$0                 Lab5
C:   0000142B  FLab5$__str_13$0$0                 Lab5
C:   0000143A  FLab5$__str_14$0$0                 Lab5
ASxxxx Linker V03.00 + NoICE + sdld,  page 67.

Files Linked                              [ module(s) ]

C:\SiLabs\Lab5\Lab5.rel                   [  ]


Libraries Linked                          [ object file ]

C:\Program Files (x86)\SDCC\bin\..\lib\small/mcs51.lib
                                          [ crtclear.rel ]
C:\Program Files (x86)\SDCC\bin\..\lib\small/mcs51.lib
                                          [ crtxinit.rel ]
C:\Program Files (x86)\SDCC\bin\..\lib\small/libsdcc.lib
                                          [ _gptrput.rel ]
C:\Program Files (x86)\SDCC\bin\..\lib\small/libsdcc.lib
                                          [ abs.rel ]
C:\Program Files (x86)\SDCC\bin\..\lib\small/libint.lib
                                          [ _mulint.rel ]
C:\Program Files (x86)\SDCC\bin\..\lib\small/libsdcc.lib
                                          [ sprintf.rel ]
C:\Program Files (x86)\SDCC\bin\..\lib\small/mcs51.lib
                                          [ crtxclear.rel ]
C:\Program Files (x86)\SDCC\bin\..\lib\small/libsdcc.lib
                                          [ _bp.rel ]
C:\Program Files (x86)\SDCC\bin\..\lib\small/libsdcc.lib
                                          [ vprintf.rel ]
C:\Program Files (x86)\SDCC\bin\..\lib\small/libsdcc.lib
                                          [ printf_large.rel ]
C:\Program Files (x86)\SDCC\bin\..\lib\small/libsdcc.lib
                                          [ _strlen.rel ]
C:\Program Files (x86)\SDCC\bin\..\lib\small/mcs51.lib
                                          [ crtstart.rel ]
C:\Program Files (x86)\SDCC\bin\..\lib\small/libsdcc.lib
                                          [ _gptrget.rel ]
C:\Program Files (x86)\SDCC\bin\..\lib\small/libsdcc.lib
                                          [ _startup.rel ]

ASxxxx Linker V03.00 + NoICE + sdld,  page 68.

User Base Address Definitions

HOME = 0x0000
XSEG = 0x0001
PSEG = 0x0001
ISEG = 0x0000
BSEG = 0x0000

