ASxxxx Linker V03.00 + NoICE + sdld,  page 1.
Hexadecimal  [32-Bits]

Area                                    Addr        Size        Decimal Bytes (Attributes)
--------------------------------        ----        ----        ------- ----- ------------
CABS                                00000000    00000000 =           0. bytes (ABS,CON,CODE)

      Value  Global                              Global Defined In Module
      -----  --------------------------------   ------------------------
C:   00000000  l_BIT_BANK                      
C:   00000000  l_CABS                          
C:   00000000  l_GSINIT1                       
C:   00000000  l_GSINIT5                       
C:   00000000  l_IABS                          
C:   00000000  l_PSEG                          
C:   00000000  l_REG_BANK_1                    
C:   00000000  l_REG_BANK_2                    
C:   00000000  l_REG_BANK_3                    
C:   00000000  l_RSEG                          
C:   00000000  l_RSEG0                         
C:   00000000  l_RSEG1                         
C:   00000000  l_XABS                          
C:   00000000  l_XINIT                         
C:   00000000  l_XISEG                         
C:   00000000  l_XSEG                          
C:   00000000  l__CODE                         
C:   00000000  s_BSEG                          
C:   00000000  s_CABS                          
C:   00000000  s_DSEG                          
C:   00000000  s_HOME                          
C:   00000000  s_IABS                          
C:   00000000  s_REG_BANK_0                    
C:   00000000  s_RSEG                          
C:   00000000  s_RSEG0                         
C:   00000000  s_RSEG1                         
C:   00000000  s_XABS                          
C:   00000001  s_PSEG                          
C:   00000001  s_XISEG                         
C:   00000001  s_XSEG                          
C:   00000002  l_BSEG_BYTES                    
C:   00000003  l_GSFINAL                       
C:   00000003  l_GSINIT0                       
C:   00000006  l_ISEG                          
C:   00000006  l_OSEG                          
C:   00000008  l_REG_BANK_0                    
C:   00000008  s_REG_BANK_1                    
C:   0000000A  l_BSEG                          
C:   0000000A  l_GSINIT2                       
C:   0000000E  s_OSEG                          
C:   00000010  s_REG_BANK_2                    
C:   00000011  l_HOME                          
C:   00000011  s_GSINIT0                       
C:   00000014  s_GSINIT1                       
C:   00000014  s_GSINIT2                       
C:   00000014  s_ISEG                          
C:   00000018  s_BIT_BANK                      
C:   00000018  s_REG_BANK_3                    
C:   0000001E  s_GSINIT3                       
C:   00000020  s_BSEG_BYTES                    
ASxxxx Linker V03.00 + NoICE + sdld,  page 2.
Hexadecimal  [32-Bits]

Area                                    Addr        Size        Decimal Bytes (Attributes)
--------------------------------        ----        ----        ------- ----- ------------
CABS                                00000000    00000000 =           0. bytes (ABS,CON,CODE)

      Value  Global                              Global Defined In Module
      -----  --------------------------------   ------------------------
C:   00000020  s__CODE                         
C:   00000022  l_GSINIT3                       
C:   00000029  l_GSINIT                        
C:   0000002A  l_GSINIT4                       
C:   00000040  s_GSINIT4                       
C:   00000060  s_SSEG                          
C:   0000006A  s_GSINIT                        
C:   0000006A  s_GSINIT5                       
C:   0000007A  l_DSEG                          
C:   00000093  s_GSFINAL                       
C:   00000096  s_CSEG                          
C:   000000A0  l_SSEG                          
C:   00000100  l_IRAM                          
C:   0000010E  l_CONST                         
C:   00001212  l_CSEG                          
C:   000012A8  s_CONST                         
C:   000013B6  s_XINIT                         

ASxxxx Linker V03.00 + NoICE + sdld,  page 3.
Hexadecimal  [32-Bits]

Area                                    Addr        Size        Decimal Bytes (Attributes)
--------------------------------        ----        ----        ------- ----- ------------
.  .ABS.                            00000000    00000000 =           0. bytes (ABS,CON)

      Value  Global                              Global Defined In Module
      -----  --------------------------------   ------------------------
     00000000  .__.ABS.                           _fsget1arg
     00000080  G$P0$0$0                           lab2
     00000080  G$P0_0$0$0                         lab2
     00000080  _P0                                lab2
     00000080  _P0_0                              lab2
     00000081  G$P0_1$0$0                         lab2
     00000081  G$SP$0$0                           lab2
     00000081  _P0_1                              lab2
     00000081  _SP                                lab2
     00000082  G$DPL$0$0                          lab2
     00000082  G$P0_2$0$0                         lab2
     00000082  _DPL                               lab2
     00000082  _P0_2                              lab2
     00000083  G$DPH$0$0                          lab2
     00000083  G$P0_3$0$0                         lab2
     00000083  _DPH                               lab2
     00000083  _P0_3                              lab2
     00000084  G$P0_4$0$0                         lab2
     00000084  G$P4$0$0                           lab2
     00000084  _P0_4                              lab2
     00000084  _P4                                lab2
     00000085  G$P0_5$0$0                         lab2
     00000085  G$P5$0$0                           lab2
     00000085  _P0_5                              lab2
     00000085  _P5                                lab2
     00000086  G$P0_6$0$0                         lab2
     00000086  G$P6$0$0                           lab2
     00000086  _P0_6                              lab2
     00000086  _P6                                lab2
     00000087  G$P0_7$0$0                         lab2
     00000087  G$PCON$0$0                         lab2
     00000087  _P0_7                              lab2
     00000087  _PCON                              lab2
     00000088  G$IT0$0$0                          lab2
     00000088  G$TCON$0$0                         lab2
     00000088  _IT0                               lab2
     00000088  _TCON                              lab2
     00000089  G$IE0$0$0                          lab2
     00000089  G$TMOD$0$0                         lab2
     00000089  _IE0                               lab2
     00000089  _TMOD                              lab2
     0000008A  G$IT1$0$0                          lab2
     0000008A  G$TL0$0$0                          lab2
     0000008A  _IT1                               lab2
     0000008A  _TL0                               lab2
     0000008B  G$IE1$0$0                          lab2
     0000008B  G$TL1$0$0                          lab2
     0000008B  _IE1                               lab2
     0000008B  _TL1                               lab2
     0000008C  G$TH0$0$0                          lab2
ASxxxx Linker V03.00 + NoICE + sdld,  page 4.
Hexadecimal  [32-Bits]

Area                                    Addr        Size        Decimal Bytes (Attributes)
--------------------------------        ----        ----        ------- ----- ------------
.  .ABS.                            00000000    00000000 =           0. bytes (ABS,CON)

      Value  Global                              Global Defined In Module
      -----  --------------------------------   ------------------------
     0000008C  G$TR0$0$0                          lab2
     0000008C  _TH0                               lab2
     0000008C  _TR0                               lab2
     0000008D  G$TF0$0$0                          lab2
     0000008D  G$TH1$0$0                          lab2
     0000008D  _TF0                               lab2
     0000008D  _TH1                               lab2
     0000008E  G$CKCON$0$0                        lab2
     0000008E  G$TR1$0$0                          lab2
     0000008E  _CKCON                             lab2
     0000008E  _TR1                               lab2
     0000008F  G$PSCTL$0$0                        lab2
     0000008F  G$TF1$0$0                          lab2
     0000008F  _PSCTL                             lab2
     0000008F  _TF1                               lab2
     00000090  G$P1$0$0                           lab2
     00000090  G$P1_0$0$0                         lab2
     00000090  _P1                                lab2
     00000090  _P1_0                              lab2
     00000091  G$P1_1$0$0                         lab2
     00000091  G$TMR3CN$0$0                       lab2
     00000091  _P1_1                              lab2
     00000091  _TMR3CN                            lab2
     00000092  G$P1_2$0$0                         lab2
     00000092  G$TMR3RLL$0$0                      lab2
     00000092  _P1_2                              lab2
     00000092  _TMR3RLL                           lab2
     00000093  G$P1_3$0$0                         lab2
     00000093  G$TMR3RLH$0$0                      lab2
     00000093  _P1_3                              lab2
     00000093  _TMR3RLH                           lab2
     00000094  G$P1_4$0$0                         lab2
     00000094  G$TMR3L$0$0                        lab2
     00000094  _P1_4                              lab2
     00000094  _TMR3L                             lab2
     00000095  G$P1_5$0$0                         lab2
     00000095  G$TMR3H$0$0                        lab2
     00000095  _P1_5                              lab2
     00000095  _TMR3H                             lab2
     00000096  G$P1_6$0$0                         lab2
     00000096  G$P7$0$0                           lab2
     00000096  _P1_6                              lab2
     00000096  _P7                                lab2
     00000097  G$P1_7$0$0                         lab2
     00000097  _P1_7                              lab2
     00000098  G$RI$0$0                           lab2
     00000098  G$RI0$0$0                          lab2
     00000098  G$SCON$0$0                         lab2
     00000098  G$SCON0$0$0                        lab2
     00000098  _RI                                lab2
     00000098  _RI0                               lab2
ASxxxx Linker V03.00 + NoICE + sdld,  page 5.
Hexadecimal  [32-Bits]

Area                                    Addr        Size        Decimal Bytes (Attributes)
--------------------------------        ----        ----        ------- ----- ------------
.  .ABS.                            00000000    00000000 =           0. bytes (ABS,CON)

      Value  Global                              Global Defined In Module
      -----  --------------------------------   ------------------------
     00000098  _SCON                              lab2
     00000098  _SCON0                             lab2
     00000099  G$SBUF$0$0                         lab2
     00000099  G$SBUF0$0$0                        lab2
     00000099  G$TI$0$0                           lab2
     00000099  G$TI0$0$0                          lab2
     00000099  _SBUF                              lab2
     00000099  _SBUF0                             lab2
     00000099  _TI                                lab2
     00000099  _TI0                               lab2
     0000009A  G$RB8$0$0                          lab2
     0000009A  G$RB80$0$0                         lab2
     0000009A  G$SPI0CFG$0$0                      lab2
     0000009A  _RB8                               lab2
     0000009A  _RB80                              lab2
     0000009A  _SPI0CFG                           lab2
     0000009B  G$SPI0DAT$0$0                      lab2
     0000009B  G$TB8$0$0                          lab2
     0000009B  G$TB80$0$0                         lab2
     0000009B  _SPI0DAT                           lab2
     0000009B  _TB8                               lab2
     0000009B  _TB80                              lab2
     0000009C  G$ADC1$0$0                         lab2
     0000009C  G$REN$0$0                          lab2
     0000009C  G$REN0$0$0                         lab2
     0000009C  _ADC1                              lab2
     0000009C  _REN                               lab2
     0000009C  _REN0                              lab2
     0000009D  G$MCE0$0$0                         lab2
     0000009D  G$SM2$0$0                          lab2
     0000009D  G$SM20$0$0                         lab2
     0000009D  G$SPI0CKR$0$0                      lab2
     0000009D  _MCE0                              lab2
     0000009D  _SM2                               lab2
     0000009D  _SM20                              lab2
     0000009D  _SPI0CKR                           lab2
     0000009E  G$CPT0CN$0$0                       lab2
     0000009E  G$SM1$0$0                          lab2
     0000009E  G$SM10$0$0                         lab2
     0000009E  _CPT0CN                            lab2
     0000009E  _SM1                               lab2
     0000009E  _SM10                              lab2
     0000009F  G$CPT1CN$0$0                       lab2
     0000009F  G$S0MODE$0$0                       lab2
     0000009F  G$SM0$0$0                          lab2
     0000009F  G$SM00$0$0                         lab2
     0000009F  _CPT1CN                            lab2
     0000009F  _S0MODE                            lab2
     0000009F  _SM0                               lab2
     0000009F  _SM00                              lab2
     000000A0  G$P2$0$0                           lab2
ASxxxx Linker V03.00 + NoICE + sdld,  page 6.
Hexadecimal  [32-Bits]

Area                                    Addr        Size        Decimal Bytes (Attributes)
--------------------------------        ----        ----        ------- ----- ------------
.  .ABS.                            00000000    00000000 =           0. bytes (ABS,CON)

      Value  Global                              Global Defined In Module
      -----  --------------------------------   ------------------------
     000000A0  G$P2_0$0$0                         lab2
     000000A0  G$SS$0$0                           lab2
     000000A0  _P2                                lab2
     000000A0  _P2_0                              lab2
     000000A0  _SS                                lab2
     000000A1  G$EMI0TC$0$0                       lab2
     000000A1  G$P2_1$0$0                         lab2
     000000A1  _EMI0TC                            lab2
     000000A1  _P2_1                              lab2
     000000A2  G$P2_2$0$0                         lab2
     000000A2  G$PB3$0$0                          lab2
     000000A2  _P2_2                              lab2
     000000A2  _PB3                               lab2
     000000A3  G$EMI0CF$0$0                       lab2
     000000A3  G$P2_3$0$0                         lab2
     000000A3  _EMI0CF                            lab2
     000000A3  _P2_3                              lab2
     000000A4  G$BLED10$0$0                       lab2
     000000A4  G$P0MDOUT$0$0                      lab2
     000000A4  G$P2_4$0$0                         lab2
     000000A4  G$PRT0CF$0$0                       lab2
     000000A4  _BLED10                            lab2
     000000A4  _P0MDOUT                           lab2
     000000A4  _P2_4                              lab2
     000000A4  _PRT0CF                            lab2
     000000A5  G$BLED11$0$0                       lab2
     000000A5  G$P1MDOUT$0$0                      lab2
     000000A5  G$P2_5$0$0                         lab2
     000000A5  G$PRT1CF$0$0                       lab2
     000000A5  _BLED11                            lab2
     000000A5  _P1MDOUT                           lab2
     000000A5  _P2_5                              lab2
     000000A5  _PRT1CF                            lab2
     000000A6  G$P2MDOUT$0$0                      lab2
     000000A6  G$P2_6$0$0                         lab2
     000000A6  G$PRT2CF$0$0                       lab2
     000000A6  _P2MDOUT                           lab2
     000000A6  _P2_6                              lab2
     000000A6  _PRT2CF                            lab2
     000000A7  G$P2_7$0$0                         lab2
     000000A7  G$P3MDOUT$0$0                      lab2
     000000A7  G$PRT3CF$0$0                       lab2
     000000A7  _P2_7                              lab2
     000000A7  _P3MDOUT                           lab2
     000000A7  _PRT3CF                            lab2
     000000A8  G$EX0$0$0                          lab2
     000000A8  G$IE$0$0                           lab2
     000000A8  _EX0                               lab2
     000000A8  _IE                                lab2
     000000A9  G$ET0$0$0                          lab2
     000000A9  G$SADDR0$0$0                       lab2
ASxxxx Linker V03.00 + NoICE + sdld,  page 7.
Hexadecimal  [32-Bits]

Area                                    Addr        Size        Decimal Bytes (Attributes)
--------------------------------        ----        ----        ------- ----- ------------
.  .ABS.                            00000000    00000000 =           0. bytes (ABS,CON)

      Value  Global                              Global Defined In Module
      -----  --------------------------------   ------------------------
     000000A9  _ET0                               lab2
     000000A9  _SADDR0                            lab2
     000000AA  G$ADC1CN$0$0                       lab2
     000000AA  G$EX1$0$0                          lab2
     000000AA  _ADC1CN                            lab2
     000000AA  _EX1                               lab2
     000000AB  G$ADC1CF$0$0                       lab2
     000000AB  G$ET1$0$0                          lab2
     000000AB  _ADC1CF                            lab2
     000000AB  _ET1                               lab2
     000000AC  G$AMX1SL$0$0                       lab2
     000000AC  G$ES$0$0                           lab2
     000000AC  G$ES0$0$0                          lab2
     000000AC  _AMX1SL                            lab2
     000000AC  _ES                                lab2
     000000AC  _ES0                               lab2
     000000AD  G$ET2$0$0                          lab2
     000000AD  G$P3IF$0$0                         lab2
     000000AD  _ET2                               lab2
     000000AD  _P3IF                              lab2
     000000AE  G$SADEN1$0$0                       lab2
     000000AE  _SADEN1                            lab2
     000000AF  G$EA$0$0                           lab2
     000000AF  G$EMI0CN$0$0                       lab2
     000000AF  G$_XPAGE$0$0                       lab2
     000000AF  _EA                                lab2
     000000AF  _EMI0CN                            lab2
     000000AF  __XPAGE                            lab2
     000000B0  G$P3$0$0                           lab2
     000000B0  G$P3_0$0$0                         lab2
     000000B0  G$PB1$0$0                          lab2
     000000B0  _P3                                lab2
     000000B0  _P3_0                              lab2
     000000B0  _PB1                               lab2
     000000B1  G$OSCXCN$0$0                       lab2
     000000B1  G$P3_1$0$0                         lab2
     000000B1  G$PB2$0$0                          lab2
     000000B1  _OSCXCN                            lab2
     000000B1  _P3_1                              lab2
     000000B1  _PB2                               lab2
     000000B2  G$LED2$0$0                         lab2
     000000B2  G$OSCICN$0$0                       lab2
     000000B2  G$P3_2$0$0                         lab2
     000000B2  _LED2                              lab2
     000000B2  _OSCICN                            lab2
     000000B2  _P3_2                              lab2
     000000B3  G$BLED00$0$0                       lab2
     000000B3  G$P3_3$0$0                         lab2
     000000B3  _BLED00                            lab2
     000000B3  _P3_3                              lab2
     000000B4  G$BLED01$0$0                       lab2
ASxxxx Linker V03.00 + NoICE + sdld,  page 8.
Hexadecimal  [32-Bits]

Area                                    Addr        Size        Decimal Bytes (Attributes)
--------------------------------        ----        ----        ------- ----- ------------
.  .ABS.                            00000000    00000000 =           0. bytes (ABS,CON)

      Value  Global                              Global Defined In Module
      -----  --------------------------------   ------------------------
     000000B4  G$P3_4$0$0                         lab2
     000000B4  _BLED01                            lab2
     000000B4  _P3_4                              lab2
     000000B5  G$LED1$0$0                         lab2
     000000B5  G$P3_5$0$0                         lab2
     000000B5  G$P74OUT$0$0                       lab2
     000000B5  _LED1                              lab2
     000000B5  _P3_5                              lab2
     000000B5  _P74OUT                            lab2
     000000B6  G$FLSCL$0$0                        lab2
     000000B6  G$LED0$0$0                         lab2
     000000B6  G$P3_6$0$0                         lab2
     000000B6  _FLSCL                             lab2
     000000B6  _LED0                              lab2
     000000B6  _P3_6                              lab2
     000000B7  G$BZ$0$0                           lab2
     000000B7  G$FLACL$0$0                        lab2
     000000B7  G$P3_7$0$0                         lab2
     000000B7  _BZ                                lab2
     000000B7  _FLACL                             lab2
     000000B7  _P3_7                              lab2
     000000B8  G$IP$0$0                           lab2
     000000B8  G$PX0$0$0                          lab2
     000000B8  _IP                                lab2
     000000B8  _PX0                               lab2
     000000B9  G$PT0$0$0                          lab2
     000000B9  G$SADEN0$0$0                       lab2
     000000B9  _PT0                               lab2
     000000B9  _SADEN0                            lab2
     000000BA  G$AMX0CF$0$0                       lab2
     000000BA  G$PX1$0$0                          lab2
     000000BA  _AMX0CF                            lab2
     000000BA  _PX1                               lab2
     000000BB  G$AMX0SL$0$0                       lab2
     000000BB  G$PT1$0$0                          lab2
     000000BB  _AMX0SL                            lab2
     000000BB  _PT1                               lab2
     000000BC  G$ADC0CF$0$0                       lab2
     000000BC  G$PS$0$0                           lab2
     000000BC  G$PS0$0$0                          lab2
     000000BC  _ADC0CF                            lab2
     000000BC  _PS                                lab2
     000000BC  _PS0                               lab2
     000000BD  G$P1MDIN$0$0                       lab2
     000000BD  G$PT2$0$0                          lab2
     000000BD  _P1MDIN                            lab2
     000000BD  _PT2                               lab2
     000000BE  G$ADC0L$0$0                        lab2
     000000BE  _ADC0L                             lab2
     000000BF  G$ADC0H$0$0                        lab2
     000000BF  _ADC0H                             lab2
ASxxxx Linker V03.00 + NoICE + sdld,  page 9.
Hexadecimal  [32-Bits]

Area                                    Addr        Size        Decimal Bytes (Attributes)
--------------------------------        ----        ----        ------- ----- ------------
.  .ABS.                            00000000    00000000 =           0. bytes (ABS,CON)

      Value  Global                              Global Defined In Module
      -----  --------------------------------   ------------------------
     000000C0  G$SMB0CN$0$0                       lab2
     000000C0  G$SMBTOE$0$0                       lab2
     000000C0  _SMB0CN                            lab2
     000000C0  _SMBTOE                            lab2
     000000C1  G$SMB0STA$0$0                      lab2
     000000C1  G$SMBFTE$0$0                       lab2
     000000C1  _SMB0STA                           lab2
     000000C1  _SMBFTE                            lab2
     000000C2  G$AA$0$0                           lab2
     000000C2  G$SMB0DAT$0$0                      lab2
     000000C2  _AA                                lab2
     000000C2  _SMB0DAT                           lab2
     000000C3  G$SI$0$0                           lab2
     000000C3  G$SMB0ADR$0$0                      lab2
     000000C3  _SI                                lab2
     000000C3  _SMB0ADR                           lab2
     000000C4  G$ADC0GTL$0$0                      lab2
     000000C4  G$STO$0$0                          lab2
     000000C4  _ADC0GTL                           lab2
     000000C4  _STO                               lab2
     000000C5  G$ADC0GTH$0$0                      lab2
     000000C5  G$STA$0$0                          lab2
     000000C5  _ADC0GTH                           lab2
     000000C5  _STA                               lab2
     000000C6  G$ADC0LTL$0$0                      lab2
     000000C6  G$ENSMB$0$0                        lab2
     000000C6  _ADC0LTL                           lab2
     000000C6  _ENSMB                             lab2
     000000C7  G$ADC0LTH$0$0                      lab2
     000000C7  G$BUSY$0$0                         lab2
     000000C7  _ADC0LTH                           lab2
     000000C7  _BUSY                              lab2
     000000C8  G$CPRL2$0$0                        lab2
     000000C8  G$T2CON$0$0                        lab2
     000000C8  _CPRL2                             lab2
     000000C8  _T2CON                             lab2
     000000C9  G$CT2$0$0                          lab2
     000000C9  G$T4CON$0$0                        lab2
     000000C9  _CT2                               lab2
     000000C9  _T4CON                             lab2
     000000CA  G$RCAP2L$0$0                       lab2
     000000CA  G$TR2$0$0                          lab2
     000000CA  _RCAP2L                            lab2
     000000CA  _TR2                               lab2
     000000CB  G$EXEN2$0$0                        lab2
     000000CB  G$RCAP2H$0$0                       lab2
     000000CB  _EXEN2                             lab2
     000000CB  _RCAP2H                            lab2
     000000CC  G$TCLK$0$0                         lab2
     000000CC  G$TL2$0$0                          lab2
     000000CC  _TCLK                              lab2
ASxxxx Linker V03.00 + NoICE + sdld,  page 10.
Hexadecimal  [32-Bits]

Area                                    Addr        Size        Decimal Bytes (Attributes)
--------------------------------        ----        ----        ------- ----- ------------
.  .ABS.                            00000000    00000000 =           0. bytes (ABS,CON)

      Value  Global                              Global Defined In Module
      -----  --------------------------------   ------------------------
     000000CC  _TL2                               lab2
     000000CD  G$RCLK$0$0                         lab2
     000000CD  G$TH2$0$0                          lab2
     000000CD  _RCLK                              lab2
     000000CD  _TH2                               lab2
     000000CE  G$EXF2$0$0                         lab2
     000000CE  _EXF2                              lab2
     000000CF  G$SMB0CR$0$0                       lab2
     000000CF  G$TF2$0$0                          lab2
     000000CF  _SMB0CR                            lab2
     000000CF  _TF2                               lab2
     000000D0  G$P$0$0                            lab2
     000000D0  G$PSW$0$0                          lab2
     000000D0  _P                                 lab2
     000000D0  _PSW                               lab2
     000000D1  G$F1$0$0                           lab2
     000000D1  G$REF0CN$0$0                       lab2
     000000D1  _F1                                lab2
     000000D1  _REF0CN                            lab2
     000000D2  G$DAC0L$0$0                        lab2
     000000D2  G$OV$0$0                           lab2
     000000D2  _DAC0L                             lab2
     000000D2  _OV                                lab2
     000000D3  G$DAC0H$0$0                        lab2
     000000D3  G$RS0$0$0                          lab2
     000000D3  _DAC0H                             lab2
     000000D3  _RS0                               lab2
     000000D4  G$DAC0CN$0$0                       lab2
     000000D4  G$RS1$0$0                          lab2
     000000D4  _DAC0CN                            lab2
     000000D4  _RS1                               lab2
     000000D5  G$DAC1L$0$0                        lab2
     000000D5  G$F0$0$0                           lab2
     000000D5  _DAC1L                             lab2
     000000D5  _F0                                lab2
     000000D6  G$AC$0$0                           lab2
     000000D6  G$DAC1H$0$0                        lab2
     000000D6  _AC                                lab2
     000000D6  _DAC1H                             lab2
     000000D7  G$CY$0$0                           lab2
     000000D7  G$DAC1CN$0$0                       lab2
     000000D7  _CY                                lab2
     000000D7  _DAC1CN                            lab2
     000000D8  G$CCF0$0$0                         lab2
     000000D8  G$PCA0CN$0$0                       lab2
     000000D8  _CCF0                              lab2
     000000D8  _PCA0CN                            lab2
     000000D9  G$CCF1$0$0                         lab2
     000000D9  G$PCA0MD$0$0                       lab2
     000000D9  _CCF1                              lab2
     000000D9  _PCA0MD                            lab2
ASxxxx Linker V03.00 + NoICE + sdld,  page 11.
Hexadecimal  [32-Bits]

Area                                    Addr        Size        Decimal Bytes (Attributes)
--------------------------------        ----        ----        ------- ----- ------------
.  .ABS.                            00000000    00000000 =           0. bytes (ABS,CON)

      Value  Global                              Global Defined In Module
      -----  --------------------------------   ------------------------
     000000DA  G$CCF2$0$0                         lab2
     000000DA  G$PCA0CPM0$0$0                     lab2
     000000DA  _CCF2                              lab2
     000000DA  _PCA0CPM0                          lab2
     000000DB  G$CCF3$0$0                         lab2
     000000DB  G$PCA0CPM1$0$0                     lab2
     000000DB  _CCF3                              lab2
     000000DB  _PCA0CPM1                          lab2
     000000DC  G$CCF4$0$0                         lab2
     000000DC  G$PCA0CPM2$0$0                     lab2
     000000DC  _CCF4                              lab2
     000000DC  _PCA0CPM2                          lab2
     000000DD  G$PCA0CPM3$0$0                     lab2
     000000DD  _PCA0CPM3                          lab2
     000000DE  G$CR$0$0                           lab2
     000000DE  G$PCA0CPM4$0$0                     lab2
     000000DE  _CR                                lab2
     000000DE  _PCA0CPM4                          lab2
     000000DF  G$CF$0$0                           lab2
     000000DF  _CF                                lab2
     000000E0  G$ACC$0$0                          lab2
     000000E0  _ACC                               lab2
     000000E1  G$XBR0$0$0                         lab2
     000000E1  _XBR0                              lab2
     000000E2  G$XBR1$0$0                         lab2
     000000E2  _XBR1                              lab2
     000000E3  G$XBR2$0$0                         lab2
     000000E3  _XBR2                              lab2
     000000E4  G$RCAP4L$0$0                       lab2
     000000E4  _RCAP4L                            lab2
     000000E5  G$RCAP4H$0$0                       lab2
     000000E5  _RCAP4H                            lab2
     000000E6  G$EIE1$0$0                         lab2
     000000E6  _EIE1                              lab2
     000000E7  G$EIE2$0$0                         lab2
     000000E7  _EIE2                              lab2
     000000E8  G$AD0LJST$0$0                      lab2
     000000E8  G$ADC0CN$0$0                       lab2
     000000E8  G$ADLJST$0$0                       lab2
     000000E8  _AD0LJST                           lab2
     000000E8  _ADC0CN                            lab2
     000000E8  _ADLJST                            lab2
     000000E9  G$AD0WINT$0$0                      lab2
     000000E9  G$ADWINT$0$0                       lab2
     000000E9  G$PCA0L$0$0                        lab2
     000000E9  _AD0WINT                           lab2
     000000E9  _ADWINT                            lab2
     000000E9  _PCA0L                             lab2
     000000EA  G$AD0CM0$0$0                       lab2
     000000EA  G$ADSTM0$0$0                       lab2
     000000EA  G$PCA0CPL0$0$0                     lab2
ASxxxx Linker V03.00 + NoICE + sdld,  page 12.
Hexadecimal  [32-Bits]

Area                                    Addr        Size        Decimal Bytes (Attributes)
--------------------------------        ----        ----        ------- ----- ------------
.  .ABS.                            00000000    00000000 =           0. bytes (ABS,CON)

      Value  Global                              Global Defined In Module
      -----  --------------------------------   ------------------------
     000000EA  _AD0CM0                            lab2
     000000EA  _ADSTM0                            lab2
     000000EA  _PCA0CPL0                          lab2
     000000EB  G$AD0CM1$0$0                       lab2
     000000EB  G$ADSTM1$0$0                       lab2
     000000EB  G$PCA0CPL1$0$0                     lab2
     000000EB  _AD0CM1                            lab2
     000000EB  _ADSTM1                            lab2
     000000EB  _PCA0CPL1                          lab2
     000000EC  G$AD0BUSY$0$0                      lab2
     000000EC  G$ADBUSY$0$0                       lab2
     000000EC  G$PCA0CPL2$0$0                     lab2
     000000EC  _AD0BUSY                           lab2
     000000EC  _ADBUSY                            lab2
     000000EC  _PCA0CPL2                          lab2
     000000ED  G$AD0INT$0$0                       lab2
     000000ED  G$ADCINT$0$0                       lab2
     000000ED  G$PCA0CPL3$0$0                     lab2
     000000ED  _AD0INT                            lab2
     000000ED  _ADCINT                            lab2
     000000ED  _PCA0CPL3                          lab2
     000000EE  G$AD0TM$0$0                        lab2
     000000EE  G$ADCTM$0$0                        lab2
     000000EE  G$PCA0CPL4$0$0                     lab2
     000000EE  _AD0TM                             lab2
     000000EE  _ADCTM                             lab2
     000000EE  _PCA0CPL4                          lab2
     000000EF  G$AD0EN$0$0                        lab2
     000000EF  G$ADCEN$0$0                        lab2
     000000EF  G$RSTSRC$0$0                       lab2
     000000EF  _AD0EN                             lab2
     000000EF  _ADCEN                             lab2
     000000EF  _RSTSRC                            lab2
     000000F0  G$B$0$0                            lab2
     000000F0  _B                                 lab2
     000000F1  G$SCON1$0$0                        lab2
     000000F1  _SCON1                             lab2
     000000F2  G$SBUF1$0$0                        lab2
     000000F2  _SBUF1                             lab2
     000000F3  G$SADDR1$0$0                       lab2
     000000F3  _SADDR1                            lab2
     000000F4  G$TL4$0$0                          lab2
     000000F4  _TL4                               lab2
     000000F5  G$TH4$0$0                          lab2
     000000F5  _B_5                               _gptrget
     000000F5  _TH4                               lab2
     000000F6  G$EIP1$0$0                         lab2
     000000F6  _B_6                               _gptrget
     000000F6  _EIP1                              lab2
     000000F7  G$EIP2$0$0                         lab2
     000000F7  _B_7                               _gptrget
ASxxxx Linker V03.00 + NoICE + sdld,  page 13.
Hexadecimal  [32-Bits]

Area                                    Addr        Size        Decimal Bytes (Attributes)
--------------------------------        ----        ----        ------- ----- ------------
.  .ABS.                            00000000    00000000 =           0. bytes (ABS,CON)

      Value  Global                              Global Defined In Module
      -----  --------------------------------   ------------------------
     000000F7  _EIP2                              lab2
     000000F8  G$SPI0CN$0$0                       lab2
     000000F8  G$SPIEN$0$0                        lab2
     000000F8  _SPI0CN                            lab2
     000000F8  _SPIEN                             lab2
     000000F9  G$MSTEN$0$0                        lab2
     000000F9  G$PCA0H$0$0                        lab2
     000000F9  _MSTEN                             lab2
     000000F9  _PCA0H                             lab2
     000000FA  G$PCA0CPH0$0$0                     lab2
     000000FA  G$SLVSEL$0$0                       lab2
     000000FA  _PCA0CPH0                          lab2
     000000FA  _SLVSEL                            lab2
     000000FB  G$PCA0CPH1$0$0                     lab2
     000000FB  G$TXBSY$0$0                        lab2
     000000FB  _PCA0CPH1                          lab2
     000000FB  _TXBSY                             lab2
     000000FC  G$PCA0CPH2$0$0                     lab2
     000000FC  G$RXOVRN$0$0                       lab2
     000000FC  _PCA0CPH2                          lab2
     000000FC  _RXOVRN                            lab2
     000000FD  G$MODF$0$0                         lab2
     000000FD  G$PCA0CPH3$0$0                     lab2
     000000FD  _MODF                              lab2
     000000FD  _PCA0CPH3                          lab2
     000000FE  G$PCA0CPH4$0$0                     lab2
     000000FE  G$WCOL$0$0                         lab2
     000000FE  _PCA0CPH4                          lab2
     000000FE  _WCOL                              lab2
     000000FF  G$SPIF$0$0                         lab2
     000000FF  G$WDTCN$0$0                        lab2
     000000FF  _SPIF                              lab2
     000000FF  _WDTCN                             lab2
     00008C8A  G$TMR0$0$0                         lab2
     00008C8A  _TMR0                              lab2
     00008D8B  G$TMR1$0$0                         lab2
     00008D8B  _TMR1                              lab2
     00009392  G$TMR3RL$0$0                       lab2
     00009392  _TMR3RL                            lab2
     00009594  G$TMR3$0$0                         lab2
     00009594  _TMR3                              lab2
     0000BFBE  G$ADC0$0$0                         lab2
     0000BFBE  _ADC0                              lab2
     0000C5C4  G$ADC0GT$0$0                       lab2
     0000C5C4  _ADC0GT                            lab2
     0000C7C6  G$ADC0LT$0$0                       lab2
     0000C7C6  _ADC0LT                            lab2
     0000CBCA  G$RCAP2$0$0                        lab2
     0000CBCA  _RCAP2                             lab2
     0000CDCC  G$TMR2$0$0                         lab2
     0000CDCC  _TMR2                              lab2
ASxxxx Linker V03.00 + NoICE + sdld,  page 14.
Hexadecimal  [32-Bits]

Area                                    Addr        Size        Decimal Bytes (Attributes)
--------------------------------        ----        ----        ------- ----- ------------
.  .ABS.                            00000000    00000000 =           0. bytes (ABS,CON)

      Value  Global                              Global Defined In Module
      -----  --------------------------------   ------------------------
     0000D3D2  G$DAC0$0$0                         lab2
     0000D3D2  _DAC0                              lab2
     0000D6D5  G$DAC1$0$0                         lab2
     0000D6D5  _DAC1                              lab2
     0000E5E4  G$RCAP4$0$0                        lab2
     0000E5E4  _RCAP4                             lab2
     0000F5F4  G$TMR4$0$0                         lab2
     0000F5F4  _TMR4                              lab2
     0000F9E9  G$PCA0$0$0                         lab2
     0000F9E9  _PCA0                              lab2
     0000FAEA  G$PCA0CP0$0$0                      lab2
     0000FAEA  _PCA0CP0                           lab2
     0000FBEB  G$PCA0CP1$0$0                      lab2
     0000FBEB  _PCA0CP1                           lab2
     0000FCEC  G$PCA0CP2$0$0                      lab2
     0000FCEC  _PCA0CP2                           lab2
     0000FDED  G$PCA0CP3$0$0                      lab2
     0000FDED  _PCA0CP3                           lab2
     0000FEEE  G$PCA0CP4$0$0                      lab2
     0000FEEE  _PCA0CP4                           lab2

ASxxxx Linker V03.00 + NoICE + sdld,  page 15.
Hexadecimal  [32-Bits]

Area                                    Addr        Size        Decimal Bytes (Attributes)
--------------------------------        ----        ----        ------- ----- ------------
BSEG_BYTES                          00000020    00000002 =           2. bytes (REL,CON)

      Value  Global                              Global Defined In Module
      -----  --------------------------------   ------------------------
ASxxxx Linker V03.00 + NoICE + sdld,  page 16.
Hexadecimal  [32-Bits]

Area                                    Addr        Size        Decimal Bytes (Attributes)
--------------------------------        ----        ----        ------- ----- ------------
REG_BANK_0                          00000000    00000008 =           8. bytes (REL,OVR)

      Value  Global                              Global Defined In Module
      -----  --------------------------------   ------------------------
ASxxxx Linker V03.00 + NoICE + sdld,  page 17.
Hexadecimal  [32-Bits]

Area                                    Addr        Size        Decimal Bytes (Attributes)
--------------------------------        ----        ----        ------- ----- ------------
DSEG                                00000000    0000007A =         122. bytes (REL,CON)

      Value  Global                              Global Defined In Module
      -----  --------------------------------   ------------------------
     0000000C  _vprintf_PARM_2                    vprintf
     0000000D  _bp                                _bp
     00000022  G$Counts$0$0                       lab2
     00000022  _Counts                            lab2
     00000024  G$Player1$0$0                      lab2
     00000024  _Player1                           lab2
     0000002A  G$Player2$0$0                      lab2
     0000002A  _Player2                           lab2
     00000030  G$PB1_flag$0$0                     lab2
     00000030  _PB1_flag                          lab2
     00000031  G$PB2_flag$0$0                     lab2
     00000031  _PB2_flag                          lab2
     00000032  G$PB3_flag$0$0                     lab2
     00000032  _PB3_flag                          lab2
     00000033  G$check$0$0                        lab2
     00000033  _check                             lab2
     00000034  G$dodges$0$0                       lab2
     00000034  _dodges                            lab2
     00000035  G$hits$0$0                         lab2
     00000035  _hits                              lab2
     00000036  G$prev$0$0                         lab2
     00000036  _prev                              lab2
     00000037  G$num$0$0                          lab2
     00000037  _num                               lab2
     00000038  G$T1$0$0                           lab2
     00000038  _T1                                lab2
     0000003A  G$T2$0$0                           lab2
     0000003A  _T2                                lab2
     0000003C  G$Rounds$0$0                       lab2
     0000003C  _Rounds                            lab2
     0000003D  G$Tmax$0$0                         lab2
     0000003D  _Tmax                              lab2
     0000003F  Llab2.Play$player$1$90             lab2
     00000040  Llab2.Play$sloc0$1$0               lab2
     00000041  Llab2.Play$sloc1$1$0               lab2
     00000045  Llab2.PrintScore$num$1$131         lab2
     00000052  __print_format_PARM_2              printf_large
     00000055  __print_format_PARM_3              printf_large
     00000058  __print_format_PARM_4              printf_large
ASxxxx Linker V03.00 + NoICE + sdld,  page 18.
Hexadecimal  [32-Bits]

Area                                    Addr        Size        Decimal Bytes (Attributes)
--------------------------------        ----        ----        ------- ----- ------------
OSEG                                0000000E    00000006 =           6. bytes (REL,OVR)

      Value  Global                              Global Defined In Module
      -----  --------------------------------   ------------------------
     0000000E  Llab2.Bonus$player$1$104           lab2
     0000000E  Llab2.Check_Flags$F1$1$119         lab2
     0000000E  Llab2.ResetGame$sloc0$1$0          lab2
     0000000E  _Bonus_PARM_2                      lab2
     0000000E  _Check_Flags_PARM_2                lab2
     0000000E  __divsint_PARM_2                   _divuint
     0000000E  __divuint_PARM_2                   _divuint
     0000000E  __modsint_PARM_2                   _moduint
     0000000E  __moduint_PARM_2                   _moduint
     0000000E  __mullong_PARM_2                   _mullong
     0000000F  Llab2.Check_Flags$F2$1$119         lab2
     0000000F  _Check_Flags_PARM_3                lab2
     00000010  Llab2.Check_Flags$F3$1$119         lab2
     00000010  _Check_Flags_PARM_4                lab2

ASxxxx Linker V03.00 + NoICE + sdld,  page 19.
Hexadecimal  [32-Bits]

Area                                    Addr        Size        Decimal Bytes (Attributes)
--------------------------------        ----        ----        ------- ----- ------------
ISEG                                00000014    00000006 =           6. bytes (REL,CON)

      Value  Global                              Global Defined In Module
      -----  --------------------------------   ------------------------
ASxxxx Linker V03.00 + NoICE + sdld,  page 20.
Hexadecimal  [32-Bits]

Area                                    Addr        Size        Decimal Bytes (Attributes)
--------------------------------        ----        ----        ------- ----- ------------
SSEG                                00000060    000000A0 =         160. bytes (REL,OVR)

      Value  Global                              Global Defined In Module
      -----  --------------------------------   ------------------------
     00000060  __start__stack                     lab2

ASxxxx Linker V03.00 + NoICE + sdld,  page 21.
Hexadecimal  [32-Bits]

Area                                    Addr        Size        Decimal Bytes (Attributes)
--------------------------------        ----        ----        ------- ----- ------------
HOME                                00000000    00000011 =          17. bytes (REL,CON,CODE)

      Value  Global                              Global Defined In Module
      -----  --------------------------------   ------------------------
C:   00000000  A$lab2$1071                        lab2
C:   00000003  A$lab2$1072                        lab2
C:   0000000B  A$lab2$1074                        lab2
C:   0000000E  A$lab2$1143                        lab2
C:   0000000E  __sdcc_program_startup             lab2

ASxxxx Linker V03.00 + NoICE + sdld,  page 22.
Hexadecimal  [32-Bits]

Area                                    Addr        Size        Decimal Bytes (Attributes)
--------------------------------        ----        ----        ------- ----- ------------
GSINIT0                             00000011    00000003 =           3. bytes (REL,CON,CODE)

      Value  Global                              Global Defined In Module
      -----  --------------------------------   ------------------------
C:   00000011  __sdcc_gsinit_startup              

ASxxxx Linker V03.00 + NoICE + sdld,  page 23.
Hexadecimal  [32-Bits]

Area                                    Addr        Size        Decimal Bytes (Attributes)
--------------------------------        ----        ----        ------- ----- ------------
GSINIT2                             00000014    0000000A =          10. bytes (REL,CON,CODE)

      Value  Global                              Global Defined In Module
      -----  --------------------------------   ------------------------
ASxxxx Linker V03.00 + NoICE + sdld,  page 24.
Hexadecimal  [32-Bits]

Area                                    Addr        Size        Decimal Bytes (Attributes)
--------------------------------        ----        ----        ------- ----- ------------
GSINIT3                             0000001E    00000022 =          34. bytes (REL,CON,CODE)

      Value  Global                              Global Defined In Module
      -----  --------------------------------   ------------------------
C:   0000001E  __mcs51_genXINIT                   

ASxxxx Linker V03.00 + NoICE + sdld,  page 25.
Hexadecimal  [32-Bits]

Area                                    Addr        Size        Decimal Bytes (Attributes)
--------------------------------        ----        ----        ------- ----- ------------
GSINIT4                             00000040    0000002A =          42. bytes (REL,CON,CODE)

      Value  Global                              Global Defined In Module
      -----  --------------------------------   ------------------------
C:   00000040  __mcs51_genRAMCLEAR                
C:   00000046  __mcs51_genXRAMCLEAR               

ASxxxx Linker V03.00 + NoICE + sdld,  page 26.
Hexadecimal  [32-Bits]

Area                                    Addr        Size        Decimal Bytes (Attributes)
--------------------------------        ----        ----        ------- ----- ------------
GSINIT                              0000006A    00000029 =          41. bytes (REL,CON,CODE)

      Value  Global                              Global Defined In Module
      -----  --------------------------------   ------------------------
C:   0000006A  A$lab2$1090                        lab2
C:   0000006A  C$lab2.c$61$1$139                  lab2
C:   0000006B  A$lab2$1091                        lab2
C:   0000006D  A$lab2$1092                        lab2
C:   0000006F  A$lab2$1096                        lab2
C:   0000006F  C$lab2.c$62$1$139                  lab2
C:   00000071  A$lab2$1098                        lab2
C:   00000073  A$lab2$1102                        lab2
C:   00000073  C$lab2.c$63$1$139                  lab2
C:   00000075  A$lab2$1104                        lab2
C:   00000077  A$lab2$1108                        lab2
C:   00000077  C$lab2.c$65$1$139                  lab2
C:   00000079  A$lab2$1112                        lab2
C:   00000079  C$lab2.c$66$1$139                  lab2
C:   0000007B  A$lab2$1116                        lab2
C:   0000007B  C$lab2.c$67$1$139                  lab2
C:   0000007D  A$lab2$1120                        lab2
C:   0000007D  C$lab2.c$68$1$139                  lab2
C:   0000007F  A$lab2$1124                        lab2
C:   0000007F  C$lab2.c$69$1$139                  lab2
C:   00000081  A$lab2$1128                        lab2
C:   00000081  C$lab2.c$70$1$139                  lab2
C:   00000083  A$lab2$1131                        lab2
C:   00000083  C$lab2.c$71$1$139                  lab2
C:   00000086  A$lab2$1134                        lab2
C:   00000086  C$lab2.c$72$1$139                  lab2

ASxxxx Linker V03.00 + NoICE + sdld,  page 27.
Hexadecimal  [32-Bits]

Area                                    Addr        Size        Decimal Bytes (Attributes)
--------------------------------        ----        ----        ------- ----- ------------
GSFINAL                             00000093    00000003 =           3. bytes (REL,CON,CODE)

      Value  Global                              Global Defined In Module
      -----  --------------------------------   ------------------------
C:   00000093  A$lab2$1136                        lab2

ASxxxx Linker V03.00 + NoICE + sdld,  page 28.
Hexadecimal  [32-Bits]

Area                                    Addr        Size        Decimal Bytes (Attributes)
--------------------------------        ----        ----        ------- ----- ------------
CSEG                                00000096    00001212 =        4626. bytes (REL,CON,CODE)

      Value  Global                              Global Defined In Module
      -----  --------------------------------   ------------------------
C:   00000096  A$lab2$1171                        lab2
C:   00000096  C$c8051_SDCC.h$42$0$0              lab2
C:   00000096  C$c8051_SDCC.h$46$1$2              lab2
C:   00000096  G$SYSCLK_Init$0$0                  lab2
C:   00000096  _SYSCLK_Init                       lab2
C:   00000099  A$lab2$1174                        lab2
C:   00000099  C$c8051_SDCC.h$49$1$2              lab2
C:   0000009B  A$lab2$1175                        lab2
C:   0000009D  A$lab2$1177                        lab2
C:   0000009E  A$lab2$1178                        lab2
C:   000000A1  A$lab2$1179                        lab2
C:   000000A2  A$lab2$1181                        lab2
C:   000000A3  A$lab2$1182                        lab2
C:   000000A4  A$lab2$1183                        lab2
C:   000000A6  A$lab2$1187                        lab2
C:   000000A6  C$c8051_SDCC.h$51$1$2              lab2
C:   000000A8  A$lab2$1188                        lab2
C:   000000AB  A$lab2$1191                        lab2
C:   000000AB  C$c8051_SDCC.h$53$1$2              lab2
C:   000000AE  A$lab2$1194                        lab2
C:   000000AE  C$c8051_SDCC.h$56$1$2              lab2
C:   000000AE  XG$SYSCLK_Init$0$0                 lab2
C:   000000AF  A$lab2$1207                        lab2
C:   000000AF  C$c8051_SDCC.h$64$1$2              lab2
C:   000000AF  C$c8051_SDCC.h$66$1$4              lab2
C:   000000AF  G$UART0_Init$0$0                   lab2
C:   000000AF  _UART0_Init                        lab2
C:   000000B2  A$lab2$1210                        lab2
C:   000000B2  C$c8051_SDCC.h$67$1$4              lab2
C:   000000B5  A$lab2$1213                        lab2
C:   000000B5  C$c8051_SDCC.h$68$1$4              lab2
C:   000000B8  A$lab2$1216                        lab2
C:   000000B8  C$c8051_SDCC.h$69$1$4              lab2
C:   000000BA  A$lab2$1219                        lab2
C:   000000BA  C$c8051_SDCC.h$70$1$4              lab2
C:   000000BD  A$lab2$1222                        lab2
C:   000000BD  C$c8051_SDCC.h$71$1$4              lab2
C:   000000C0  A$lab2$1225                        lab2
C:   000000C0  C$c8051_SDCC.h$73$1$4              lab2
C:   000000C2  A$lab2$1228                        lab2
C:   000000C2  C$c8051_SDCC.h$74$1$4              lab2
C:   000000C5  A$lab2$1231                        lab2
C:   000000C5  C$c8051_SDCC.h$75$1$4              lab2
C:   000000C5  XG$UART0_Init$0$0                  lab2
C:   000000C6  A$lab2$1244                        lab2
C:   000000C6  C$c8051_SDCC.h$83$1$4              lab2
C:   000000C6  C$c8051_SDCC.h$85$1$6              lab2
C:   000000C6  G$Sys_Init$0$0                     lab2
C:   000000C6  _Sys_Init                          lab2
C:   000000C9  A$lab2$1247                        lab2
ASxxxx Linker V03.00 + NoICE + sdld,  page 29.
Hexadecimal  [32-Bits]

Area                                    Addr        Size        Decimal Bytes (Attributes)
--------------------------------        ----        ----        ------- ----- ------------
CSEG                                00000096    00001212 =        4626. bytes (REL,CON,CODE)

      Value  Global                              Global Defined In Module
      -----  --------------------------------   ------------------------
C:   000000C9  C$c8051_SDCC.h$86$1$6              lab2
C:   000000CC  A$lab2$1250                        lab2
C:   000000CC  C$c8051_SDCC.h$88$1$6              lab2
C:   000000CF  A$lab2$1253                        lab2
C:   000000CF  C$c8051_SDCC.h$89$1$6              lab2
C:   000000D2  A$lab2$1256                        lab2
C:   000000D2  C$c8051_SDCC.h$91$1$6              lab2
C:   000000D5  A$lab2$1259                        lab2
C:   000000D5  C$c8051_SDCC.h$92$1$6              lab2
C:   000000D8  A$lab2$1262                        lab2
C:   000000D8  C$c8051_SDCC.h$93$1$6              lab2
C:   000000D8  XG$Sys_Init$0$0                    lab2
C:   000000D9  A$lab2$1275                        lab2
C:   000000D9  C$c8051_SDCC.h$98$1$6              lab2
C:   000000D9  G$putchar$0$0                      lab2
C:   000000D9  _putchar                           lab2
C:   000000DB  A$lab2$1281                        lab2
C:   000000DB  C$c8051_SDCC.h$100$1$8             lab2
C:   000000DB  C$c8051_SDCC.h$101$1$8             lab2
C:   000000DE  A$lab2$1282                        lab2
C:   000000E0  A$lab2$1286                        lab2
C:   000000E0  C$c8051_SDCC.h$102$1$8             lab2
C:   000000E2  A$lab2$1289                        lab2
C:   000000E2  C$c8051_SDCC.h$103$1$8             lab2
C:   000000E2  XG$putchar$0$0                     lab2
C:   000000E3  A$lab2$1307                        lab2
C:   000000E3  C$c8051_SDCC.h$108$1$8             lab2
C:   000000E3  C$c8051_SDCC.h$111$1$10            lab2
C:   000000E3  C$c8051_SDCC.h$112$1$10            lab2
C:   000000E3  G$getchar$0$0                      lab2
C:   000000E6  A$lab2$1308                        lab2
C:   000000E8  A$lab2$1312                        lab2
C:   000000E8  C$c8051_SDCC.h$113$1$10            lab2
C:   000000EB  A$lab2$1315                        lab2
C:   000000EB  C$c8051_SDCC.h$114$1$10            lab2
C:   000000EE  A$lab2$1318                        lab2
C:   000000EE  C$c8051_SDCC.h$115$1$10            lab2
C:   000000F1  A$lab2$1321                        lab2
C:   000000F1  C$c8051_SDCC.h$116$1$10            lab2
C:   000000F1  XG$getchar$0$0                     lab2
C:   000000F2  A$lab2$1334                        lab2
C:   000000F2  C$lab2.c$79$1$10                   lab2
C:   000000F2  C$lab2.c$81$1$60                   lab2
C:   000000F2  G$main$0$0                         lab2
C:   000000F2  _main                              lab2
C:   000000F5  A$lab2$1337                        lab2
C:   000000F5  C$lab2.c$82$1$60                   lab2
C:   000000F8  A$lab2$1340                        lab2
C:   000000F8  C$lab2.c$83$1$60                   lab2
C:   000000FB  A$lab2$1343                        lab2
C:   000000FB  C$lab2.c$84$1$60                   lab2
ASxxxx Linker V03.00 + NoICE + sdld,  page 30.
Hexadecimal  [32-Bits]

Area                                    Addr        Size        Decimal Bytes (Attributes)
--------------------------------        ----        ----        ------- ----- ------------
CSEG                                00000096    00001212 =        4626. bytes (REL,CON,CODE)

      Value  Global                              Global Defined In Module
      -----  --------------------------------   ------------------------
C:   000000FE  A$lab2$1346                        lab2
C:   000000FE  C$lab2.c$85$1$60                   lab2
C:   00000101  A$lab2$1349                        lab2
C:   00000101  C$lab2.c$87$1$60                   lab2
C:   00000104  A$lab2$1350                        lab2
C:   00000107  A$lab2$1356                        lab2
C:   00000107  C$lab2.c$90$1$60                   lab2
C:   00000107  C$lab2.c$93$2$61                   lab2
C:   0000010A  A$lab2$1359                        lab2
C:   0000010A  C$lab2.c$95$3$62                   lab2
C:   0000010D  A$lab2$1360                        lab2
C:   00000110  A$lab2$1361                        lab2
C:   00000113  A$lab2$1364                        lab2
C:   00000113  C$lab2.c$96$3$62                   lab2
C:   00000116  A$lab2$1365                        lab2
C:   00000119  A$lab2$1368                        lab2
C:   00000119  C$lab2.c$97$3$62                   lab2
C:   0000011C  A$lab2$1369                        lab2
C:   0000011F  A$lab2$1372                        lab2
C:   0000011F  C$lab2.c$99$3$62                   lab2
C:   00000121  A$lab2$1373                        lab2
C:   00000123  A$lab2$1374                        lab2
C:   00000125  A$lab2$1375                        lab2
C:   00000127  A$lab2$1376                        lab2
C:   00000129  A$lab2$1377                        lab2
C:   0000012B  A$lab2$1378                        lab2
C:   0000012D  A$lab2$1379                        lab2
C:   0000012F  A$lab2$1380                        lab2
C:   00000132  A$lab2$1381                        lab2
C:   00000134  A$lab2$1382                        lab2
C:   00000136  A$lab2$1383                        lab2
C:   00000138  A$lab2$1386                        lab2
C:   00000138  C$lab2.c$100$3$62                  lab2
C:   0000013A  A$lab2$1389                        lab2
C:   0000013A  C$lab2.c$101$3$62                  lab2
C:   0000013C  A$lab2$1392                        lab2
C:   0000013F  A$lab2$1396                        lab2
C:   0000013F  C$lab2.c$104$4$63                  lab2
C:   00000142  A$lab2$1397                        lab2
C:   00000145  A$lab2$1400                        lab2
C:   00000145  C$lab2.c$105$4$63                  lab2
C:   00000148  A$lab2$1401                        lab2
C:   0000014B  A$lab2$1405                        lab2
C:   0000014B  C$lab2.c$106$4$63                  lab2
C:   0000014E  A$lab2$1406                        lab2
C:   00000151  A$lab2$1409                        lab2
C:   00000151  C$lab2.c$107$4$63                  lab2
C:   00000154  A$lab2$1410                        lab2
C:   00000157  A$lab2$1414                        lab2
C:   00000157  C$lab2.c$108$4$63                  lab2
C:   0000015A  A$lab2$1415                        lab2
ASxxxx Linker V03.00 + NoICE + sdld,  page 31.
Hexadecimal  [32-Bits]

Area                                    Addr        Size        Decimal Bytes (Attributes)
--------------------------------        ----        ----        ------- ----- ------------
CSEG                                00000096    00001212 =        4626. bytes (REL,CON,CODE)

      Value  Global                              Global Defined In Module
      -----  --------------------------------   ------------------------
C:   0000015D  A$lab2$1418                        lab2
C:   0000015D  C$lab2.c$109$4$63                  lab2
C:   00000160  A$lab2$1421                        lab2
C:   00000160  C$lab2.c$110$4$63                  lab2
C:   00000163  A$lab2$1424                        lab2
C:   00000163  C$lab2.c$102$3$62                  lab2
C:   00000165  A$lab2$1425                        lab2
C:   00000167  A$lab2$1426                        lab2
C:   00000169  A$lab2$1427                        lab2
C:   0000016B  A$lab2$1430                        lab2
C:   0000016B  C$lab2.c$112$3$62                  lab2
C:   0000016E  A$lab2$1433                        lab2
C:   0000016E  C$lab2.c$113$3$62                  lab2
C:   00000171  A$lab2$1437                        lab2
C:   00000171  C$lab2.c$115$2$61                  lab2
C:   00000174  A$lab2$1438                        lab2
C:   00000176  A$lab2$1441                        lab2
C:   00000176  C$lab2.c$117$1$60                  lab2
C:   00000176  XG$main$0$0                        lab2
C:   00000177  A$lab2$1454                        lab2
C:   00000177  C$lab2.c$120$1$60                  lab2
C:   00000177  C$lab2.c$124$1$67                  lab2
C:   00000177  G$Port_Init$0$0                    lab2
C:   00000177  _Port_Init                         lab2
C:   0000017A  A$lab2$1457                        lab2
C:   0000017A  C$lab2.c$125$1$67                  lab2
C:   0000017D  A$lab2$1460                        lab2
C:   0000017D  C$lab2.c$126$1$67                  lab2
C:   0000017F  A$lab2$1461                        lab2
C:   00000181  A$lab2$1462                        lab2
C:   00000182  A$lab2$1463                        lab2
C:   00000184  A$lab2$1466                        lab2
C:   00000184  C$lab2.c$129$1$67                  lab2
C:   00000187  A$lab2$1469                        lab2
C:   00000187  C$lab2.c$130$1$67                  lab2
C:   0000018A  A$lab2$1472                        lab2
C:   0000018A  C$lab2.c$131$1$67                  lab2
C:   0000018C  A$lab2$1473                        lab2
C:   0000018E  A$lab2$1474                        lab2
C:   0000018F  A$lab2$1475                        lab2
C:   00000191  A$lab2$1478                        lab2
C:   00000191  C$lab2.c$134$1$67                  lab2
C:   00000193  A$lab2$1479                        lab2
C:   00000195  A$lab2$1480                        lab2
C:   00000196  A$lab2$1481                        lab2
C:   00000198  A$lab2$1484                        lab2
C:   00000198  C$lab2.c$135$1$67                  lab2
C:   0000019A  A$lab2$1485                        lab2
C:   0000019C  A$lab2$1486                        lab2
C:   0000019D  A$lab2$1487                        lab2
C:   0000019F  A$lab2$1490                        lab2
ASxxxx Linker V03.00 + NoICE + sdld,  page 32.
Hexadecimal  [32-Bits]

Area                                    Addr        Size        Decimal Bytes (Attributes)
--------------------------------        ----        ----        ------- ----- ------------
CSEG                                00000096    00001212 =        4626. bytes (REL,CON,CODE)

      Value  Global                              Global Defined In Module
      -----  --------------------------------   ------------------------
C:   0000019F  C$lab2.c$136$1$67                  lab2
C:   000001A2  A$lab2$1493                        lab2
C:   000001A2  C$lab2.c$137$1$67                  lab2
C:   000001A2  XG$Port_Init$0$0                   lab2
C:   000001A3  A$lab2$1506                        lab2
C:   000001A3  C$lab2.c$139$1$67                  lab2
C:   000001A3  C$lab2.c$142$1$69                  lab2
C:   000001A3  G$ADC_Init$0$0                     lab2
C:   000001A3  _ADC_Init                          lab2
C:   000001A6  A$lab2$1509                        lab2
C:   000001A6  C$lab2.c$143$1$69                  lab2
C:   000001A9  A$lab2$1512                        lab2
C:   000001A9  C$lab2.c$144$1$69                  lab2
C:   000001AC  A$lab2$1515                        lab2
C:   000001AC  C$lab2.c$145$1$69                  lab2
C:   000001AC  XG$ADC_Init$0$0                    lab2
C:   000001AD  A$lab2$1528                        lab2
C:   000001AD  C$lab2.c$147$1$69                  lab2
C:   000001AD  C$lab2.c$149$1$71                  lab2
C:   000001AD  G$Interrupt_Init$0$0               lab2
C:   000001AD  _Interrupt_Init                    lab2
C:   000001B0  A$lab2$1531                        lab2
C:   000001B0  C$lab2.c$150$1$71                  lab2
C:   000001B2  A$lab2$1534                        lab2
C:   000001B2  C$lab2.c$151$1$71                  lab2
C:   000001B2  XG$Interrupt_Init$0$0              lab2
C:   000001B3  A$lab2$1547                        lab2
C:   000001B3  C$lab2.c$153$1$71                  lab2
C:   000001B3  C$lab2.c$156$1$73                  lab2
C:   000001B3  G$Timer_Init$0$0                   lab2
C:   000001B3  _Timer_Init                        lab2
C:   000001B6  A$lab2$1550                        lab2
C:   000001B6  C$lab2.c$157$1$73                  lab2
C:   000001B9  A$lab2$1553                        lab2
C:   000001B9  C$lab2.c$158$1$73                  lab2
C:   000001BC  A$lab2$1556                        lab2
C:   000001BC  C$lab2.c$159$1$73                  lab2
C:   000001BE  A$lab2$1559                        lab2
C:   000001BE  C$lab2.c$160$1$73                  lab2
C:   000001C1  A$lab2$1562                        lab2
C:   000001C1  C$lab2.c$161$1$73                  lab2
C:   000001C4  A$lab2$1565                        lab2
C:   000001C4  C$lab2.c$163$1$73                  lab2
C:   000001C4  XG$Timer_Init$0$0                  lab2
C:   000001C5  A$lab2$1576                        lab2
C:   000001C5  C$lab2.c$167$1$73                  lab2
C:   000001C5  G$Timer0_ISR$0$0                   lab2
C:   000001C5  _Timer0_ISR                        lab2
C:   000001C7  A$lab2$1577                        lab2
C:   000001C9  A$lab2$1580                        lab2
C:   000001C9  C$lab2.c$169$1$75                  lab2
ASxxxx Linker V03.00 + NoICE + sdld,  page 33.
Hexadecimal  [32-Bits]

Area                                    Addr        Size        Decimal Bytes (Attributes)
--------------------------------        ----        ----        ------- ----- ------------
CSEG                                00000096    00001212 =        4626. bytes (REL,CON,CODE)

      Value  Global                              Global Defined In Module
      -----  --------------------------------   ------------------------
C:   000001CB  A$lab2$1583                        lab2
C:   000001CB  C$lab2.c$170$1$75                  lab2
C:   000001CD  A$lab2$1584                        lab2
C:   000001CE  A$lab2$1585                        lab2
C:   000001D1  A$lab2$1586                        lab2
C:   000001D3  A$lab2$1588                        lab2
C:   000001D5  A$lab2$1589                        lab2
C:   000001D7  A$lab2$1592                        lab2
C:   000001D7  C$lab2.c$171$1$75                  lab2
C:   000001D7  XG$Timer0_ISR$0$0                  lab2
C:   000001D8  A$lab2$1609                        lab2
C:   000001D8  C$lab2.c$173$1$75                  lab2
C:   000001D8  C$lab2.c$175$1$77                  lab2
C:   000001D8  G$read_AD_input$0$0                lab2
C:   000001D8  _read_AD_input                     lab2
C:   000001DB  A$lab2$1612                        lab2
C:   000001DB  C$lab2.c$176$1$77                  lab2
C:   000001DD  A$lab2$1613                        lab2
C:   000001DF  A$lab2$1614                        lab2
C:   000001E0  A$lab2$1615                        lab2
C:   000001E2  A$lab2$1618                        lab2
C:   000001E2  C$lab2.c$177$1$77                  lab2
C:   000001E5  A$lab2$1621                        lab2
C:   000001E5  C$lab2.c$178$1$77                  lab2
C:   000001E8  A$lab2$1625                        lab2
C:   000001E8  C$lab2.c$179$1$77                  lab2
C:   000001EA  A$lab2$1626                        lab2
C:   000001ED  A$lab2$1629                        lab2
C:   000001ED  C$lab2.c$180$1$77                  lab2
C:   000001F0  A$lab2$1632                        lab2
C:   000001F0  C$lab2.c$181$1$77                  lab2
C:   000001F0  XG$read_AD_input$0$0               lab2
C:   000001F1  A$lab2$1647                        lab2
C:   000001F1  C$lab2.c$183$1$77                  lab2
C:   000001F1  C$lab2.c$186$1$79                  lab2
C:   000001F1  G$Calculate_Tmax$0$0               lab2
C:   000001F1  _Calculate_Tmax                    lab2
C:   000001F4  A$lab2$1648                        lab2
C:   000001F7  A$lab2$1649                        lab2
C:   000001F9  A$lab2$1650                        lab2
C:   000001FB  A$lab2$1651                        lab2
C:   000001FD  A$lab2$1652                        lab2
C:   000001FE  A$lab2$1653                        lab2
C:   00000200  A$lab2$1654                        lab2
C:   00000202  A$lab2$1655                        lab2
C:   00000204  A$lab2$1656                        lab2
C:   00000206  A$lab2$1657                        lab2
C:   00000209  A$lab2$1658                        lab2
C:   0000020C  A$lab2$1659                        lab2
C:   0000020E  A$lab2$1660                        lab2
C:   00000211  A$lab2$1661                        lab2
ASxxxx Linker V03.00 + NoICE + sdld,  page 34.
Hexadecimal  [32-Bits]

Area                                    Addr        Size        Decimal Bytes (Attributes)
--------------------------------        ----        ----        ------- ----- ------------
CSEG                                00000096    00001212 =        4626. bytes (REL,CON,CODE)

      Value  Global                              Global Defined In Module
      -----  --------------------------------   ------------------------
C:   00000213  A$lab2$1662                        lab2
C:   00000215  A$lab2$1663                        lab2
C:   00000217  A$lab2$1664                        lab2
C:   00000218  A$lab2$1665                        lab2
C:   0000021A  A$lab2$1666                        lab2
C:   0000021C  A$lab2$1667                        lab2
C:   0000021E  A$lab2$1668                        lab2
C:   0000021F  A$lab2$1669                        lab2
C:   00000221  A$lab2$1670                        lab2
C:   00000223  A$lab2$1671                        lab2
C:   00000225  A$lab2$1672                        lab2
C:   00000227  A$lab2$1673                        lab2
C:   00000229  A$lab2$1674                        lab2
C:   0000022B  A$lab2$1675                        lab2
C:   0000022D  A$lab2$1676                        lab2
C:   0000022F  A$lab2$1677                        lab2
C:   00000231  A$lab2$1678                        lab2
C:   00000233  A$lab2$1679                        lab2
C:   00000234  A$lab2$1680                        lab2
C:   00000237  A$lab2$1681                        lab2
C:   00000239  A$lab2$1682                        lab2
C:   0000023B  A$lab2$1683                        lab2
C:   0000023D  A$lab2$1684                        lab2
C:   0000023E  A$lab2$1685                        lab2
C:   00000240  A$lab2$1686                        lab2
C:   00000242  A$lab2$1687                        lab2
C:   00000244  A$lab2$1688                        lab2
C:   00000246  A$lab2$1689                        lab2
C:   00000248  A$lab2$1690                        lab2
C:   0000024A  A$lab2$1691                        lab2
C:   0000024B  A$lab2$1692                        lab2
C:   0000024E  A$lab2$1697                        lab2
C:   0000024E  C$lab2.c$187$1$79                  lab2
C:   0000024E  C$lab2.c$188$1$79                  lab2
C:   0000024E  XG$Calculate_Tmax$0$0              lab2
C:   0000024F  A$lab2$1710                        lab2
C:   0000024F  C$lab2.c$191$1$79                  lab2
C:   0000024F  C$lab2.c$193$1$81                  lab2
C:   0000024F  G$random$0$0                       lab2
C:   0000024F  _random                            lab2
C:   00000252  A$lab2$1711                        lab2
C:   00000255  A$lab2$1712                        lab2
C:   00000258  A$lab2$1713                        lab2
C:   0000025B  A$lab2$1716                        lab2
C:   0000025B  C$lab2.c$197$1$81                  lab2
C:   0000025B  XG$random$0$0                      lab2
C:   0000025C  A$lab2$1729                        lab2
C:   0000025C  C$lab2.c$199$1$81                  lab2
C:   0000025C  C$lab2.c$202$1$83                  lab2
C:   0000025C  G$LPause$0$0                       lab2
C:   0000025C  _LPause                            lab2
ASxxxx Linker V03.00 + NoICE + sdld,  page 35.
Hexadecimal  [32-Bits]

Area                                    Addr        Size        Decimal Bytes (Attributes)
--------------------------------        ----        ----        ------- ----- ------------
CSEG                                00000096    00001212 =        4626. bytes (REL,CON,CODE)

      Value  Global                              Global Defined In Module
      -----  --------------------------------   ------------------------
C:   0000025F  A$lab2$1732                        lab2
C:   0000025F  C$lab2.c$203$1$83                  lab2
C:   00000262  A$lab2$1735                        lab2
C:   00000262  C$lab2.c$204$1$83                  lab2
C:   00000264  A$lab2$1739                        lab2
C:   00000264  C$lab2.c$205$1$83                  lab2
C:   00000267  A$lab2$1740                        lab2
C:   0000026A  A$lab2$1741                        lab2
C:   0000026D  A$lab2$1742                        lab2
C:   00000270  A$lab2$1743                        lab2
C:   00000273  A$lab2$1744                        lab2
C:   00000275  A$lab2$1745                        lab2
C:   00000277  A$lab2$1746                        lab2
C:   00000278  A$lab2$1747                        lab2
C:   00000279  A$lab2$1748                        lab2
C:   0000027B  A$lab2$1749                        lab2
C:   0000027C  A$lab2$1750                        lab2
C:   0000027E  A$lab2$1751                        lab2
C:   00000280  A$lab2$1754                        lab2
C:   00000280  C$lab2.c$206$1$83                  lab2
C:   00000281  A$lab2$1755                        lab2
C:   00000283  A$lab2$1756                        lab2
C:   00000285  A$lab2$1759                        lab2
C:   00000285  C$lab2.c$207$1$83                  lab2
C:   00000285  XG$LPause$0$0                      lab2
C:   00000286  A$lab2$1772                        lab2
C:   00000286  C$lab2.c$209$1$83                  lab2
C:   00000286  C$lab2.c$212$1$85                  lab2
C:   00000286  G$MPause$0$0                       lab2
C:   00000286  _MPause                            lab2
C:   00000289  A$lab2$1775                        lab2
C:   00000289  C$lab2.c$213$1$85                  lab2
C:   0000028C  A$lab2$1778                        lab2
C:   0000028C  C$lab2.c$214$1$85                  lab2
C:   0000028E  A$lab2$1782                        lab2
C:   0000028E  C$lab2.c$215$1$85                  lab2
C:   00000291  A$lab2$1783                        lab2
C:   00000294  A$lab2$1784                        lab2
C:   00000297  A$lab2$1785                        lab2
C:   0000029A  A$lab2$1786                        lab2
C:   0000029D  A$lab2$1787                        lab2
C:   0000029F  A$lab2$1788                        lab2
C:   000002A1  A$lab2$1789                        lab2
C:   000002A2  A$lab2$1790                        lab2
C:   000002A3  A$lab2$1791                        lab2
C:   000002A5  A$lab2$1792                        lab2
C:   000002A6  A$lab2$1793                        lab2
C:   000002A8  A$lab2$1794                        lab2
C:   000002AA  A$lab2$1797                        lab2
C:   000002AA  C$lab2.c$216$1$85                  lab2
C:   000002AB  A$lab2$1798                        lab2
ASxxxx Linker V03.00 + NoICE + sdld,  page 36.
Hexadecimal  [32-Bits]

Area                                    Addr        Size        Decimal Bytes (Attributes)
--------------------------------        ----        ----        ------- ----- ------------
[...]
C:   000006F4  A$lab2$2709                        lab2
C:   000006F6  A$lab2$2710                        lab2
C:   000006F8  A$lab2$2713                        lab2
C:   000006F8  C$lab2.c$421$1$132                 lab2
C:   000006FA  A$lab2$2714                        lab2
C:   000006FC  A$lab2$2715                        lab2
C:   000006FD  A$lab2$2716                        lab2
C:   000006FF  A$lab2$2717                        lab2
C:   00000700  A$lab2$2718                        lab2
C:   00000701  A$lab2$2719                        lab2
C:   00000703  A$lab2$2720                        lab2
C:   00000705  A$lab2$2721                        lab2
C:   00000706  A$lab2$2722                        lab2
C:   00000708  A$lab2$2723                        lab2
C:   00000709  A$lab2$2724                        lab2
C:   0000070A  A$lab2$2725                        lab2
C:   0000070C  A$lab2$2726                        lab2
C:   0000070E  A$lab2$2727                        lab2
C:   00000710  A$lab2$2728                        lab2
C:   00000712  A$lab2$2729                        lab2
C:   00000714  A$lab2$2730                        lab2
C:   00000716  A$lab2$2731                        lab2
C:   00000718  A$lab2$2732                        lab2
C:   0000071A  A$lab2$2733                        lab2
C:   0000071C  A$lab2$2734                        lab2
C:   0000071E  A$lab2$2735                        lab2
C:   00000720  A$lab2$2736                        lab2
C:   00000722  A$lab2$2737                        lab2
C:   00000725  A$lab2$2738                        lab2
C:   00000727  A$lab2$2739                        lab2
C:   00000729  A$lab2$2740                        lab2
C:   0000072B  A$lab2$2743                        lab2
C:   0000072B  C$lab2.c$422$1$132                 lab2
C:   0000072B  XG$PrintScore$0$0                  lab2
C:   0000072C  A$lab2$2759                        lab2
C:   0000072C  C$lab2.c$424$1$132                 lab2
C:   0000072C  C$lab2.c$428$1$134                 lab2
C:   0000072C  G$PrintWinner$0$0                  lab2
C:   0000072C  _PrintWinner                       lab2
C:   0000072E  A$lab2$2760                        lab2
C:   00000730  A$lab2$2761                        lab2
C:   00000732  A$lab2$2762                        lab2
C:   00000733  A$lab2$2765                        lab2
C:   00000733  C$lab2.c$429$1$134                 lab2
ASxxxx Linker V03.00 + NoICE + sdld,  page 50.
Hexadecimal  [32-Bits]

Area                                    Addr        Size        Decimal Bytes (Attributes)
--------------------------------        ----        ----        ------- ----- ------------
CSEG                                00000096    00001212 =        4626. bytes (REL,CON,CODE)

      Value  Global                              Global Defined In Module
      -----  --------------------------------   ------------------------
C:   00000735  A$lab2$2766                        lab2
C:   00000737  A$lab2$2769                        lab2
C:   00000737  C$lab2.c$430$1$134                 lab2
C:   00000739  A$lab2$2770                        lab2
C:   0000073A  A$lab2$2771                        lab2
C:   0000073B  A$lab2$2772                        lab2
C:   0000073C  A$lab2$2773                        lab2
C:   0000073E  A$lab2$2774                        lab2
C:   0000073F  A$lab2$2775                        lab2
C:   00000740  A$lab2$2776                        lab2
C:   00000741  A$lab2$2777                        lab2
C:   00000742  A$lab2$2778                        lab2
C:   00000744  A$lab2$2779                        lab2
C:   00000745  A$lab2$2780                        lab2
C:   00000747  A$lab2$2781                        lab2
C:   00000749  A$lab2$2782                        lab2
C:   0000074B  A$lab2$2783                        lab2
C:   0000074D  A$lab2$2784                        lab2
C:   0000074F  A$lab2$2785                        lab2
C:   00000751  A$lab2$2786                        lab2
C:   00000753  A$lab2$2787                        lab2
C:   00000755  A$lab2$2788                        lab2
C:   00000757  A$lab2$2789                        lab2
C:   00000759  A$lab2$2790                        lab2
C:   0000075B  A$lab2$2791                        lab2
C:   0000075D  A$lab2$2792                        lab2
C:   00000760  A$lab2$2793                        lab2
C:   00000762  A$lab2$2794                        lab2
C:   00000764  A$lab2$2795                        lab2
C:   00000766  A$lab2$2796                        lab2
C:   00000768  A$lab2$2797                        lab2
C:   0000076A  A$lab2$2800                        lab2
C:   0000076A  C$lab2.c$431$1$134                 lab2
C:   0000076B  A$lab2$2801                        lab2
C:   0000076C  A$lab2$2802                        lab2
C:   0000076E  A$lab2$2803                        lab2
C:   00000770  A$lab2$2804                        lab2
C:   00000773  A$lab2$2805                        lab2
C:   00000775  A$lab2$2806                        lab2
C:   00000777  A$lab2$2809                        lab2
C:   00000777  C$lab2.c$433$2$135                 lab2
C:   00000779  A$lab2$2810                        lab2
C:   0000077B  A$lab2$2811                        lab2
C:   0000077D  A$lab2$2812                        lab2
C:   0000077F  A$lab2$2813                        lab2
C:   00000781  A$lab2$2814                        lab2
C:   00000783  A$lab2$2815                        lab2
C:   00000786  A$lab2$2816                        lab2
C:   00000788  A$lab2$2817                        lab2
C:   0000078A  A$lab2$2818                        lab2
C:   0000078C  A$lab2$2819                        lab2
ASxxxx Linker V03.00 + NoICE + sdld,  page 51.
Hexadecimal  [32-Bits]

Area                                    Addr        Size        Decimal Bytes (Attributes)
--------------------------------        ----        ----        ------- ----- ------------
CSEG                                00000096    00001212 =        4626. bytes (REL,CON,CODE)

      Value  Global                              Global Defined In Module
      -----  --------------------------------   ------------------------
C:   0000078E  A$lab2$2823                        lab2
C:   0000078E  C$lab2.c$435$1$134                 lab2
C:   0000078F  A$lab2$2824                        lab2
C:   00000790  A$lab2$2825                        lab2
C:   00000792  A$lab2$2826                        lab2
C:   00000794  A$lab2$2827                        lab2
C:   00000797  A$lab2$2828                        lab2
C:   00000799  A$lab2$2829                        lab2
C:   0000079B  A$lab2$2832                        lab2
C:   0000079B  C$lab2.c$437$2$136                 lab2
C:   0000079D  A$lab2$2833                        lab2
C:   0000079F  A$lab2$2834                        lab2
C:   000007A1  A$lab2$2835                        lab2
C:   000007A3  A$lab2$2836                        lab2
C:   000007A5  A$lab2$2837                        lab2
C:   000007A7  A$lab2$2838                        lab2
C:   000007AA  A$lab2$2839                        lab2
C:   000007AC  A$lab2$2840                        lab2
C:   000007AE  A$lab2$2841                        lab2
C:   000007B0  A$lab2$2842                        lab2
C:   000007B2  A$lab2$2846                        lab2
C:   000007B2  C$lab2.c$439$1$134                 lab2
C:   000007B3  A$lab2$2847                        lab2
C:   000007B6  A$lab2$2850                        lab2
C:   000007B6  C$lab2.c$441$2$137                 lab2
C:   000007B8  A$lab2$2851                        lab2
C:   000007BA  A$lab2$2852                        lab2
C:   000007BC  A$lab2$2853                        lab2
C:   000007BE  A$lab2$2854                        lab2
C:   000007C0  A$lab2$2855                        lab2
C:   000007C2  A$lab2$2856                        lab2
C:   000007C5  A$lab2$2857                        lab2
C:   000007C7  A$lab2$2858                        lab2
C:   000007C9  A$lab2$2859                        lab2
C:   000007CB  A$lab2$2863                        lab2
C:   000007CB  C$lab2.c$444$1$134                 lab2
C:   000007CB  XG$PrintWinner$0$0                 lab2
C:   000007CC  A$lab2$2880                        lab2
C:   000007CC  C$lab2.c$446$1$134                 lab2
C:   000007CC  C$lab2.c$450$1$139                 lab2
C:   000007CC  G$ResetGame$0$0                    lab2
C:   000007CC  _ResetGame                         lab2
C:   000007CE  A$lab2$2883                        lab2
C:   000007CE  C$lab2.c$451$1$139                 lab2
C:   000007D0  A$lab2$2886                        lab2
C:   000007D0  C$lab2.c$452$1$139                 lab2
C:   000007D2  A$lab2$2889                        lab2
C:   000007D2  C$lab2.c$453$1$139                 lab2
C:   000007D4  A$lab2$2892                        lab2
C:   000007D4  C$lab2.c$454$1$139                 lab2
C:   000007D6  A$lab2$2895                        lab2
ASxxxx Linker V03.00 + NoICE + sdld,  page 52.
Hexadecimal  [32-Bits]

Area                                    Addr        Size        Decimal Bytes (Attributes)
--------------------------------        ----        ----        ------- ----- ------------
CSEG                                00000096    00001212 =        4626. bytes (REL,CON,CODE)

      Value  Global                              Global Defined In Module
      -----  --------------------------------   ------------------------
C:   000007D8  A$lab2$2896                        lab2
C:   000007DA  A$lab2$2900                        lab2
C:   000007DC  A$lab2$2901                        lab2
C:   000007DE  A$lab2$2902                        lab2
C:   000007E0  A$lab2$2903                        lab2
C:   000007E1  A$lab2$2904                        lab2
C:   000007E2  A$lab2$2905                        lab2
C:   000007E4  A$lab2$2906                        lab2
C:   000007E5  A$lab2$2907                        lab2
C:   000007E6  A$lab2$2908                        lab2
C:   000007E7  A$lab2$2909                        lab2
C:   000007E9  A$lab2$2910                        lab2
C:   000007EB  A$lab2$2911                        lab2
C:   000007EC  A$lab2$2912                        lab2
C:   000007EE  A$lab2$2913                        lab2
C:   000007EF  A$lab2$2917                        lab2
C:   000007EF  C$lab2.c$459$3$141                 lab2
C:   000007F0  A$lab2$2918                        lab2
C:   000007F2  A$lab2$2919                        lab2
C:   000007F3  A$lab2$2920                        lab2
C:   000007F5  A$lab2$2923                        lab2
C:   000007F5  C$lab2.c$460$3$141                 lab2
C:   000007F6  A$lab2$2924                        lab2
C:   000007F7  A$lab2$2925                        lab2
C:   000007F8  A$lab2$2926                        lab2
C:   000007FA  A$lab2$2929                        lab2
C:   000007FA  C$lab2.c$457$2$140                 lab2
C:   000007FB  A$lab2$2930                        lab2
C:   000007FE  A$lab2$2931                        lab2
C:   000007FF  A$lab2$2933                        lab2
C:   00000800  A$lab2$2934                        lab2
C:   00000801  A$lab2$2935                        lab2
C:   00000803  A$lab2$2936                        lab2
C:   00000804  A$lab2$2937                        lab2
C:   00000806  A$lab2$2938                        lab2
C:   00000808  A$lab2$2939                        lab2
C:   0000080A  A$lab2$2942                        lab2
C:   0000080A  C$lab2.c$455$1$139                 lab2
C:   0000080B  A$lab2$2943                        lab2
C:   0000080E  A$lab2$2944                        lab2
C:   0000080F  A$lab2$2946                        lab2
C:   00000810  A$lab2$2947                        lab2
C:   00000811  A$lab2$2948                        lab2
C:   00000813  A$lab2$2949                        lab2
C:   00000814  A$lab2$2950                        lab2
C:   00000816  A$lab2$2951                        lab2
C:   00000818  A$lab2$2952                        lab2
C:   0000081A  A$lab2$2955                        lab2
C:   0000081A  C$lab2.c$463$1$139                 lab2
C:   0000081A  XG$ResetGame$0$0                   lab2
C:   0000081B  __divuint                          _divuint
ASxxxx Linker V03.00 + NoICE + sdld,  page 53.
Hexadecimal  [32-Bits]

Area                                    Addr        Size        Decimal Bytes (Attributes)
--------------------------------        ----        ----        ------- ----- ------------
CSEG                                00000096    00001212 =        4626. bytes (REL,CON,CODE)

      Value  Global                              Global Defined In Module
      -----  --------------------------------   ------------------------
C:   00000844  _rand                              rand
C:   00000880  _srand                             rand
C:   0000088F  ___fsmul                           _fsmul
C:   00000932  fsgetargs                          _fsget2args
C:   00000960  fs_normalize_a                     _fsnormalize
C:   00000993  ___fslt                            _fslt
C:   000009C3  __mullong                          _mullong
C:   000009C3  __mullong_dummy                    _mullong
C:   00000A31  __moduint                          _moduint
C:   00000A7E  ___fsadd                           _fsadd
C:   00000A81  fsadd_direct_entry                 _fsadd
C:   00000AD7  fs_compare_uint32                  _fscmp
C:   00000AF5  fs_check_negative_zeros            _fscmp
C:   00000B20  ___fs2uint                         _fs2uint
C:   00000B2B  ___uint2fs                         _uint2fs
C:   00000B37  fs_round_and_return                _fsreturnval
C:   00000B4F  fs_zerocheck_return                _fsreturnval
C:   00000B58  fs_return_zero                     _fsreturnval
C:   00000B60  fs_direct_return                   _fsreturnval
C:   00000B6E  fs_return_inf                      _fsreturnval
C:   00000B7B  fs_return_nan                      _fsreturnval
C:   00000B91  _vprintf                           vprintf
C:   00000BAA  _printf                            vprintf
C:   00000C7C  __print_format                     printf_large
C:   00001186  fs_swap_a_b                        _fsswapargs
C:   000011A0  _strlen                            _strlen
C:   000011B8  __gptrget                          _gptrget
C:   000011D4  ___uchar2fs                        _uchar2fs
C:   000011DF  __modsint                          _modsint
C:   00001215  ___ulong2fs                        _ulong2fs
C:   0000121E  ulong2fs_doit                      _ulong2fs
C:   00001228  fs_rshift_a                        _fsrshift
C:   0000126B  __sdcc_external_startup            _startup
C:   0000126F  ___fs2ulong                        _fs2ulong
C:   00001271  fs2ulong_begin                     _fs2ulong
C:   00001296  fsgetarg                           _fsget1arg

ASxxxx Linker V03.00 + NoICE + sdld,  page 54.
Hexadecimal  [32-Bits]

Area                                    Addr        Size        Decimal Bytes (Attributes)
--------------------------------        ----        ----        ------- ----- ------------
CONST                               000012A8    0000010E =         270. bytes (REL,CON,CODE)

      Value  Global                              Global Defined In Module
      -----  --------------------------------   ------------------------
C:   000012A8  Flab2$__str_0$0$0                  lab2
C:   000012BE  Flab2$__str_1$0$0                  lab2
C:   000012D0  Flab2$__str_2$0$0                  lab2
C:   000012E2  Flab2$__str_3$0$0                  lab2
C:   000012E5  Flab2$__str_4$0$0                  lab2
C:   000012F6  Flab2$__str_5$0$0                  lab2
C:   00001310  Flab2$__str_6$0$0                  lab2
C:   00001327  Flab2$__str_7$0$0                  lab2
C:   0000134A  Flab2$__str_8$0$0                  lab2
C:   00001366  Flab2$__str_9$0$0                  lab2
C:   00001380  Flab2$__str_10$0$0                 lab2
C:   0000139A  Flab2$__str_11$0$0                 lab2
ASxxxx Linker V03.00 + NoICE + sdld,  page 55.

Files Linked                              [ module(s) ]

C:\SiLabs\Lab2\lab2.rel                   [  ]


Libraries Linked                          [ object file ]

C:\Program Files (x86)\SDCC\bin\..\lib\small/libint.lib
                                          [ _divuint.rel ]
C:\Program Files (x86)\SDCC\bin\..\lib\small/libsdcc.lib
                                          [ rand.rel ]
C:\Program Files (x86)\SDCC\bin\..\lib\small/libfloat.lib
                                          [ _fsmul.rel ]
C:\Program Files (x86)\SDCC\bin\..\lib\small/libfloat.lib
                                          [ _fsget2args.rel ]
C:\Program Files (x86)\SDCC\bin\..\lib\small/mcs51.lib
                                          [ crtclear.rel ]
C:\Program Files (x86)\SDCC\bin\..\lib\small/libfloat.lib
                                          [ _fsnormalize.rel ]
C:\Program Files (x86)\SDCC\bin\..\lib\small/mcs51.lib
                                          [ crtxinit.rel ]
C:\Program Files (x86)\SDCC\bin\..\lib\small/libfloat.lib
                                          [ _fslt.rel ]
C:\Program Files (x86)\SDCC\bin\..\lib\small/liblong.lib
                                          [ _mullong.rel ]
C:\Program Files (x86)\SDCC\bin\..\lib\small/libint.lib
                                          [ _moduint.rel ]
C:\Program Files (x86)\SDCC\bin\..\lib\small/mcs51.lib
                                          [ crtxclear.rel ]
C:\Program Files (x86)\SDCC\bin\..\lib\small/libfloat.lib
                                          [ _fsadd.rel ]
C:\Program Files (x86)\SDCC\bin\..\lib\small/libfloat.lib
                                          [ _fscmp.rel ]
C:\Program Files (x86)\SDCC\bin\..\lib\small/libfloat.lib
                                          [ _fs2uint.rel ]
C:\Program Files (x86)\SDCC\bin\..\lib\small/libfloat.lib
                                          [ _uint2fs.rel ]
C:\Program Files (x86)\SDCC\bin\..\lib\small/libfloat.lib
                                          [ _fsreturnval.rel ]
C:\Program Files (x86)\SDCC\bin\..\lib\small/libsdcc.lib
                                          [ vprintf.rel ]
C:\Program Files (x86)\SDCC\bin\..\lib\small/libsdcc.lib
                                          [ printf_large.rel ]
C:\Program Files (x86)\SDCC\bin\..\lib\small/libfloat.lib
                                          [ _fsswapargs.rel ]
C:\Program Files (x86)\SDCC\bin\..\lib\small/libsdcc.lib
                                          [ _strlen.rel ]
C:\Program Files (x86)\SDCC\bin\..\lib\small/mcs51.lib
                                          [ crtstart.rel ]
C:\Program Files (x86)\SDCC\bin\..\lib\small/libsdcc.lib
                                          [ _gptrget.rel ]
C:\Program Files (x86)\SDCC\bin\..\lib\small/libfloat.lib
                                          [ _uchar2fs.rel ]
C:\Program Files (x86)\SDCC\bin\..\lib\small/libint.lib
                                          [ _modsint.rel ]
C:\Program Files (x86)\SDCC\bin\..\lib\small/libfloat.lib
                                          [ _ulong2fs.rel ]
C:\Program Files (x86)\SDCC\bin\..\lib\small/libfloat.lib
                                          [ _fsrshift.rel ]
C:\Program Files (x86)\SDCC\bin\..\lib\small/libsdcc.lib
                                          [ _startup.rel ]
C:\Program Files (x86)\SDCC\bin\..\lib\small/libfloat.lib
                                          [ _fs2ulong.rel ]
C:\Program Files (x86)\SDCC\bin\..\lib\small/libsdcc.lib
                                          [ _bp.rel ]
C:\Program Files (x86)\SDCC\bin\..\lib\small/libfloat.lib
                                          [ _fsget1arg.rel ]

ASxxxx Linker V03.00 + NoICE + sdld,  page 56.

User Base Address Definitions

HOME = 0x0000
XSEG = 0x0001
PSEG = 0x0001
ISEG = 0x0000
BSEG = 0x0000

