ASxxxx Linker V03.00 + NoICE + sdld,  page 1.
Hexadecimal  [32-Bits]

Area                                    Addr        Size        Decimal Bytes (Attributes)
--------------------------------        ----        ----        ------- ----- ------------
CABS                                00000000    00000000 =           0. bytes (ABS,CON,CODE)

      Value  Global                              Global Defined In Module
      -----  --------------------------------   ------------------------
C:   00000000  l_BIT_BANK                      
C:   00000000  l_CABS                          
C:   00000000  l_GSINIT1                       
C:   00000000  l_GSINIT5                       
C:   00000000  l_IABS                          
C:   00000000  l_PSEG                          
C:   00000000  l_REG_BANK_1                    
C:   00000000  l_REG_BANK_2                    
C:   00000000  l_REG_BANK_3                    
C:   00000000  l_RSEG                          
C:   00000000  l_RSEG0                         
C:   00000000  l_RSEG1                         
C:   00000000  l_XABS                          
C:   00000000  l_XINIT                         
C:   00000000  l_XISEG                         
C:   00000000  l__CODE                         
C:   00000000  s_BSEG                          
C:   00000000  s_CABS                          
C:   00000000  s_DSEG                          
C:   00000000  s_HOME                          
C:   00000000  s_IABS                          
C:   00000000  s_REG_BANK_0                    
C:   00000000  s_RSEG                          
C:   00000000  s_RSEG0                         
C:   00000000  s_RSEG1                         
C:   00000000  s_XABS                          
C:   00000001  s_PSEG                          
C:   00000001  s_XSEG                          
C:   00000002  l_BSEG_BYTES                    
C:   00000003  l_GSFINAL                       
C:   00000003  l_GSINIT0                       
C:   00000006  l_ISEG                          
C:   00000006  l_OSEG                          
C:   00000008  l_REG_BANK_0                    
C:   00000008  s_REG_BANK_1                    
C:   0000000A  l_BSEG                          
C:   0000000A  l_GSINIT2                       
C:   00000010  s_REG_BANK_2                    
C:   00000011  s_OSEG                          
C:   00000017  s_ISEG                          
C:   00000018  s_BIT_BANK                      
C:   00000018  s_REG_BANK_3                    
C:   00000020  s_BSEG_BYTES                    
C:   00000020  s__CODE                         
C:   00000022  l_GSINIT3                       
C:   0000002A  l_GSINIT4                       
C:   0000004C  l_GSINIT                        
C:   00000050  l_XSEG                          
C:   00000051  l_HOME                          
C:   00000051  s_GSINIT0                       
ASxxxx Linker V03.00 + NoICE + sdld,  page 2.
Hexadecimal  [32-Bits]

Area                                    Addr        Size        Decimal Bytes (Attributes)
--------------------------------        ----        ----        ------- ----- ------------
CABS                                00000000    00000000 =           0. bytes (ABS,CON,CODE)

      Value  Global                              Global Defined In Module
      -----  --------------------------------   ------------------------
C:   00000051  s_XISEG                         
C:   00000054  s_GSINIT1                       
C:   00000054  s_GSINIT2                       
C:   0000005E  s_GSINIT3                       
C:   0000007D  l_DSEG                          
C:   0000007E  s_SSEG                          
C:   00000080  s_GSINIT4                       
C:   00000082  l_SSEG                          
C:   000000AA  s_GSINIT                        
C:   000000AA  s_GSINIT5                       
C:   000000F6  s_GSFINAL                       
C:   000000F9  s_CSEG                          
C:   00000100  l_IRAM                          
C:   00000192  l_CONST                         
C:   0000192B  l_CSEG                          
C:   00001A24  s_CONST                         
C:   00001BB6  s_XINIT                         

ASxxxx Linker V03.00 + NoICE + sdld,  page 3.
Hexadecimal  [32-Bits]

Area                                    Addr        Size        Decimal Bytes (Attributes)
--------------------------------        ----        ----        ------- ----- ------------
.  .ABS.                            00000000    00000000 =           0. bytes (ABS,CON)

      Value  Global                              Global Defined In Module
      -----  --------------------------------   ------------------------
     00000000  .__.ABS.                           _fsrshift
     00000080  G$P0$0$0                           check
     00000080  G$P0_0$0$0                         check
     00000080  _P0                                check
     00000080  _P0_0                              check
     00000081  G$P0_1$0$0                         check
     00000081  G$SP$0$0                           check
     00000081  _P0_1                              check
     00000081  _SP                                check
     00000082  G$DPL$0$0                          check
     00000082  G$P0_2$0$0                         check
     00000082  _DPL                               check
     00000082  _P0_2                              check
     00000083  G$BUS_SCL$0$0                      check
     00000083  G$DPH$0$0                          check
     00000083  G$P0_3$0$0                         check
     00000083  _BUS_SCL                           check
     00000083  _DPH                               check
     00000083  _P0_3                              check
     00000084  G$P0_4$0$0                         check
     00000084  G$P4$0$0                           check
     00000084  _P0_4                              check
     00000084  _P4                                check
     00000085  G$P0_5$0$0                         check
     00000085  G$P5$0$0                           check
     00000085  _P0_5                              check
     00000085  _P5                                check
     00000086  G$P0_6$0$0                         check
     00000086  G$P6$0$0                           check
     00000086  _P0_6                              check
     00000086  _P6                                check
     00000087  G$P0_7$0$0                         check
     00000087  G$PCON$0$0                         check
     00000087  _P0_7                              check
     00000087  _PCON                              check
     00000088  G$IT0$0$0                          check
     00000088  G$TCON$0$0                         check
     00000088  _IT0                               check
     00000088  _TCON                              check
     00000089  G$IE0$0$0                          check
     00000089  G$TMOD$0$0                         check
     00000089  _IE0                               check
     00000089  _TMOD                              check
     0000008A  G$IT1$0$0                          check
     0000008A  G$TL0$0$0                          check
     0000008A  _IT1                               check
     0000008A  _TL0                               check
     0000008B  G$IE1$0$0                          check
     0000008B  G$TL1$0$0                          check
     0000008B  _IE1                               check
ASxxxx Linker V03.00 + NoICE + sdld,  page 4.
Hexadecimal  [32-Bits]

Area                                    Addr        Size        Decimal Bytes (Attributes)
--------------------------------        ----        ----        ------- ----- ------------
.  .ABS.                            00000000    00000000 =           0. bytes (ABS,CON)

      Value  Global                              Global Defined In Module
      -----  --------------------------------   ------------------------
     0000008B  _TL1                               check
     0000008C  G$TH0$0$0                          check
     0000008C  G$TR0$0$0                          check
     0000008C  _TH0                               check
     0000008C  _TR0                               check
     0000008D  G$TF0$0$0                          check
     0000008D  G$TH1$0$0                          check
     0000008D  _TF0                               check
     0000008D  _TH1                               check
     0000008E  G$CKCON$0$0                        check
     0000008E  G$TR1$0$0                          check
     0000008E  _CKCON                             check
     0000008E  _TR1                               check
     0000008F  G$PSCTL$0$0                        check
     0000008F  G$TF1$0$0                          check
     0000008F  _PSCTL                             check
     0000008F  _TF1                               check
     00000090  G$P1$0$0                           check
     00000090  G$P1_0$0$0                         check
     00000090  _P1                                check
     00000090  _P1_0                              check
     00000091  G$P1_1$0$0                         check
     00000091  G$TMR3CN$0$0                       check
     00000091  _P1_1                              check
     00000091  _TMR3CN                            check
     00000092  G$P1_2$0$0                         check
     00000092  G$TMR3RLL$0$0                      check
     00000092  _P1_2                              check
     00000092  _TMR3RLL                           check
     00000093  G$P1_3$0$0                         check
     00000093  G$TMR3RLH$0$0                      check
     00000093  _P1_3                              check
     00000093  _TMR3RLH                           check
     00000094  G$P1_4$0$0                         check
     00000094  G$TMR3L$0$0                        check
     00000094  _P1_4                              check
     00000094  _TMR3L                             check
     00000095  G$P1_5$0$0                         check
     00000095  G$TMR3H$0$0                        check
     00000095  _P1_5                              check
     00000095  _TMR3H                             check
     00000096  G$P1_6$0$0                         check
     00000096  G$P7$0$0                           check
     00000096  _P1_6                              check
     00000096  _P7                                check
     00000097  G$P1_7$0$0                         check
     00000097  _P1_7                              check
     00000098  G$RI$0$0                           check
     00000098  G$RI0$0$0                          check
     00000098  G$SCON$0$0                         check
     00000098  G$SCON0$0$0                        check
ASxxxx Linker V03.00 + NoICE + sdld,  page 5.
Hexadecimal  [32-Bits]

Area                                    Addr        Size        Decimal Bytes (Attributes)
--------------------------------        ----        ----        ------- ----- ------------
.  .ABS.                            00000000    00000000 =           0. bytes (ABS,CON)

      Value  Global                              Global Defined In Module
      -----  --------------------------------   ------------------------
     00000098  _RI                                check
     00000098  _RI0                               check
     00000098  _SCON                              check
     00000098  _SCON0                             check
     00000099  G$SBUF$0$0                         check
     00000099  G$SBUF0$0$0                        check
     00000099  G$TI$0$0                           check
     00000099  G$TI0$0$0                          check
     00000099  _SBUF                              check
     00000099  _SBUF0                             check
     00000099  _TI                                check
     00000099  _TI0                               check
     0000009A  G$RB8$0$0                          check
     0000009A  G$RB80$0$0                         check
     0000009A  G$SPI0CFG$0$0                      check
     0000009A  _RB8                               check
     0000009A  _RB80                              check
     0000009A  _SPI0CFG                           check
     0000009B  G$SPI0DAT$0$0                      check
     0000009B  G$TB8$0$0                          check
     0000009B  G$TB80$0$0                         check
     0000009B  _SPI0DAT                           check
     0000009B  _TB8                               check
     0000009B  _TB80                              check
     0000009C  G$ADC1$0$0                         check
     0000009C  G$REN$0$0                          check
     0000009C  G$REN0$0$0                         check
     0000009C  _ADC1                              check
     0000009C  _REN                               check
     0000009C  _REN0                              check
     0000009D  G$MCE0$0$0                         check
     0000009D  G$SM2$0$0                          check
     0000009D  G$SM20$0$0                         check
     0000009D  G$SPI0CKR$0$0                      check
     0000009D  _MCE0                              check
     0000009D  _SM2                               check
     0000009D  _SM20                              check
     0000009D  _SPI0CKR                           check
     0000009E  G$CPT0CN$0$0                       check
     0000009E  G$SM1$0$0                          check
     0000009E  G$SM10$0$0                         check
     0000009E  _CPT0CN                            check
     0000009E  _SM1                               check
     0000009E  _SM10                              check
     0000009F  G$CPT1CN$0$0                       check
     0000009F  G$S0MODE$0$0                       check
     0000009F  G$SM0$0$0                          check
     0000009F  G$SM00$0$0                         check
     0000009F  _CPT1CN                            check
     0000009F  _S0MODE                            check
     0000009F  _SM0                               check
ASxxxx Linker V03.00 + NoICE + sdld,  page 6.
Hexadecimal  [32-Bits]

Area                                    Addr        Size        Decimal Bytes (Attributes)
--------------------------------        ----        ----        ------- ----- ------------
.  .ABS.                            00000000    00000000 =           0. bytes (ABS,CON)

      Value  Global                              Global Defined In Module
      -----  --------------------------------   ------------------------
     0000009F  _SM00                              check
     000000A0  G$P2$0$0                           check
     000000A0  G$P2_0$0$0                         check
     000000A0  _P2                                check
     000000A0  _P2_0                              check
     000000A1  G$EMI0TC$0$0                       check
     000000A1  G$P2_1$0$0                         check
     000000A1  _EMI0TC                            check
     000000A1  _P2_1                              check
     000000A2  G$P2_2$0$0                         check
     000000A2  _P2_2                              check
     000000A3  G$EMI0CF$0$0                       check
     000000A3  G$P2_3$0$0                         check
     000000A3  _EMI0CF                            check
     000000A3  _P2_3                              check
     000000A4  G$P0MDOUT$0$0                      check
     000000A4  G$P2_4$0$0                         check
     000000A4  G$PRT0CF$0$0                       check
     000000A4  _P0MDOUT                           check
     000000A4  _P2_4                              check
     000000A4  _PRT0CF                            check
     000000A5  G$P1MDOUT$0$0                      check
     000000A5  G$P2_5$0$0                         check
     000000A5  G$PRT1CF$0$0                       check
     000000A5  _P1MDOUT                           check
     000000A5  _P2_5                              check
     000000A5  _PRT1CF                            check
     000000A6  G$P2MDOUT$0$0                      check
     000000A6  G$P2_6$0$0                         check
     000000A6  G$PRT2CF$0$0                       check
     000000A6  _P2MDOUT                           check
     000000A6  _P2_6                              check
     000000A6  _PRT2CF                            check
     000000A7  G$P2_7$0$0                         check
     000000A7  G$P3MDOUT$0$0                      check
     000000A7  G$PRT3CF$0$0                       check
     000000A7  _P2_7                              check
     000000A7  _P3MDOUT                           check
     000000A7  _PRT3CF                            check
     000000A8  G$EX0$0$0                          check
     000000A8  G$IE$0$0                           check
     000000A8  _EX0                               check
     000000A8  _IE                                check
     000000A9  G$ET0$0$0                          check
     000000A9  G$SADDR0$0$0                       check
     000000A9  _ET0                               check
     000000A9  _SADDR0                            check
     000000AA  G$ADC1CN$0$0                       check
     000000AA  G$EX1$0$0                          check
     000000AA  _ADC1CN                            check
     000000AA  _EX1                               check
ASxxxx Linker V03.00 + NoICE + sdld,  page 7.
Hexadecimal  [32-Bits]

Area                                    Addr        Size        Decimal Bytes (Attributes)
--------------------------------        ----        ----        ------- ----- ------------
.  .ABS.                            00000000    00000000 =           0. bytes (ABS,CON)

      Value  Global                              Global Defined In Module
      -----  --------------------------------   ------------------------
     000000AB  G$ADC1CF$0$0                       check
     000000AB  G$ET1$0$0                          check
     000000AB  _ADC1CF                            check
     000000AB  _ET1                               check
     000000AC  G$AMX1SL$0$0                       check
     000000AC  G$ES$0$0                           check
     000000AC  G$ES0$0$0                          check
     000000AC  _AMX1SL                            check
     000000AC  _ES                                check
     000000AC  _ES0                               check
     000000AD  G$ET2$0$0                          check
     000000AD  G$P3IF$0$0                         check
     000000AD  _ET2                               check
     000000AD  _P3IF                              check
     000000AE  G$SADEN1$0$0                       check
     000000AE  _SADEN1                            check
     000000AF  G$EA$0$0                           check
     000000AF  G$EMI0CN$0$0                       check
     000000AF  G$_XPAGE$0$0                       check
     000000AF  _EA                                check
     000000AF  _EMI0CN                            check
     000000AF  __XPAGE                            check
     000000B0  G$P3$0$0                           check
     000000B0  G$P3_0$0$0                         check
     000000B0  G$Steering_Switch$0$0              check
     000000B0  _P3                                check
     000000B0  _P3_0                              check
     000000B0  _Steering_Switch                   check
     000000B1  G$Drive_Switch$0$0                 check
     000000B1  G$OSCXCN$0$0                       check
     000000B1  G$P3_1$0$0                         check
     000000B1  _Drive_Switch                      check
     000000B1  _OSCXCN                            check
     000000B1  _P3_1                              check
     000000B2  G$Enable_LCD$0$0                   check
     000000B2  G$OSCICN$0$0                       check
     000000B2  G$P3_2$0$0                         check
     000000B2  _Enable_LCD                        check
     000000B2  _OSCICN                            check
     000000B2  _P3_2                              check
     000000B3  G$Enable_HT$0$0                    check
     000000B3  G$P3_3$0$0                         check
     000000B3  _Enable_HT                         check
     000000B3  _P3_3                              check
     000000B4  G$Heading_Height$0$0               check
     000000B4  G$P3_4$0$0                         check
     000000B4  _Heading_Height                    check
     000000B4  _P3_4                              check
     000000B5  G$P3_5$0$0                         check
     000000B5  G$P74OUT$0$0                       check
     000000B5  G$Steering_GD$0$0                  check
ASxxxx Linker V03.00 + NoICE + sdld,  page 8.
Hexadecimal  [32-Bits]

Area                                    Addr        Size        Decimal Bytes (Attributes)
--------------------------------        ----        ----        ------- ----- ------------
.  .ABS.                            00000000    00000000 =           0. bytes (ABS,CON)

      Value  Global                              Global Defined In Module
      -----  --------------------------------   ------------------------
     000000B5  _P3_5                              check
     000000B5  _P74OUT                            check
     000000B5  _Steering_GD                       check
     000000B6  G$Drive_GD$0$0                     check
     000000B6  G$FLSCL$0$0                        check
     000000B6  G$P3_6$0$0                         check
     000000B6  _Drive_GD                          check
     000000B6  _FLSCL                             check
     000000B6  _P3_6                              check
     000000B7  G$Drive_Angle$0$0                  check
     000000B7  G$FLACL$0$0                        check
     000000B7  G$P3_7$0$0                         check
     000000B7  _Drive_Angle                       check
     000000B7  _FLACL                             check
     000000B7  _P3_7                              check
     000000B8  G$IP$0$0                           check
     000000B8  G$PX0$0$0                          check
     000000B8  _IP                                check
     000000B8  _PX0                               check
     000000B9  G$PT0$0$0                          check
     000000B9  G$SADEN0$0$0                       check
     000000B9  _PT0                               check
     000000B9  _SADEN0                            check
     000000BA  G$AMX0CF$0$0                       check
     000000BA  G$PX1$0$0                          check
     000000BA  _AMX0CF                            check
     000000BA  _PX1                               check
     000000BB  G$AMX0SL$0$0                       check
     000000BB  G$PT1$0$0                          check
     000000BB  _AMX0SL                            check
     000000BB  _PT1                               check
     000000BC  G$ADC0CF$0$0                       check
     000000BC  G$PS$0$0                           check
     000000BC  G$PS0$0$0                          check
     000000BC  _ADC0CF                            check
     000000BC  _PS                                check
     000000BC  _PS0                               check
     000000BD  G$P1MDIN$0$0                       check
     000000BD  G$PT2$0$0                          check
     000000BD  _P1MDIN                            check
     000000BD  _PT2                               check
     000000BE  G$ADC0L$0$0                        check
     000000BE  _ADC0L                             check
     000000BF  G$ADC0H$0$0                        check
     000000BF  _ADC0H                             check
     000000C0  G$BUS_TOE$0$0                      check
     000000C0  G$SMB0CN$0$0                       check
     000000C0  G$SMBTOE$0$0                       check
     000000C0  _BUS_TOE                           check
     000000C0  _SMB0CN                            check
     000000C0  _SMBTOE                            check
ASxxxx Linker V03.00 + NoICE + sdld,  page 9.
Hexadecimal  [32-Bits]

Area                                    Addr        Size        Decimal Bytes (Attributes)
--------------------------------        ----        ----        ------- ----- ------------
.  .ABS.                            00000000    00000000 =           0. bytes (ABS,CON)

      Value  Global                              Global Defined In Module
      -----  --------------------------------   ------------------------
     000000C1  G$BUS_FTE$0$0                      check
     000000C1  G$SMB0STA$0$0                      check
     000000C1  G$SMBFTE$0$0                       check
     000000C1  _BUS_FTE                           check
     000000C1  _SMB0STA                           check
     000000C1  _SMBFTE                            check
     000000C2  G$AA$0$0                           check
     000000C2  G$BUS_AA$0$0                       check
     000000C2  G$SMB0DAT$0$0                      check
     000000C2  _AA                                check
     000000C2  _BUS_AA                            check
     000000C2  _SMB0DAT                           check
     000000C3  G$BUS_INT$0$0                      check
     000000C3  G$SI$0$0                           check
     000000C3  G$SMB0ADR$0$0                      check
     000000C3  _BUS_INT                           check
     000000C3  _SI                                check
     000000C3  _SMB0ADR                           check
     000000C4  G$ADC0GTL$0$0                      check
     000000C4  G$BUS_STOP$0$0                     check
     000000C4  G$STO$0$0                          check
     000000C4  _ADC0GTL                           check
     000000C4  _BUS_STOP                          check
     000000C4  _STO                               check
     000000C5  G$ADC0GTH$0$0                      check
     000000C5  G$BUS_START$0$0                    check
     000000C5  G$STA$0$0                          check
     000000C5  _ADC0GTH                           check
     000000C5  _BUS_START                         check
     000000C5  _STA                               check
     000000C6  G$ADC0LTL$0$0                      check
     000000C6  G$BUS_EN$0$0                       check
     000000C6  G$ENSMB$0$0                        check
     000000C6  _ADC0LTL                           check
     000000C6  _BUS_EN                            check
     000000C6  _ENSMB                             check
     000000C7  G$ADC0LTH$0$0                      check
     000000C7  G$BUSY$0$0                         check
     000000C7  G$BUS_BUSY$0$0                     check
     000000C7  _ADC0LTH                           check
     000000C7  _BUSY                              check
     000000C7  _BUS_BUSY                          check
     000000C8  G$CPRL2$0$0                        check
     000000C8  G$T2CON$0$0                        check
     000000C8  _CPRL2                             check
     000000C8  _T2CON                             check
     000000C9  G$CT2$0$0                          check
     000000C9  G$T4CON$0$0                        check
     000000C9  _CT2                               check
     000000C9  _T4CON                             check
     000000CA  G$RCAP2L$0$0                       check
ASxxxx Linker V03.00 + NoICE + sdld,  page 10.
Hexadecimal  [32-Bits]

Area                                    Addr        Size        Decimal Bytes (Attributes)
--------------------------------        ----        ----        ------- ----- ------------
.  .ABS.                            00000000    00000000 =           0. bytes (ABS,CON)

      Value  Global                              Global Defined In Module
      -----  --------------------------------   ------------------------
     000000CA  G$TR2$0$0                          check
     000000CA  _RCAP2L                            check
     000000CA  _TR2                               check
     000000CB  G$EXEN2$0$0                        check
     000000CB  G$RCAP2H$0$0                       check
     000000CB  _EXEN2                             check
     000000CB  _RCAP2H                            check
     000000CC  G$TCLK$0$0                         check
     000000CC  G$TL2$0$0                          check
     000000CC  _TCLK                              check
     000000CC  _TL2                               check
     000000CD  G$RCLK$0$0                         check
     000000CD  G$TH2$0$0                          check
     000000CD  _RCLK                              check
     000000CD  _TH2                               check
     000000CE  G$EXF2$0$0                         check
     000000CE  _EXF2                              check
     000000CF  G$SMB0CR$0$0                       check
     000000CF  G$TF2$0$0                          check
     000000CF  _SMB0CR                            check
     000000CF  _TF2                               check
     000000D0  G$P$0$0                            check
     000000D0  G$PSW$0$0                          check
     000000D0  _P                                 check
     000000D0  _PSW                               check
     000000D1  G$F1$0$0                           check
     000000D1  G$REF0CN$0$0                       check
     000000D1  _F1                                check
     000000D1  _REF0CN                            check
     000000D2  G$DAC0L$0$0                        check
     000000D2  G$OV$0$0                           check
     000000D2  _DAC0L                             check
     000000D2  _OV                                check
     000000D3  G$DAC0H$0$0                        check
     000000D3  G$RS0$0$0                          check
     000000D3  _DAC0H                             check
     000000D3  _RS0                               check
     000000D4  G$DAC0CN$0$0                       check
     000000D4  G$RS1$0$0                          check
     000000D4  _DAC0CN                            check
     000000D4  _RS1                               check
     000000D5  G$DAC1L$0$0                        check
     000000D5  G$F0$0$0                           check
     000000D5  _DAC1L                             check
     000000D5  _F0                                check
     000000D6  G$AC$0$0                           check
     000000D6  G$DAC1H$0$0                        check
     000000D6  _AC                                check
     000000D6  _DAC1H                             check
     000000D7  G$CY$0$0                           check
     000000D7  G$DAC1CN$0$0                       check
ASxxxx Linker V03.00 + NoICE + sdld,  page 11.
Hexadecimal  [32-Bits]

Area                                    Addr        Size        Decimal Bytes (Attributes)
--------------------------------        ----        ----        ------- ----- ------------
.  .ABS.                            00000000    00000000 =           0. bytes (ABS,CON)

      Value  Global                              Global Defined In Module
      -----  --------------------------------   ------------------------
     000000D7  _CY                                check
     000000D7  _DAC1CN                            check
     000000D8  G$CCF0$0$0                         check
     000000D8  G$PCA0CN$0$0                       check
     000000D8  _CCF0                              check
     000000D8  _PCA0CN                            check
     000000D9  G$CCF1$0$0                         check
     000000D9  G$PCA0MD$0$0                       check
     000000D9  _CCF1                              check
     000000D9  _PCA0MD                            check
     000000DA  G$CCF2$0$0                         check
     000000DA  G$PCA0CPM0$0$0                     check
     000000DA  _CCF2                              check
     000000DA  _PCA0CPM0                          check
     000000DB  G$CCF3$0$0                         check
     000000DB  G$PCA0CPM1$0$0                     check
     000000DB  _CCF3                              check
     000000DB  _PCA0CPM1                          check
     000000DC  G$CCF4$0$0                         check
     000000DC  G$PCA0CPM2$0$0                     check
     000000DC  _CCF4                              check
     000000DC  _PCA0CPM2                          check
     000000DD  G$PCA0CPM3$0$0                     check
     000000DD  _PCA0CPM3                          check
     000000DE  G$CR$0$0                           check
     000000DE  G$PCA0CPM4$0$0                     check
     000000DE  _CR                                check
     000000DE  _PCA0CPM4                          check
     000000DF  G$CF$0$0                           check
     000000DF  _CF                                check
     000000E0  G$ACC$0$0                          check
     000000E0  _ACC                               check
     000000E1  G$XBR0$0$0                         check
     000000E1  _XBR0                              check
     000000E2  G$XBR1$0$0                         check
     000000E2  _XBR1                              check
     000000E3  G$XBR2$0$0                         check
     000000E3  _XBR2                              check
     000000E4  G$RCAP4L$0$0                       check
     000000E4  _RCAP4L                            check
     000000E5  G$RCAP4H$0$0                       check
     000000E5  _RCAP4H                            check
     000000E6  G$EIE1$0$0                         check
     000000E6  _EIE1                              check
     000000E7  G$EIE2$0$0                         check
     000000E7  _EIE2                              check
     000000E8  G$AD0LJST$0$0                      check
     000000E8  G$ADC0CN$0$0                       check
     000000E8  G$ADLJST$0$0                       check
     000000E8  _AD0LJST                           check
     000000E8  _ADC0CN                            check
ASxxxx Linker V03.00 + NoICE + sdld,  page 12.
Hexadecimal  [32-Bits]

Area                                    Addr        Size        Decimal Bytes (Attributes)
--------------------------------        ----        ----        ------- ----- ------------
.  .ABS.                            00000000    00000000 =           0. bytes (ABS,CON)

      Value  Global                              Global Defined In Module
      -----  --------------------------------   ------------------------
     000000E8  _ADLJST                            check
     000000E9  G$AD0WINT$0$0                      check
     000000E9  G$ADWINT$0$0                       check
     000000E9  G$PCA0L$0$0                        check
     000000E9  _AD0WINT                           check
     000000E9  _ADWINT                            check
     000000E9  _PCA0L                             check
     000000EA  G$AD0CM0$0$0                       check
     000000EA  G$ADSTM0$0$0                       check
     000000EA  G$PCA0CPL0$0$0                     check
     000000EA  _AD0CM0                            check
     000000EA  _ADSTM0                            check
     000000EA  _PCA0CPL0                          check
     000000EB  G$AD0CM1$0$0                       check
     000000EB  G$ADSTM1$0$0                       check
     000000EB  G$PCA0CPL1$0$0                     check
     000000EB  _AD0CM1                            check
     000000EB  _ADSTM1                            check
     000000EB  _PCA0CPL1                          check
     000000EC  G$AD0BUSY$0$0                      check
     000000EC  G$ADBUSY$0$0                       check
     000000EC  G$PCA0CPL2$0$0                     check
     000000EC  _AD0BUSY                           check
     000000EC  _ADBUSY                            check
     000000EC  _PCA0CPL2                          check
     000000ED  G$AD0INT$0$0                       check
     000000ED  G$ADCINT$0$0                       check
     000000ED  G$PCA0CPL3$0$0                     check
     000000ED  _AD0INT                            check
     000000ED  _ADCINT                            check
     000000ED  _PCA0CPL3                          check
     000000EE  G$AD0TM$0$0                        check
     000000EE  G$ADCTM$0$0                        check
     000000EE  G$PCA0CPL4$0$0                     check
     000000EE  _AD0TM                             check
     000000EE  _ADCTM                             check
     000000EE  _PCA0CPL4                          check
     000000EF  G$AD0EN$0$0                        check
     000000EF  G$ADCEN$0$0                        check
     000000EF  G$RSTSRC$0$0                       check
     000000EF  _AD0EN                             check
     000000EF  _ADCEN                             check
     000000EF  _RSTSRC                            check
     000000F0  G$B$0$0                            check
     000000F0  _B                                 check
     000000F1  G$SCON1$0$0                        check
     000000F1  _SCON1                             check
     000000F2  G$SBUF1$0$0                        check
     000000F2  _SBUF1                             check
     000000F3  G$SADDR1$0$0                       check
     000000F3  _SADDR1                            check
ASxxxx Linker V03.00 + NoICE + sdld,  page 13.
Hexadecimal  [32-Bits]

Area                                    Addr        Size        Decimal Bytes (Attributes)
--------------------------------        ----        ----        ------- ----- ------------
.  .ABS.                            00000000    00000000 =           0. bytes (ABS,CON)

      Value  Global                              Global Defined In Module
      -----  --------------------------------   ------------------------
     000000F4  G$TL4$0$0                          check
     000000F4  _TL4                               check
     000000F5  G$TH4$0$0                          check
     000000F5  _B_5                               _gptrget
     000000F5  _TH4                               check
     000000F6  G$EIP1$0$0                         check
     000000F6  _B_6                               _gptrget
     000000F6  _EIP1                              check
     000000F7  G$EIP2$0$0                         check
     000000F7  _B_7                               _gptrget
     000000F7  _EIP2                              check
     000000F8  G$SPI0CN$0$0                       check
     000000F8  G$SPIEN$0$0                        check
     000000F8  _SPI0CN                            check
     000000F8  _SPIEN                             check
     000000F9  G$MSTEN$0$0                        check
     000000F9  G$PCA0H$0$0                        check
     000000F9  _MSTEN                             check
     000000F9  _PCA0H                             check
     000000FA  G$PCA0CPH0$0$0                     check
     000000FA  G$SLVSEL$0$0                       check
     000000FA  _PCA0CPH0                          check
     000000FA  _SLVSEL                            check
     000000FB  G$PCA0CPH1$0$0                     check
     000000FB  G$TXBSY$0$0                        check
     000000FB  _PCA0CPH1                          check
     000000FB  _TXBSY                             check
     000000FC  G$PCA0CPH2$0$0                     check
     000000FC  G$RXOVRN$0$0                       check
     000000FC  _PCA0CPH2                          check
     000000FC  _RXOVRN                            check
     000000FD  G$MODF$0$0                         check
     000000FD  G$PCA0CPH3$0$0                     check
     000000FD  _MODF                              check
     000000FD  _PCA0CPH3                          check
     000000FE  G$PCA0CPH4$0$0                     check
     000000FE  G$WCOL$0$0                         check
     000000FE  _PCA0CPH4                          check
     000000FE  _WCOL                              check
     000000FF  G$SPIF$0$0                         check
     000000FF  G$WDTCN$0$0                        check
     000000FF  _SPIF                              check
     000000FF  _WDTCN                             check
     00008C8A  G$TMR0$0$0                         check
     00008C8A  _TMR0                              check
     00008D8B  G$TMR1$0$0                         check
     00008D8B  _TMR1                              check
     00009392  G$TMR3RL$0$0                       check
     00009392  _TMR3RL                            check
     00009594  G$TMR3$0$0                         check
     00009594  _TMR3                              check
ASxxxx Linker V03.00 + NoICE + sdld,  page 14.
Hexadecimal  [32-Bits]

Area                                    Addr        Size        Decimal Bytes (Attributes)
--------------------------------        ----        ----        ------- ----- ------------
.  .ABS.                            00000000    00000000 =           0. bytes (ABS,CON)

      Value  Global                              Global Defined In Module
      -----  --------------------------------   ------------------------
     0000BFBE  G$ADC0$0$0                         check
     0000BFBE  _ADC0                              check
     0000C5C4  G$ADC0GT$0$0                       check
     0000C5C4  _ADC0GT                            check
     0000C7C6  G$ADC0LT$0$0                       check
     0000C7C6  _ADC0LT                            check
     0000CBCA  G$RCAP2$0$0                        check
     0000CBCA  _RCAP2                             check
     0000CDCC  G$TMR2$0$0                         check
     0000CDCC  _TMR2                              check
     0000D3D2  G$DAC0$0$0                         check
     0000D3D2  _DAC0                              check
     0000D6D5  G$DAC1$0$0                         check
     0000D6D5  _DAC1                              check
     0000E5E4  G$RCAP4$0$0                        check
     0000E5E4  _RCAP4                             check
     0000F5F4  G$TMR4$0$0                         check
     0000F5F4  _TMR4                              check
     0000F9E9  G$PCA0$0$0                         check
     0000F9E9  _PCA0                              check
     0000FAEA  G$PCA0CP0$0$0                      check
     0000FAEA  _PCA0CP0                           check
     0000FBEB  G$PCA0CP1$0$0                      check
     0000FBEB  _PCA0CP1                           check
     0000FCEC  G$PCA0CP2$0$0                      check
     0000FCEC  _PCA0CP2                           check
     0000FDED  G$PCA0CP3$0$0                      check
     0000FDED  _PCA0CP3                           check
     0000FEEE  G$PCA0CP4$0$0                      check
     0000FEEE  _PCA0CP4                           check

ASxxxx Linker V03.00 + NoICE + sdld,  page 15.
Hexadecimal  [32-Bits]

Area                                    Addr        Size        Decimal Bytes (Attributes)
--------------------------------        ----        ----        ------- ----- ------------
BSEG_BYTES                          00000020    00000002 =           2. bytes (REL,CON)

      Value  Global                              Global Defined In Module
      -----  --------------------------------   ------------------------
ASxxxx Linker V03.00 + NoICE + sdld,  page 16.
Hexadecimal  [32-Bits]

Area                                    Addr        Size        Decimal Bytes (Attributes)
--------------------------------        ----        ----        ------- ----- ------------
REG_BANK_0                          00000000    00000008 =           8. bytes (REL,OVR)

      Value  Global                              Global Defined In Module
      -----  --------------------------------   ------------------------
ASxxxx Linker V03.00 + NoICE + sdld,  page 17.
Hexadecimal  [32-Bits]

Area                                    Addr        Size        Decimal Bytes (Attributes)
--------------------------------        ----        ----        ------- ----- ------------
DSEG                                00000000    0000007D =         125. bytes (REL,CON)

      Value  Global                              Global Defined In Module
      -----  --------------------------------   ------------------------
     00000008  _vsprintf_PARM_2                   sprintf
     0000000B  _vsprintf_PARM_3                   sprintf
     0000000F  _bp                                _bp
     00000010  _vprintf_PARM_2                    vprintf
     00000022  Lcheck.lcd_clear$NumBytes$1$77     check
     00000023  Lcheck.lcd_clear$Cmd$1$77          check
     00000025  Lcheck.read_keypad$Data$1$78       check
     00000027  Lcheck.i2c_write_data$start_reg$   check
     00000027  _i2c_write_data_PARM_2             check
     00000028  Lcheck.i2c_write_data$buffer$1$9   check
     00000028  _i2c_write_data_PARM_3             check
     0000002B  Lcheck.i2c_write_data$num_bytes$   check
     0000002B  _i2c_write_data_PARM_4             check
     0000002C  Lcheck.i2c_read_data$start_reg$1   check
     0000002C  _i2c_read_data_PARM_2              check
     0000002D  Lcheck.i2c_read_data$buffer$1$99   check
     0000002D  _i2c_read_data_PARM_3              check
     00000030  Lcheck.i2c_read_data$num_bytes$1   check
     00000030  _i2c_read_data_PARM_4              check
     00000031  Lcheck.Accel_Init$Data2$1$103      check
     00000032  G$MOTOR_PW$0$0                     check
     00000032  _MOTOR_PW                          check
     00000034  G$r_count$0$0                      check
     00000034  _r_count                           check
     00000035  G$new_range$0$0                    check
     00000035  _new_range                         check
     00000036  G$cmrange$0$0                      check
     00000036  _cmrange                           check
     00000038  G$neutral_range$0$0                check
     00000038  _neutral_range                     check
     00000039  G$ranger_kp$0$0                    check
     00000039  _ranger_kp                         check
     0000003B  G$ranger_kd$0$0                    check
     0000003B  _ranger_kd                         check
     0000003D  G$ranger_error$0$0                 check
     0000003D  _ranger_error                      check
     00000041  G$curr_err$0$0                     check
     00000041  _curr_err                          check
     00000045  G$SERVO_PW$0$0                     check
     00000045  _SERVO_PW                          check
     00000047  G$new_heading$0$0                  check
     00000047  _new_heading                       check
     00000048  G$h_count$0$0                      check
     00000048  _h_count                           check
     00000049  G$desired_heading$0$0              check
     00000049  _desired_heading                   check
     0000004B  G$current_heading$0$0              check
     0000004B  _current_heading                   check
     0000004D  G$compass_calibration$0$0          check
     0000004D  _compass_calibration               check
ASxxxx Linker V03.00 + NoICE + sdld,  page 18.
Hexadecimal  [32-Bits]

Area                                    Addr        Size        Decimal Bytes (Attributes)
--------------------------------        ----        ----        ------- ----- ------------
DSEG                                00000000    0000007D =         125. bytes (REL,CON)

      Value  Global                              Global Defined In Module
      -----  --------------------------------   ------------------------
     0000004F  G$steering_error$0$0               check
     0000004F  _steering_error                    check
     00000053  G$steering_pre_error$0$0           check
     00000053  _steering_pre_error                check
     00000057  G$steering_kp$0$0                  check
     00000057  _steering_kp                       check
     00000059  G$steering_kd$0$0                  check
     00000059  _steering_kd                       check
     0000005B  G$printcount$0$0                   check
     0000005B  _printcount                        check
     0000005C  G$Data$0$0                         check
     0000005C  _Data                              check
     00000061  G$adinput$0$0                      check
     00000061  _adinput                           check
     00000062  G$number$0$0                       check
     00000062  _number                            check
     00000070  __print_format_PARM_2              printf_large
     00000073  __print_format_PARM_3              printf_large
     00000076  __print_format_PARM_4              printf_large
ASxxxx Linker V03.00 + NoICE + sdld,  page 19.
Hexadecimal  [32-Bits]

Area                                    Addr        Size        Decimal Bytes (Attributes)
--------------------------------        ----        ----        ------- ----- ------------
OSEG                                00000011    00000006 =           6. bytes (REL,OVR)

      Value  Global                              Global Defined In Module
      -----  --------------------------------   ------------------------
     00000011  __gptrput_PARM_2                   _gptrput
     00000011  __mulint_PARM_2                    _mulint
     00000011  __mullong_PARM_2                   _mullong
ASxxxx Linker V03.00 + NoICE + sdld,  page 20.
Hexadecimal  [32-Bits]

Area                                    Addr        Size        Decimal Bytes (Attributes)
--------------------------------        ----        ----        ------- ----- ------------
ISEG                                00000017    00000006 =           6. bytes (REL,CON)

      Value  Global                              Global Defined In Module
      -----  --------------------------------   ------------------------
ASxxxx Linker V03.00 + NoICE + sdld,  page 21.
Hexadecimal  [32-Bits]

Area                                    Addr        Size        Decimal Bytes (Attributes)
--------------------------------        ----        ----        ------- ----- ------------
SSEG                                0000007E    00000082 =         130. bytes (REL,OVR)

      Value  Global                              Global Defined In Module
      -----  --------------------------------   ------------------------
     0000007E  __start__stack                     check

ASxxxx Linker V03.00 + NoICE + sdld,  page 22.
Hexadecimal  [32-Bits]

Area                                    Addr        Size        Decimal Bytes (Attributes)
--------------------------------        ----        ----        ------- ----- ------------
XSEG                                00000001    00000050 =          80. bytes (REL,CON,XDATA)

      Value  Global                              Global Defined In Module
      -----  --------------------------------   ------------------------
D:   00000001  Lcheck.lcd_print$text$1$73         check

ASxxxx Linker V03.00 + NoICE + sdld,  page 23.
Hexadecimal  [32-Bits]

Area                                    Addr        Size        Decimal Bytes (Attributes)
--------------------------------        ----        ----        ------- ----- ------------
HOME                                00000000    00000051 =          81. bytes (REL,CON,CODE)

      Value  Global                              Global Defined In Module
      -----  --------------------------------   ------------------------
C:   00000000  A$check$1142                       check
C:   00000003  A$check$1143                       check
C:   0000000B  A$check$1145                       check
C:   00000013  A$check$1147                       check
C:   0000001B  A$check$1149                       check
C:   00000023  A$check$1151                       check
C:   0000002B  A$check$1153                       check
C:   00000033  A$check$1155                       check
C:   0000003B  A$check$1157                       check
C:   00000043  A$check$1159                       check
C:   0000004B  A$check$1161                       check
C:   0000004E  A$check$1267                       check
C:   0000004E  __sdcc_program_startup             check

ASxxxx Linker V03.00 + NoICE + sdld,  page 24.
Hexadecimal  [32-Bits]

Area                                    Addr        Size        Decimal Bytes (Attributes)
--------------------------------        ----        ----        ------- ----- ------------
GSINIT0                             00000051    00000003 =           3. bytes (REL,CON,CODE)

      Value  Global                              Global Defined In Module
      -----  --------------------------------   ------------------------
C:   00000051  __sdcc_gsinit_startup              

ASxxxx Linker V03.00 + NoICE + sdld,  page 25.
Hexadecimal  [32-Bits]

Area                                    Addr        Size        Decimal Bytes (Attributes)
--------------------------------        ----        ----        ------- ----- ------------
GSINIT2                             00000054    0000000A =          10. bytes (REL,CON,CODE)

      Value  Global                              Global Defined In Module
      -----  --------------------------------   ------------------------
ASxxxx Linker V03.00 + NoICE + sdld,  page 26.
Hexadecimal  [32-Bits]

Area                                    Addr        Size        Decimal Bytes (Attributes)
--------------------------------        ----        ----        ------- ----- ------------
GSINIT3                             0000005E    00000022 =          34. bytes (REL,CON,CODE)

      Value  Global                              Global Defined In Module
      -----  --------------------------------   ------------------------
C:   0000005E  __mcs51_genXINIT                   

ASxxxx Linker V03.00 + NoICE + sdld,  page 27.
Hexadecimal  [32-Bits]

Area                                    Addr        Size        Decimal Bytes (Attributes)
--------------------------------        ----        ----        ------- ----- ------------
GSINIT4                             00000080    0000002A =          42. bytes (REL,CON,CODE)

      Value  Global                              Global Defined In Module
      -----  --------------------------------   ------------------------
C:   00000080  __mcs51_genRAMCLEAR                
C:   00000086  __mcs51_genXRAMCLEAR               

ASxxxx Linker V03.00 + NoICE + sdld,  page 28.
Hexadecimal  [32-Bits]

Area                                    Addr        Size        Decimal Bytes (Attributes)
--------------------------------        ----        ----        ------- ----- ------------
GSINIT                              000000AA    0000004C =          76. bytes (REL,CON,CODE)

      Value  Global                              Global Defined In Module
      -----  --------------------------------   ------------------------
C:   000000AA  A$check$1177                       check
C:   000000AA  C$check.c$55$1$178                 check
C:   000000AB  A$check$1178                       check
C:   000000AD  A$check$1179                       check
C:   000000AF  A$check$1183                       check
C:   000000AF  C$check.c$56$1$178                 check
C:   000000B1  A$check$1187                       check
C:   000000B1  C$check.c$57$1$178                 check
C:   000000B3  A$check$1190                       check
C:   000000B3  C$check.c$58$1$178                 check
C:   000000B5  A$check$1191                       check
C:   000000B7  A$check$1194                       check
C:   000000B7  C$check.c$59$1$178                 check
C:   000000BA  A$check$1197                       check
C:   000000BA  C$check.c$60$1$178                 check
C:   000000BD  A$check$1199                       check
C:   000000BF  A$check$1202                       check
C:   000000BF  C$check.c$61$1$178                 check
C:   000000C2  A$check$1204                       check
C:   000000C4  A$check$1207                       check
C:   000000C4  C$check.c$62$1$178                 check
C:   000000C6  A$check$1208                       check
C:   000000C8  A$check$1209                       check
C:   000000CA  A$check$1210                       check
C:   000000CC  A$check$1213                       check
C:   000000CC  C$check.c$63$1$178                 check
C:   000000CE  A$check$1214                       check
C:   000000D0  A$check$1215                       check
C:   000000D2  A$check$1216                       check
C:   000000D4  A$check$1219                       check
C:   000000D4  C$check.c$67$1$178                 check
C:   000000D6  A$check$1220                       check
C:   000000D8  A$check$1224                       check
C:   000000D8  C$check.c$68$1$178                 check
C:   000000DA  A$check$1228                       check
C:   000000DA  C$check.c$69$1$178                 check
C:   000000DC  A$check$1231                       check
C:   000000DC  C$check.c$70$1$178                 check
C:   000000DE  A$check$1232                       check
C:   000000E0  A$check$1235                       check
C:   000000E0  C$check.c$71$1$178                 check
C:   000000E2  A$check$1236                       check
C:   000000E4  A$check$1239                       check
C:   000000E4  C$check.c$72$1$178                 check
C:   000000E6  A$check$1240                       check
C:   000000E8  A$check$1243                       check
C:   000000E8  C$check.c$75$1$178                 check
C:   000000EB  A$check$1245                       check
C:   000000ED  A$check$1248                       check
C:   000000ED  C$check.c$76$1$178                 check
ASxxxx Linker V03.00 + NoICE + sdld,  page 29.
Hexadecimal  [32-Bits]

Area                                    Addr        Size        Decimal Bytes (Attributes)
--------------------------------        ----        ----        ------- ----- ------------
GSINIT                              000000AA    0000004C =          76. bytes (REL,CON,CODE)

      Value  Global                              Global Defined In Module
      -----  --------------------------------   ------------------------
C:   000000F0  A$check$1250                       check
C:   000000F2  A$check$1254                       check
C:   000000F2  C$check.c$80$1$178                 check
C:   000000F4  A$check$1258                       check
C:   000000F4  C$check.c$82$1$178                 check

ASxxxx Linker V03.00 + NoICE + sdld,  page 30.
Hexadecimal  [32-Bits]

Area                                    Addr        Size        Decimal Bytes (Attributes)
--------------------------------        ----        ----        ------- ----- ------------
GSFINAL                             000000F6    00000003 =           3. bytes (REL,CON,CODE)

      Value  Global                              Global Defined In Module
      -----  --------------------------------   ------------------------
C:   000000F6  A$check$1260                       check

ASxxxx Linker V03.00 + NoICE + sdld,  page 31.
Hexadecimal  [32-Bits]

Area                                    Addr        Size        Decimal Bytes (Attributes)
--------------------------------        ----        ----        ------- ----- ------------
CSEG                                000000F9    0000192B =        6443. bytes (REL,CON,CODE)

      Value  Global                              Global Defined In Module
      -----  --------------------------------   ------------------------
C:   000000F9  A$check$1295                       check
C:   000000F9  C$c8051_SDCC.h$42$0$0              check
C:   000000F9  C$c8051_SDCC.h$46$1$2              check
C:   000000F9  G$SYSCLK_Init$0$0                  check
C:   000000F9  _SYSCLK_Init                       check
C:   000000FC  A$check$1298                       check
C:   000000FC  C$c8051_SDCC.h$49$1$2              check
C:   000000FE  A$check$1299                       check
C:   00000100  A$check$1301                       check
C:   00000101  A$check$1302                       check
C:   00000104  A$check$1303                       check
C:   00000105  A$check$1305                       check
C:   00000106  A$check$1306                       check
C:   00000107  A$check$1307                       check
C:   00000109  A$check$1311                       check
C:   00000109  C$c8051_SDCC.h$51$1$2              check
C:   0000010B  A$check$1312                       check
C:   0000010E  A$check$1315                       check
C:   0000010E  C$c8051_SDCC.h$53$1$2              check
C:   00000111  A$check$1318                       check
C:   00000111  C$c8051_SDCC.h$56$1$2              check
C:   00000111  XG$SYSCLK_Init$0$0                 check
C:   00000112  A$check$1331                       check
C:   00000112  C$c8051_SDCC.h$64$1$2              check
C:   00000112  C$c8051_SDCC.h$66$1$4              check
C:   00000112  G$UART0_Init$0$0                   check
C:   00000112  _UART0_Init                        check
C:   00000115  A$check$1334                       check
C:   00000115  C$c8051_SDCC.h$67$1$4              check
C:   00000118  A$check$1337                       check
C:   00000118  C$c8051_SDCC.h$68$1$4              check
C:   0000011B  A$check$1340                       check
C:   0000011B  C$c8051_SDCC.h$69$1$4              check
C:   0000011D  A$check$1343                       check
C:   0000011D  C$c8051_SDCC.h$70$1$4              check
C:   00000120  A$check$1346                       check
C:   00000120  C$c8051_SDCC.h$71$1$4              check
C:   00000123  A$check$1349                       check
C:   00000123  C$c8051_SDCC.h$73$1$4              check
C:   00000125  A$check$1352                       check
C:   00000125  C$c8051_SDCC.h$74$1$4              check
C:   00000128  A$check$1355                       check
C:   00000128  C$c8051_SDCC.h$75$1$4              check
C:   00000128  XG$UART0_Init$0$0                  check
C:   00000129  A$check$1368                       check
C:   00000129  C$c8051_SDCC.h$83$1$4              check
C:   00000129  C$c8051_SDCC.h$85$1$6              check
C:   00000129  G$Sys_Init$0$0                     check
C:   00000129  _Sys_Init                          check
C:   0000012C  A$check$1371                       check
ASxxxx Linker V03.00 + NoICE + sdld,  page 32.
Hexadecimal  [32-Bits]

Area                                    Addr        Size        Decimal Bytes (Attributes)
--------------------------------        ----        ----        ------- ----- ------------
CSEG                                000000F9    0000192B =        6443. bytes (REL,CON,CODE)

      Value  Global                              Global Defined In Module
      -----  --------------------------------   ------------------------
C:   0000012C  C$c8051_SDCC.h$86$1$6              check
C:   0000012F  A$check$1374                       check
C:   0000012F  C$c8051_SDCC.h$88$1$6              check
C:   00000132  A$check$1377                       check
C:   00000132  C$c8051_SDCC.h$89$1$6              check
C:   00000135  A$check$1380                       check
C:   00000135  C$c8051_SDCC.h$91$1$6              check
C:   00000138  A$check$1383                       check
C:   00000138  C$c8051_SDCC.h$92$1$6              check
C:   0000013B  A$check$1386                       check
C:   0000013B  C$c8051_SDCC.h$93$1$6              check
C:   0000013B  XG$Sys_Init$0$0                    check
C:   0000013C  A$check$1399                       check
C:   0000013C  C$c8051_SDCC.h$98$1$6              check
C:   0000013C  G$putchar$0$0                      check
C:   0000013C  _putchar                           check
C:   0000013E  A$check$1405                       check
C:   0000013E  C$c8051_SDCC.h$100$1$8             check
C:   0000013E  C$c8051_SDCC.h$101$1$8             check
C:   00000141  A$check$1406                       check
C:   00000143  A$check$1410                       check
C:   00000143  C$c8051_SDCC.h$102$1$8             check
C:   00000145  A$check$1413                       check
C:   00000145  C$c8051_SDCC.h$103$1$8             check
C:   00000145  XG$putchar$0$0                     check
C:   00000146  A$check$1431                       check
C:   00000146  C$c8051_SDCC.h$108$1$8             check
C:   00000146  C$c8051_SDCC.h$111$1$10            check
C:   00000146  C$c8051_SDCC.h$112$1$10            check
C:   00000146  G$getchar$0$0                      check
C:   00000149  A$check$1432                       check
C:   0000014B  A$check$1436                       check
C:   0000014B  C$c8051_SDCC.h$113$1$10            check
C:   0000014E  A$check$1439                       check
C:   0000014E  C$c8051_SDCC.h$114$1$10            check
C:   00000151  A$check$1442                       check
C:   00000151  C$c8051_SDCC.h$115$1$10            check
C:   00000154  A$check$1445                       check
C:   00000154  C$c8051_SDCC.h$116$1$10            check
C:   00000154  XG$getchar$0$0                     check
C:   00000155  A$check$1462                       check
C:   00000155  C$i2c.h$81$1$10                    check
C:   00000155  G$lcd_print$0$0                    check
C:   00000155  _lcd_print                         check
C:   00000157  A$check$1463                       check
C:   0000015A  A$check$1466                       check
C:   0000015A  C$i2c.h$87$1$73                    check
C:   0000015C  A$check$1467                       check
C:   0000015E  A$check$1468                       check
C:   0000015F  A$check$1469                       check
C:   00000161  A$check$1470                       check
ASxxxx Linker V03.00 + NoICE + sdld,  page 33.
Hexadecimal  [32-Bits]

Area                                    Addr        Size        Decimal Bytes (Attributes)
--------------------------------        ----        ----        ------- ----- ------------
CSEG                                000000F9    0000192B =        6443. bytes (REL,CON,CODE)

      Value  Global                              Global Defined In Module
      -----  --------------------------------   ------------------------
C:   00000162  A$check$1471                       check
C:   00000164  A$check$1472                       check
C:   00000165  A$check$1473                       check
C:   00000167  A$check$1474                       check
C:   0000016A  A$check$1475                       check
C:   0000016C  A$check$1476                       check
C:   0000016F  A$check$1477                       check
C:   00000171  A$check$1478                       check
C:   00000173  A$check$1479                       check
C:   00000175  A$check$1483                       check
C:   00000175  C$i2c.h$89$2$74                    check
C:   00000177  A$check$1484                       check
C:   00000179  A$check$1485                       check
C:   0000017A  A$check$1486                       check
C:   0000017C  A$check$1489                       check
C:   0000017C  C$i2c.h$90$1$73                    check
C:   0000017E  A$check$1490                       check
C:   00000180  A$check$1491                       check
C:   00000181  A$check$1492                       check
C:   00000183  A$check$1493                       check
C:   00000184  A$check$1494                       check
C:   00000186  A$check$1495                       check
C:   00000187  A$check$1496                       check
C:   00000189  A$check$1497                       check
C:   0000018C  A$check$1498                       check
C:   0000018F  A$check$1499                       check
C:   00000192  A$check$1502                       check
C:   00000192  C$i2c.h$93$1$73                    check
C:   00000195  A$check$1503                       check
C:   00000198  A$check$1504                       check
C:   0000019B  A$check$1505                       check
C:   0000019D  A$check$1508                       check
C:   0000019F  A$check$1510                       check
C:   000001A0  A$check$1511                       check
C:   000001A1  A$check$1512                       check
C:   000001A2  A$check$1513                       check
C:   000001A4  A$check$1516                       check
C:   000001A4  C$i2c.h$96$2$76                    check
C:   000001A5  A$check$1517                       check
C:   000001A7  A$check$1518                       check
C:   000001A9  A$check$1519                       check
C:   000001AA  A$check$1520                       check
C:   000001AC  A$check$1521                       check
C:   000001AE  A$check$1522                       check
C:   000001AF  A$check$1523                       check
C:   000001B0  A$check$1524                       check
C:   000001B3  A$check$1525                       check
C:   000001B4  A$check$1526                       check
C:   000001B6  A$check$1527                       check
C:   000001B8  A$check$1528                       check
C:   000001B9  A$check$1529                       check
ASxxxx Linker V03.00 + NoICE + sdld,  page 34.
Hexadecimal  [32-Bits]

Area                                    Addr        Size        Decimal Bytes (Attributes)
--------------------------------        ----        ----        ------- ----- ------------
CSEG                                000000F9    0000192B =        6443. bytes (REL,CON,CODE)

      Value  Global                              Global Defined In Module
      -----  --------------------------------   ------------------------
C:   000001BB  A$check$1530                       check
C:   000001BD  A$check$1531                       check
C:   000001BF  A$check$1532                       check
C:   000001C0  A$check$1536                       check
C:   000001C0  C$i2c.h$94$1$73                    check
C:   000001C1  A$check$1537                       check
C:   000001C3  A$check$1541                       check
C:   000001C3  C$i2c.h$99$1$73                    check
C:   000001C6  A$check$1542                       check
C:   000001C9  A$check$1543                       check
C:   000001CC  A$check$1544                       check
C:   000001CF  A$check$1545                       check
C:   000001D1  A$check$1546                       check
C:   000001D4  A$check$1547                       check
C:   000001D7  A$check$1549                       check
C:   000001D9  A$check$1552                       check
C:   000001D9  C$i2c.h$100$1$73                   check
C:   000001D9  XG$lcd_print$0$0                   check
C:   000001DA  A$check$1568                       check
C:   000001DA  C$i2c.h$103$1$73                   check
C:   000001DA  C$i2c.h$105$1$73                   check
C:   000001DA  G$lcd_clear$0$0                    check
C:   000001DA  _lcd_clear                         check
C:   000001DD  A$check$1572                       check
C:   000001DD  C$i2c.h$107$1$77                   check
C:   000001DF  A$check$1573                       check
C:   000001E1  A$check$1574                       check
C:   000001E3  A$check$1575                       check
C:   000001E6  A$check$1576                       check
C:   000001E9  A$check$1577                       check
C:   000001EC  A$check$1578                       check
C:   000001EF  A$check$1579                       check
C:   000001F2  A$check$1580                       check
C:   000001F5  A$check$1581                       check
C:   000001F8  A$check$1582                       check
C:   000001FA  A$check$1586                       check
C:   000001FA  C$i2c.h$109$1$77                   check
C:   000001FD  A$check$1589                       check
C:   000001FD  C$i2c.h$110$1$77                   check
C:   00000200  A$check$1590                       check
C:   00000203  A$check$1591                       check
C:   00000206  A$check$1592                       check
C:   00000209  A$check$1593                       check
C:   0000020C  A$check$1594                       check
C:   0000020F  A$check$1595                       check
C:   00000212  A$check$1598                       check
C:   00000212  C$i2c.h$111$1$77                   check
C:   00000212  XG$lcd_clear$0$0                   check
C:   00000213  A$check$1614                       check
C:   00000213  C$i2c.h$114$1$77                   check
C:   00000213  C$i2c.h$118$1$78                   check
ASxxxx Linker V03.00 + NoICE + sdld,  page 35.
Hexadecimal  [32-Bits]

Area                                    Addr        Size        Decimal Bytes (Attributes)
--------------------------------        ----        ----        ------- ----- ------------
CSEG                                000000F9    0000192B =        6443. bytes (REL,CON,CODE)

      Value  Global                              Global Defined In Module
      -----  --------------------------------   ------------------------
C:   00000213  G$read_keypad$0$0                  check
C:   00000213  _read_keypad                       check
C:   00000216  A$check$1615                       check
C:   00000219  A$check$1616                       check
C:   0000021C  A$check$1617                       check
C:   0000021F  A$check$1618                       check
C:   00000222  A$check$1619                       check
C:   00000225  A$check$1620                       check
C:   00000228  A$check$1623                       check
C:   00000228  C$i2c.h$119$1$78                   check
C:   0000022A  A$check$1624                       check
C:   0000022D  A$check$1625                       check
C:   00000230  A$check$1626                       check
C:   00000232  A$check$1630                       check
C:   00000234  A$check$1631                       check
C:   00000236  A$check$1635                       check
C:   00000236  C$i2c.h$123$2$79                   check
C:   00000238  A$check$1636                       check
C:   0000023A  A$check$1637                       check
C:   0000023C  A$check$1638                       check
C:   0000023E  A$check$1639                       check
C:   00000240  A$check$1641                       check
C:   00000241  A$check$1642                       check
C:   00000242  A$check$1643                       check
C:   00000243  A$check$1644                       check
C:   00000244  A$check$1645                       check
C:   00000245  A$check$1646                       check
C:   00000246  A$check$1648                       check
C:   00000249  A$check$1649                       check
C:   0000024B  A$check$1650                       check
C:   0000024D  A$check$1651                       check
C:   0000024E  A$check$1652                       check
C:   00000250  A$check$1653                       check
C:   00000251  A$check$1654                       check
C:   00000253  A$check$1655                       check
C:   00000254  A$check$1656                       check
C:   00000255  A$check$1657                       check
C:   00000257  A$check$1660                       check
C:   00000257  C$i2c.h$124$2$79                   check
C:   00000259  A$check$1661                       check
C:   0000025A  A$check$1662                       check
C:   0000025C  A$check$1663                       check
C:   0000025E  A$check$1667                       check
C:   0000025E  C$i2c.h$121$1$78                   check
C:   0000025F  A$check$1668                       check
C:   00000261  A$check$1669                       check
C:   00000264  A$check$1671                       check
C:   00000266  A$check$1674                       check
C:   00000266  C$i2c.h$127$1$78                   check
C:   00000268  A$check$1675                       check
C:   0000026B  A$check$1676                       check
ASxxxx Linker V03.00 + NoICE + sdld,  page 36.
Hexadecimal  [32-Bits]

Area                                    Addr        Size        Decimal Bytes (Attributes)
--------------------------------        ----        ----        ------- ----- ------------
CSEG                                000000F9    0000192B =        6443. bytes (REL,CON,CODE)

      Value  Global                              Global Defined In Module
      -----  --------------------------------   ------------------------
C:   0000026E  A$check$1677                       check
C:   00000270  A$check$1681                       check
C:   00000270  C$i2c.h$129$1$78                   check
C:   00000272  A$check$1682                       check
C:   00000275  A$check$1683                       check
C:   00000278  A$check$1684                       check
C:   0000027A  A$check$1688                       check
C:   0000027A  C$i2c.h$131$1$78                   check
C:   0000027C  A$check$1689                       check
C:   0000027F  A$check$1690                       check
C:   00000282  A$check$1691                       check
C:   00000284  A$check$1695                       check
C:   00000284  C$i2c.h$133$1$78                   check
C:   00000286  A$check$1696                       check
C:   00000289  A$check$1697                       check
C:   0000028C  A$check$1698                       check
C:   0000028E  A$check$1702                       check
C:   0000028E  C$i2c.h$135$1$78                   check
C:   00000291  A$check$1706                       check
C:   00000291  C$i2c.h$136$1$78                   check
C:   00000291  XG$read_keypad$0$0                 check
C:   00000292  A$check$1722                       check
C:   00000292  C$i2c.h$148$1$78                   check
C:   00000292  G$kpd_input$0$0                    check
C:   00000292  _kpd_input                         check
C:   00000294  A$check$1727                       check
C:   00000294  C$i2c.h$153$1$81                   check
C:   00000294  C$i2c.h$156$1$81                   check
C:   00000295  A$check$1728                       check
C:   00000296  A$check$1729                       check
C:   00000297  A$check$1730                       check
C:   00000298  A$check$1731                       check
C:   0000029A  A$check$1732                       check
C:   0000029C  A$check$1733                       check
C:   0000029E  A$check$1734                       check
C:   000002A0  A$check$1735                       check
C:   000002A2  A$check$1736                       check
C:   000002A4  A$check$1737                       check
C:   000002A6  A$check$1738                       check
C:   000002A8  A$check$1739                       check
C:   000002AA  A$check$1740                       check
C:   000002AD  A$check$1741                       check
C:   000002AF  A$check$1742                       check
C:   000002B1  A$check$1743                       check
C:   000002B3  A$check$1744                       check
C:   000002B5  A$check$1745                       check
C:   000002B7  A$check$1749                       check
C:   000002B7  C$i2c.h$158$1$81                   check
C:   000002B9  A$check$1750                       check
C:   000002BB  A$check$1751                       check
C:   000002BD  A$check$1752                       check
ASxxxx Linker V03.00 + NoICE + sdld,  page 37.
Hexadecimal  [32-Bits]

Area                                    Addr        Size        Decimal Bytes (Attributes)
--------------------------------        ----        ----        ------- ----- ------------
CSEG                                000000F9    0000192B =        6443. bytes (REL,CON,CODE)

      Value  Global                              Global Defined In Module
      -----  --------------------------------   ------------------------
C:   000002BF  A$check$1753                       check
C:   000002C0  A$check$1754                       check
C:   000002C2  A$check$1755                       check
[...]
C:   00000DE8  A$check$4122                       check
C:   00000DEA  A$check$4123                       check
C:   00000DEC  A$check$4124                       check
C:   00000DEE  A$check$4125                       check
C:   00000DF0  A$check$4126                       check
C:   00000DF3  A$check$4127                       check
C:   00000DF5  A$check$4128                       check
C:   00000DF7  A$check$4129                       check
C:   00000DF9  A$check$4132                       check
C:   00000DF9  C$check.c$395$2$180                check
C:   00000DFC  A$check$4135                       check
C:   00000DFC  C$check.c$396$2$180                check
C:   00000DFF  A$check$4136                       check
C:   00000E02  A$check$4139                       check
C:   00000E02  C$check.c$397$2$180                check
C:   00000E05  A$check$4142                       check
C:   00000E05  C$check.c$398$2$180                check
C:   00000E07  A$check$4143                       check
C:   00000E09  A$check$4144                       check
C:   00000E0B  A$check$4145                       check
C:   00000E0D  A$check$4146                       check
C:   00000E0F  A$check$4147                       check
C:   00000E11  A$check$4148                       check
C:   00000E14  A$check$4149                       check
ASxxxx Linker V03.00 + NoICE + sdld,  page 73.
Hexadecimal  [32-Bits]

Area                                    Addr        Size        Decimal Bytes (Attributes)
--------------------------------        ----        ----        ------- ----- ------------
CSEG                                000000F9    0000192B =        6443. bytes (REL,CON,CODE)

      Value  Global                              Global Defined In Module
      -----  --------------------------------   ------------------------
C:   00000E16  A$check$4150                       check
C:   00000E18  A$check$4151                       check
C:   00000E1A  A$check$4154                       check
C:   00000E1A  C$check.c$399$2$180                check
C:   00000E1D  A$check$4157                       check
C:   00000E1D  C$check.c$400$2$180                check
C:   00000E20  A$check$4158                       check
C:   00000E23  A$check$4162                       check
C:   00000E23  C$check.c$402$1$178                check
C:   00000E26  A$check$4165                       check
C:   00000E26  C$check.c$403$2$181                check
C:   00000E29  A$check$4168                       check
C:   00000E29  C$check.c$404$2$181                check
C:   00000E2B  A$check$4169                       check
C:   00000E2D  A$check$4170                       check
C:   00000E2F  A$check$4171                       check
C:   00000E31  A$check$4172                       check
C:   00000E33  A$check$4173                       check
C:   00000E35  A$check$4174                       check
C:   00000E38  A$check$4175                       check
C:   00000E3A  A$check$4176                       check
C:   00000E3C  A$check$4177                       check
C:   00000E3E  A$check$4180                       check
C:   00000E3E  C$check.c$405$2$181                check
C:   00000E41  A$check$4183                       check
C:   00000E41  C$check.c$406$2$181                check
C:   00000E44  A$check$4184                       check
C:   00000E47  A$check$4187                       check
C:   00000E47  C$check.c$407$2$181                check
C:   00000E4A  A$check$4190                       check
C:   00000E4A  C$check.c$408$2$181                check
C:   00000E4C  A$check$4191                       check
C:   00000E4E  A$check$4192                       check
C:   00000E50  A$check$4193                       check
C:   00000E52  A$check$4194                       check
C:   00000E54  A$check$4195                       check
C:   00000E56  A$check$4196                       check
C:   00000E59  A$check$4197                       check
C:   00000E5B  A$check$4198                       check
C:   00000E5D  A$check$4199                       check
C:   00000E5F  A$check$4202                       check
C:   00000E5F  C$check.c$409$2$181                check
C:   00000E62  A$check$4205                       check
C:   00000E62  C$check.c$410$2$181                check
C:   00000E65  A$check$4206                       check
C:   00000E68  A$check$4210                       check
C:   00000E68  C$check.c$412$1$178                check
C:   00000E6B  A$check$4211                       check
C:   00000E6E  A$check$4215                       check
C:   00000E6E  C$check.c$413$2$178                check
C:   00000E70  A$check$4216                       check
ASxxxx Linker V03.00 + NoICE + sdld,  page 74.
Hexadecimal  [32-Bits]

Area                                    Addr        Size        Decimal Bytes (Attributes)
--------------------------------        ----        ----        ------- ----- ------------
CSEG                                000000F9    0000192B =        6443. bytes (REL,CON,CODE)

      Value  Global                              Global Defined In Module
      -----  --------------------------------   ------------------------
C:   00000E72  A$check$4219                       check
C:   00000E72  C$check.c$414$2$178                check
C:   00000E74  A$check$4222                       check
C:   00000E74  C$check.c$415$2$182                check
C:   00000E76  A$check$4223                       check
C:   00000E78  A$check$4224                       check
C:   00000E7A  A$check$4225                       check
C:   00000E7D  A$check$4228                       check
C:   00000E7D  C$check.c$416$2$182                check
C:   00000E7F  A$check$4229                       check
C:   00000E81  A$check$4230                       check
C:   00000E83  A$check$4231                       check
C:   00000E85  A$check$4232                       check
C:   00000E87  A$check$4233                       check
C:   00000E89  A$check$4234                       check
C:   00000E8C  A$check$4235                       check
C:   00000E8E  A$check$4236                       check
C:   00000E90  A$check$4237                       check
C:   00000E92  A$check$4240                       check
C:   00000E92  C$check.c$417$2$182                check
C:   00000E94  A$check$4241                       check
C:   00000E96  A$check$4242                       check
C:   00000E98  A$check$4243                       check
C:   00000E9A  A$check$4244                       check
C:   00000E9C  A$check$4245                       check
C:   00000E9E  A$check$4246                       check
C:   00000EA1  A$check$4247                       check
C:   00000EA3  A$check$4248                       check
C:   00000EA5  A$check$4249                       check
C:   00000EA7  A$check$4250                       check
C:   00000EA9  A$check$4251                       check
C:   00000EAB  A$check$4252                       check
C:   00000EAD  A$check$4256                       check
C:   00000EAD  C$check.c$418$2$182                check
C:   00000EAE  A$check$4257                       check
C:   00000EB0  A$check$4258                       check
C:   00000EB3  A$check$4262                       check
C:   00000EB3  C$check.c$419$3$183                check
C:   00000EB5  A$check$4263                       check
C:   00000EB7  A$check$4264                       check
C:   00000EB9  A$check$4265                       check
C:   00000EBC  A$check$4266                       check
C:   00000EBE  A$check$4267                       check
C:   00000EC0  A$check$4268                       check
C:   00000EC2  A$check$4269                       check
C:   00000EC4  A$check$4270                       check
C:   00000EC7  A$check$4273                       check
C:   00000EC7  C$check.c$420$3$183                check
C:   00000EC8  A$check$4274                       check
C:   00000ECB  A$check$4275                       check
C:   00000ECC  A$check$4280                       check
ASxxxx Linker V03.00 + NoICE + sdld,  page 75.
Hexadecimal  [32-Bits]

Area                                    Addr        Size        Decimal Bytes (Attributes)
--------------------------------        ----        ----        ------- ----- ------------
CSEG                                000000F9    0000192B =        6443. bytes (REL,CON,CODE)

      Value  Global                              Global Defined In Module
      -----  --------------------------------   ------------------------
C:   00000ECC  C$check.c$421$3$183                check
C:   00000ECE  A$check$4281                       check
C:   00000ED0  A$check$4282                       check
C:   00000ED2  A$check$4283                       check
C:   00000ED5  A$check$4284                       check
C:   00000ED7  A$check$4285                       check
C:   00000ED9  A$check$4286                       check
C:   00000EDB  A$check$4287                       check
C:   00000EDD  A$check$4288                       check
C:   00000EE0  A$check$4291                       check
C:   00000EE0  C$check.c$422$3$183                check
C:   00000EE1  A$check$4292                       check
C:   00000EE4  A$check$4293                       check
C:   00000EE5  A$check$4298                       check
C:   00000EE5  C$check.c$423$3$183                check
C:   00000EE7  A$check$4299                       check
C:   00000EE9  A$check$4300                       check
C:   00000EEB  A$check$4301                       check
C:   00000EEE  A$check$4302                       check
C:   00000EF0  A$check$4303                       check
C:   00000EF2  A$check$4304                       check
C:   00000EF4  A$check$4305                       check
C:   00000EF6  A$check$4306                       check
C:   00000EF9  A$check$4309                       check
C:   00000EF9  C$check.c$424$3$183                check
C:   00000EFB  A$check$4313                       check
C:   00000EFB  C$check.c$425$3$183                check
C:   00000EFC  A$check$4314                       check
C:   00000EFD  A$check$4315                       check
C:   00000EFF  A$check$4316                       check
C:   00000F00  A$check$4317                       check
C:   00000F02  A$check$4318                       check
C:   00000F04  A$check$4319                       check
C:   00000F06  A$check$4322                       check
C:   00000F06  C$check.c$426$3$183                check
C:   00000F08  A$check$4323                       check
C:   00000F0A  A$check$4324                       check
C:   00000F0C  A$check$4328                       check
C:   00000F0C  C$check.c$427$3$183                check
C:   00000F0D  A$check$4329                       check
C:   00000F0F  A$check$4330                       check
C:   00000F10  A$check$4331                       check
C:   00000F12  A$check$4332                       check
C:   00000F14  A$check$4333                       check
C:   00000F17  A$check$4334                       check
C:   00000F19  A$check$4335                       check
C:   00000F1B  A$check$4338                       check
C:   00000F1B  C$check.c$428$3$183                check
C:   00000F1D  A$check$4339                       check
C:   00000F1F  A$check$4343                       check
C:   00000F1F  C$check.c$429$3$183                check
ASxxxx Linker V03.00 + NoICE + sdld,  page 76.
Hexadecimal  [32-Bits]

Area                                    Addr        Size        Decimal Bytes (Attributes)
--------------------------------        ----        ----        ------- ----- ------------
CSEG                                000000F9    0000192B =        6443. bytes (REL,CON,CODE)

      Value  Global                              Global Defined In Module
      -----  --------------------------------   ------------------------
C:   00000F21  A$check$4344                       check
C:   00000F23  A$check$4345                       check
C:   00000F24  A$check$4346                       check
C:   00000F25  A$check$4347                       check
C:   00000F27  A$check$4350                       check
C:   00000F27  C$check.c$430$3$183                check
C:   00000F29  A$check$4351                       check
C:   00000F2B  A$check$4352                       check
C:   00000F2D  A$check$4353                       check
C:   00000F2E  A$check$4354                       check
C:   00000F2F  A$check$4355                       check
C:   00000F30  A$check$4356                       check
C:   00000F32  A$check$4357                       check
C:   00000F33  A$check$4358                       check
C:   00000F34  A$check$4359                       check
C:   00000F36  A$check$4360                       check
C:   00000F39  A$check$4364                       check
C:   00000F39  C$check.c$434$1$178                check
C:   00000F39  XG$set_variable$0$0                check
C:   00000F3A  __gptrput                          _gptrput
C:   00000F55  ___fslt                            _fslt
C:   00000F85  __mulint                           _mulint
C:   00000F85  __mulint_dummy                     _mulint
C:   00001012  _vsprintf                          sprintf
C:   0000104F  _sprintf                           sprintf
C:   0000109D  __mullong                          _mullong
C:   0000109D  __mullong_dummy                    _mullong
C:   0000110B  fs_compare_uint32                  _fscmp
C:   00001129  fs_check_negative_zeros            _fscmp
C:   0000115F  _vprintf                           vprintf
C:   00001178  _printf                            vprintf
C:   0000124A  __print_format                     printf_large
C:   00001754  _strlen                            _strlen
C:   0000176C  ___schar2fs                        _schar2fs
C:   00001777  ___fsdiv                           _fsdiv
C:   0000183A  ___fs2schar                        _fs2schar
C:   00001877  __gptrget                          _gptrget
C:   00001893  ___slong2fs                        _slong2fs
C:   0000189C  slong2fs_doit                      _slong2fs
C:   000018C0  fsgetargs                          _fsget2args
C:   000018EE  fs_normalize_a                     _fsnormalize
C:   00001921  ___fs2slong                        _fs2slong
C:   0000197C  __sdcc_external_startup            _startup
C:   00001980  fsgetarg                           _fsget1arg
C:   00001992  fs_round_and_return                _fsreturnval
C:   000019AA  fs_zerocheck_return                _fsreturnval
C:   000019B3  fs_return_zero                     _fsreturnval
C:   000019BB  fs_direct_return                   _fsreturnval
C:   000019C9  fs_return_inf                      _fsreturnval
C:   000019D6  fs_return_nan                      _fsreturnval
C:   000019E1  fs_rshift_a                        _fsrshift

ASxxxx Linker V03.00 + NoICE + sdld,  page 77.
Hexadecimal  [32-Bits]

Area                                    Addr        Size        Decimal Bytes (Attributes)
--------------------------------        ----        ----        ------- ----- ------------
CONST                               00001A24    00000192 =         402. bytes (REL,CON,CODE)

      Value  Global                              Global Defined In Module
      -----  --------------------------------   ------------------------
C:   00001A24  Fcheck$__str_0$0$0                 check
C:   00001A3A  Fcheck$__str_1$0$0                 check
C:   00001A4A  Fcheck$__str_2$0$0                 check
C:   00001A4D  Fcheck$__str_3$0$0                 check
C:   00001A53  Fcheck$__str_4$0$0                 check
C:   00001A60  Fcheck$__str_5$0$0                 check
C:   00001A6D  Fcheck$__str_6$0$0                 check
C:   00001A7A  Fcheck$__str_7$0$0                 check
C:   00001A87  Fcheck$__str_8$0$0                 check
C:   00001A98  Fcheck$__str_9$0$0                 check
C:   00001AB2  Fcheck$__str_10$0$0                check
C:   00001ABF  Fcheck$__str_11$0$0                check
C:   00001AE9  Fcheck$__str_12$0$0                check
C:   00001AFA  Fcheck$__str_13$0$0                check
C:   00001B11  Fcheck$__str_14$0$0                check
C:   00001B15  Fcheck$__str_15$0$0                check
C:   00001B2B  Fcheck$__str_16$0$0                check
C:   00001B3E  Fcheck$__str_17$0$0                check
C:   00001B51  Fcheck$__str_18$0$0                check
C:   00001B62  Fcheck$__str_19$0$0                check
C:   00001B73  Fcheck$__str_20$0$0                check
C:   00001B97  Fcheck$__str_21$0$0                check

ASxxxx Linker V03.00 + NoICE + sdld,  page 78.

Files Linked                              [ module(s) ]

C:\SiLabs\Lab6\check.rel                  [  ]


Libraries Linked                          [ object file ]

C:\Program Files (x86)\SDCC\bin\..\lib\small/mcs51.lib
                                          [ crtclear.rel ]
C:\Program Files (x86)\SDCC\bin\..\lib\small/mcs51.lib
                                          [ crtxinit.rel ]
C:\Program Files (x86)\SDCC\bin\..\lib\small/libsdcc.lib
                                          [ _gptrput.rel ]
C:\Program Files (x86)\SDCC\bin\..\lib\small/libfloat.lib
                                          [ _fslt.rel ]
C:\Program Files (x86)\SDCC\bin\..\lib\small/libint.lib
                                          [ _mulint.rel ]
C:\Program Files (x86)\SDCC\bin\..\lib\small/libsdcc.lib
                                          [ sprintf.rel ]
C:\Program Files (x86)\SDCC\bin\..\lib\small/liblong.lib
                                          [ _mullong.rel ]
C:\Program Files (x86)\SDCC\bin\..\lib\small/mcs51.lib
                                          [ crtxclear.rel ]
C:\Program Files (x86)\SDCC\bin\..\lib\small/libfloat.lib
                                          [ _fscmp.rel ]
C:\Program Files (x86)\SDCC\bin\..\lib\small/libsdcc.lib
                                          [ _bp.rel ]
C:\Program Files (x86)\SDCC\bin\..\lib\small/libsdcc.lib
                                          [ vprintf.rel ]
C:\Program Files (x86)\SDCC\bin\..\lib\small/libsdcc.lib
                                          [ printf_large.rel ]
C:\Program Files (x86)\SDCC\bin\..\lib\small/libsdcc.lib
                                          [ _strlen.rel ]
C:\Program Files (x86)\SDCC\bin\..\lib\small/libfloat.lib
                                          [ _schar2fs.rel ]
C:\Program Files (x86)\SDCC\bin\..\lib\small/libfloat.lib
                                          [ _fsdiv.rel ]
C:\Program Files (x86)\SDCC\bin\..\lib\small/libfloat.lib
                                          [ _fs2schar.rel ]
C:\Program Files (x86)\SDCC\bin\..\lib\small/mcs51.lib
                                          [ crtstart.rel ]
C:\Program Files (x86)\SDCC\bin\..\lib\small/libsdcc.lib
                                          [ _gptrget.rel ]
C:\Program Files (x86)\SDCC\bin\..\lib\small/libfloat.lib
                                          [ _slong2fs.rel ]
C:\Program Files (x86)\SDCC\bin\..\lib\small/libfloat.lib
                                          [ _fsget2args.rel ]
C:\Program Files (x86)\SDCC\bin\..\lib\small/libfloat.lib
                                          [ _fsnormalize.rel ]
C:\Program Files (x86)\SDCC\bin\..\lib\small/libfloat.lib
                                          [ _fs2slong.rel ]
C:\Program Files (x86)\SDCC\bin\..\lib\small/libsdcc.lib
                                          [ _startup.rel ]
C:\Program Files (x86)\SDCC\bin\..\lib\small/libfloat.lib
                                          [ _fsget1arg.rel ]
C:\Program Files (x86)\SDCC\bin\..\lib\small/libfloat.lib
                                          [ _fsreturnval.rel ]
C:\Program Files (x86)\SDCC\bin\..\lib\small/libfloat.lib
                                          [ _fsrshift.rel ]

ASxxxx Linker V03.00 + NoICE + sdld,  page 79.

User Base Address Definitions

HOME = 0x0000
XSEG = 0x0001
PSEG = 0x0001
ISEG = 0x0000
BSEG = 0x0000

